Worker 4 ready on uc2n604.localdomain: PYRO:obj_3d102261e4ed4dcb8e34b6733f956fac@uc2n604.localdomain:42645
[optimize] dtOO build FAILED (worker 4):
es 13 13)
Info    : 8-| Splitting those edges and trying again - level 8
Debug   : Recovering 10 model edges
Debug   : Edge 353 355 has to be recovered
Debug   : Edge 364 367 has to be recovered
Debug   : edge 364 367 on model edge 13 cannot be recovered because it intersects 362 366 on model edge 13
Debug   : Recovering 368 mesh edges (2 not recovered)
Info    : :-( There are 2 intersections in the 1D mesh (curves 13 13)
Info    : 8-| Splitting those edges and trying again - level 9
Debug   : Recovering 10 model edges
Debug   : Edge 353 355 has to be recovered
Debug   : Edge 369 367 has to be recovered
Debug   : edge 369 367 on model edge 13 cannot be recovered because it intersects 366 368 on model edge 13
Debug   : Recovering 370 mesh edges (2 not recovered)
Info    : :-( There are 2 intersections in the 1D mesh (curves 13 13)
Info    : 8-| Splitting those edges and trying again - level 10
Debug   : Type 23 0 triangles generated, 0 internal nodes
Info    : Meshing surface 7 (Parametric surface, MeshAdapt)
Debug   : Recovering 4 model edges
Debug   : Recovering 181 mesh edges (0 not recovered)
Debug   : Boundary edges recovered for surface 7
Debug   : Computing mesh size field at mesh nodes 181
Debug   : Delaunizing the initial mesh
Debug   : Starting to add internal nodes
Debug   :  iter   1 minL    0.032/   0.700 maxL   10.402/   1.400 -- Small/Large/Total (   339/  1071/  2129):    671 splits,    374 swaps,     81 collapses,   1277 moves
Debug   :  iter   2 minL    0.042/   0.700 maxL    4.554/   1.400 -- Small/Large/Total (   756/   572/  3533):   1076 splits,    825 swaps,    608 collapses,   3474 moves
Debug   :  iter   3 minL    0.058/   0.700 maxL    2.378/   1.400 -- Small/Large/Total (   537/    89/  3257):    608 splits,    627 swaps,    700 collapses,   2869 moves
Debug   :  iter   4 minL    0.420/   0.700 maxL    1.905/   1.400 -- Small/Large/Total (   127/    13/  2801):     95 splits,    162 swaps,    247 collapses,   1219 moves
Debug   :  iter   5 minL    0.497/   0.700 maxL    1.866/   1.400 -- Small/Large/Total (   100/     6/  2792):     16 splits,     15 swaps,     19 collapses,    468 moves
Debug   :  iter   6 minL    0.497/   0.700 maxL    1.436/   1.400 -- Small/Large/Total (    99/     2/  2789):      6 splits,      5 swaps,      7 collapses,    256 moves
Debug   :  iter   7 minL    0.497/   0.700 maxL    1.460/   1.400 -- Small/Large/Total (    95/     5/  2771):      2 splits,      0 swaps,      8 collapses,    188 moves
Debug   :  iter   8 minL    0.497/   0.700 maxL    1.393/   1.400 -- Small/Large/Total (    88/     0/  2762):      6 splits,      0 swaps,      9 collapses,    144 moves
Debug   :  iter   9 minL    0.497/   0.700 maxL    1.393/   1.400 -- Small/Large/Total (    86/     0/  2762):      0 splits,      0 swaps,      0 collapses,     78 moves
Debug   :  ---------------------------------------
Debug   :  CPU Report 
Debug   :  ---------------------------------------
Debug   :  CPU SWAP     1.42430E-02 sec (  0 %)
Debug   :  CPU SPLIT    9.21951E-01 sec (  4 %) 
Debug   :  CPU COLLAPS  2.60118E+00 sec ( 11 %) 
Debug   :  CPU SMOOTH   1.94440E+01 sec ( 85 %) 
Debug   :  ---------------------------------------
Debug   :  CPU TOTAL    2.29813E+01 sec 
Debug   :  ---------------------------------------
Debug   :  iter   1 minL    0.497/   0.700 maxL    1.393/   1.400 -- Small/Large/Total (    86/     0/  2762):      0 splits,      0 swaps,      0 collapses,     55 moves
Debug   :  ---------------------------------------
Debug   :  CPU Report 
Debug   :  ---------------------------------------
Debug   :  CPU SWAP     1.15800E-03 sec (  0 %)
Debug   :  CPU SPLIT    2.04963E-01 sec ( 14 %) 
Debug   :  CPU COLLAPS  1.01731E-01 sec (  7 %) 
Debug   :  CPU SMOOTH   1.12776E+00 sec ( 79 %) 
Debug   :  ---------------------------------------
Debug   :  CPU TOTAL    1.43561E+00 sec 
Debug   :  ---------------------------------------
Debug   : Type 23 1781 triangles generated, 801 internal nodes
Info    : Meshing surface 8 (Parametric surface, MeshAdapt)
Debug   : Recovering 4 model edges
Debug   : Edge 84 90 has to be recovered
Debug   : edge 84 90 on model edge 13 cannot be recovered because it intersects 10 11 on model edge 13
Debug   : edge 84 90 on model edge 13 cannot be recovered because it intersects 75 77 on model edge 13
Debug   : edge 84 90 on model edge 13 cannot be recovered because it intersects 91 93 on model edge 13
Debug   : edge 84 90 on model edge 13 cannot be recovered because it intersects 86 91 on model edge 13
Debug   : Recovering 94 mesh edges (5 not recovered)
Info    : :-( There are 5 intersections in the 1D mesh (curves 13 13 13 13 13)
Info    : 8-| Splitting those edges and trying again - level 0
Debug   : Recovering 4 model edges
Debug   : Edge 90 92 has to be recovered
Debug   : edge 90 92 on model edge 13 cannot be recovered because it intersects 91 98 on model edge 13
Debug   : Recovering 99 mesh edges (2 not recovered)
Info    : :-( There are 2 intersections in the 1D mesh (curves 13 13)
Info    : 8-| Splitting those edges and trying again - level 1
Warning : Impossible to recover edge 4024 4024 (error tag -1)
Warning : Impossible to recover edge 3215 3215 (error tag -3)
Debug   : Recovering 4 model edges
Debug   : Edge 99 92 has to be recovered
Debug   : edge 99 92 on model edge 13 cannot be recovered because it intersects 93 98 on model edge 13
Debug   : edge 99 92 on model edge 13 cannot be recovered because it intersects 98 100 on model edge 13
Debug   : Recovering 101 mesh edges (3 not recovered)
Info    : :-( There are 3 intersections in the 1D mesh (curves 13 13 13)
Info    : 8-| Splitting those edges and trying again - level 2
Warning : Impossible to recover edge 4026 4026 (error tag -1)
Warning : Impossible to recover edge 3215 3215 (error tag -3)
Warning : Impossible to recover edge 4025 4025 (error tag -1)
Debug   : Recovering 4 model edges
Debug   : Edge 99 101 has to be recovered
Debug   : edge 99 101 on model edge 13 cannot be recovered because it intersects 98 103 on model edge 13
Debug   : edge 99 101 on model edge 13 cannot be recovered because it intersects 98 102 on model edge 13
Debug   : edge 99 101 on model edge 13 cannot be recovered because it intersects 88 92 on model edge 13
Debug   : Recovering 104 mesh edges (4 not recovered)
Info    : :-( There are 4 intersections in the 1D mesh (curves 13 13 13 13)
Info    : 8-| Splitting those edges and trying again - level 3
Warning : Impossible to recover edge 3214 3214 (error tag -1)
Warning : Impossible to recover edge 4032 4032 (error tag -1)
Warning : Impossible to recover edge 4026 4026 (error tag -1)
Warning : Impossible to recover edge 3215 3215 (error tag -3)
Warning : Impossible to recover edge 4025 4025 (error tag -1)
Warning : Impossible to recover edge 4023 4023 (error tag -3)
Warning : Impossible to recover edge 4027 4027 (error tag -1)
Debug   : Recovering 4 model edges
Debug   : Edge 90 99 has to be recovered
Debug   : edge 90 99 cannot be recovered at all
Error   : Unable to recover the edge 9325 (12/52) on curve 13 (on surface 8)
[dtoo] loaded 30 design parameters from /scratch/slurm_tmpdir/job_6026481/worker_4/design.json
[dtoo] applied 30 parameter overrides
[dtoo] plugin ru_adjustDomain applied
[dtoo] makeGrid on ruWithRounding_mechMesh ...
Traceback (most recent call last):
  File "/pfs/work9/workspace/scratch/st_ac136362-eigenfreq/eigenfrequencies/turbine_runner/dtoo_export.py", line 113, in <module>
    main()
    ~~~~^^
  File "/pfs/work9/workspace/scratch/st_ac136362-eigenfreq/eigenfrequencies/turbine_runner/dtoo_export.py", line 104, in main
    bV.get(MECH_VOLUME).makeGrid()
    ~~~~~~~~~~~~~~~~~~~~~~~~~~~~^^
  File "/home/st/st_us-042020/st_ac136362/dtOO/install/tools/dtOOPythonSWIG.py", line 6017, in makeGrid
    return _dtOOPythonSWIG.boundedVolume_makeGrid(self)
           ~~~~~~~~~~~~~~~~~~~~~~~~~~~~~~~~~~~~~~^^^^^^
Exception: Unable to recover the edge 9325 (12/52) on curve 13 (on surface 8)

