Worker 20 ready on uc2n602.localdomain: PYRO:obj_ff6622e575cb44dc8c99388adcf5a37a@uc2n602.localdomain:39743
[optimize] dtOO build FAILED (worker 20):
:analyticFunction*>&, dtOO::labeledVectorHandling<dtOO::analyticGeometry*>&, dtOO::labeledVectorHandling<dtOO::boundedVolume*>&, dtOO::labeledVectorHandling<dtOO::dtCase*>&, dtOO::labeledVectorHandling<dtOO::dtPlugin*>&) const + 541
[ 24  ]     0x149dea01cea8 /home/st/st_us-042020/st_ac136362/dtOO/install/tools/_dtOOPythonSWIG.so(+0x32cea8) [0x149dea01cea8]
[ 25  ]     0x149df8deb58a /opt/bwhpc/common/devel/python/3.13.3_gnu_14.2/lib64/libpython3.13.so.1.0(+0x1aa58a) [0x149df8deb58a]
[ 26  ]     0x149df8dc18a0 _PyObject_MakeTpCall + 320
[ 27  ]     0x149df8dd4ddd _PyEval_EvalFrameDefault + 15949
[ 28  ]     0x149df8e5ed5c PyEval_EvalCode + 172
[ 29  ]     0x149df8e9867c /opt/bwhpc/common/devel/python/3.13.3_gnu_14.2/lib64/libpython3.13.so.1.0(+0x25767c) [0x149df8e9867c]
[ 30  ]     0x149df8e95f16 /opt/bwhpc/common/devel/python/3.13.3_gnu_14.2/lib64/libpython3.13.so.1.0(+0x254f16) [0x149df8e95f16]
[ 31  ]     0x149df8e939e5 /opt/bwhpc/common/devel/python/3.13.3_gnu_14.2/lib64/libpython3.13.so.1.0(+0x2529e5) [0x149df8e939e5]
[ 32  ]     0x149df8e92d53 /opt/bwhpc/common/devel/python/3.13.3_gnu_14.2/lib64/libpython3.13.so.1.0(+0x251d53) [0x149df8e92d53]
[ 33  ]     0x149df8e92b6a /opt/bwhpc/common/devel/python/3.13.3_gnu_14.2/lib64/libpython3.13.so.1.0(+0x251b6a) [0x149df8e92b6a]
[ 34  ]     0x149df8e90f99 Py_RunMain + 985
[ 35  ]     0x149df8e4d66b Py_BytesMain + 59
[ 36  ]     0x149df8a295d0 /lib64/libc.so.6(+0x295d0) [0x149df8a295d0]
[ 37  ]     0x149df8a29680 __libc_start_main + 128
[ 38  ]     0x5558aeadd095 _start + 37


Honor thy error as a hidden intention. (Brian Eno)

[optimize] dtOO build FAILED (worker 20):
:analyticFunction*>&, dtOO::labeledVectorHandling<dtOO::analyticGeometry*>&, dtOO::labeledVectorHandling<dtOO::boundedVolume*>&, dtOO::labeledVectorHandling<dtOO::dtCase*>&, dtOO::labeledVectorHandling<dtOO::dtPlugin*>&) const + 541
[ 24  ]     0x14699b71cea8 /home/st/st_us-042020/st_ac136362/dtOO/install/tools/_dtOOPythonSWIG.so(+0x32cea8) [0x14699b71cea8]
[ 25  ]     0x1469aa57858a /opt/bwhpc/common/devel/python/3.13.3_gnu_14.2/lib64/libpython3.13.so.1.0(+0x1aa58a) [0x1469aa57858a]
[ 26  ]     0x1469aa54e8a0 _PyObject_MakeTpCall + 320
[ 27  ]     0x1469aa561ddd _PyEval_EvalFrameDefault + 15949
[ 28  ]     0x1469aa5ebd5c PyEval_EvalCode + 172
[ 29  ]     0x1469aa62567c /opt/bwhpc/common/devel/python/3.13.3_gnu_14.2/lib64/libpython3.13.so.1.0(+0x25767c) [0x1469aa62567c]
[ 30  ]     0x1469aa622f16 /opt/bwhpc/common/devel/python/3.13.3_gnu_14.2/lib64/libpython3.13.so.1.0(+0x254f16) [0x1469aa622f16]
[ 31  ]     0x1469aa6209e5 /opt/bwhpc/common/devel/python/3.13.3_gnu_14.2/lib64/libpython3.13.so.1.0(+0x2529e5) [0x1469aa6209e5]
[ 32  ]     0x1469aa61fd53 /opt/bwhpc/common/devel/python/3.13.3_gnu_14.2/lib64/libpython3.13.so.1.0(+0x251d53) [0x1469aa61fd53]
[ 33  ]     0x1469aa61fb6a /opt/bwhpc/common/devel/python/3.13.3_gnu_14.2/lib64/libpython3.13.so.1.0(+0x251b6a) [0x1469aa61fb6a]
[ 34  ]     0x1469aa61df99 Py_RunMain + 985
[ 35  ]     0x1469aa5da66b Py_BytesMain + 59
[ 36  ]     0x1469aa0295d0 /lib64/libc.so.6(+0x295d0) [0x1469aa0295d0]
[ 37  ]     0x1469aa029680 __libc_start_main + 128
[ 38  ]     0x56192a859095 _start + 37


Honor thy error as a hidden intention. (Brian Eno)

