Worker 16 ready on uc2n601.localdomain: PYRO:obj_97843febbac946caae524efc5aa57391@uc2n601.localdomain:36977
[optimize] dtOO build FAILED (worker 16):
bash: Agent: command not found
bash: Agent: command not found
bash: Agent: command not found
OpenFoam-v2412 is unloaded 

Don't forget to initialize OpenFOAM with:

	source $FOAM_INIT

or simply:

	foamInit

Warning : Gmsh has aleady been initialized
Warning : Gmsh has aleady been initialized
Warning : Gmsh has aleady been initialized
Warning : Gmsh has aleady been initialized
Warning : Gmsh has aleady been initialized
Warning : Gmsh has aleady been initialized
Warning : Gmsh has aleady been initialized
Warning : Gmsh has aleady been initialized
Warning : Gmsh has aleady been initialized
Warning : Gmsh has aleady been initialized
Warning : Gmsh has aleady been initialized
Warning : Gmsh has aleady been initialized
Warning : Gmsh has aleady been initialized
Warning : Gmsh has aleady been initialized
Warning : Gmsh has aleady been initialized
Warning : Gmsh has aleady been initialized
[dtoo] loaded 30 design parameters from /scratch/slurm_tmpdir/job_6038582/worker_16/design.json
[dtoo] applied 30 parameter overrides
Traceback (most recent call last):
  File "/pfs/work9/workspace/scratch/st_ac136362-eigenfreq/eigenfrequencies/turbine_runner/dtoo_export.py", line 113, in <module>
    main()
    ~~~~^^
  File "/pfs/work9/workspace/scratch/st_ac136362-eigenfreq/eigenfrequencies/turbine_runner/dtoo_export.py", line 93, in main
    parser.destroyAndCreate(bC, cV, aF, aG, bV, dC, dP)
    ~~~~~~~~~~~~~~~~~~~~~~~^^^^^^^^^^^^^^^^^^^^^^^^^^^^
  File "/home/st/st_us-042020/st_ac136362/dtOO/install/tools/dtOOPythonSWIG.py", line 22262, in destroyAndCreate
    return _dtOOPythonSWIG.dtXmlParser_destroyAndCreate(self, bC, cV, aF, aG, bV, dC, pL)
           ~~~~~~~~~~~~~~~~~~~~~~~~~~~~~~~~~~~~~~~~~~~~^^^^^^^^^^^^^^^^^^^^^^^^^^^^^^^^^^
Exception: [ map2dTo3d::reparamOnFace() ]
*-> file '/home/st/st_us-042020/st_ac136362/dtOO/src/geometryKernel/analyticGeometryHeaven/map2dTo3d.cpp'
*-> line '250'

condition: !md.converged() is true.

Backtrace
[ 1   ]     0x14962a4ee654 /home/st/st_us-042020/st_ac136362/dtOO/install/lib/libdtOO.so.2(+0x2b9654) [0x14962a4ee654]
[ 2   ]     0x14962a8a4f2d dtOO::dtGmshFace::setMap2dTo3d(dtOO::map2dTo3d const*) + 285
[ 3   ]     0x14962a8bdffb dtOO::dtGmshModel::addIfFaceToGmshModel(dtOO::map2dTo3d const*, int*, std::__cxx11::list<GEdge*, std::allocator<GEdge*> > const&, std::vector<int, std::allocator<int> > const&) + 907
[ 4   ]     0x14962a8be696 dtOO::dtGmshModel::addIfFaceToGmshModel(dtOO::map2dTo3d const*, int*) + 934
[ 5   ]     0x14962a8beb34 dtOO::dtGmshModel::addIfRegionToGmshModel(dtOO::map3dTo3d const*, int*) + 612
[ 6   ]     0x14962a998d4f dtOO::map3dTo3dGmsh::jInit(dtOO::jsonPrimitive const&, dtOO::baseContainer*, dtOO::labeledVectorHandling<dtOO::constValue*> const*, dtOO::labeledVectorHandling<dtOO::analyticFunction*> const*, dtOO::labeledVectorHandling<dtOO::analyticGeometry*> const*, dtOO::labeledVectorHandling<dtOO::boundedVolume*> const*) + 191
[ 7   ]     0x14962a99914a dtOO::map3dTo3dGmsh::init(QDomElement const&, dtOO::baseContainer*, dtOO::labeledVectorHandling<dtOO::constValue*> const*, dtOO::labeledVectorHandling<dtOO::analyticFunction*> const*, dtOO::labeledVectorHandling<dtOO::analyticGeometry*> const*, dtOO::labeledVectorHandling<dtOO::boundedVolume*> const*) + 906
[ 8   ]     0x14962a6e881e dtOO::dtXmlParser::createBoundedVolume(std::__cxx11::basic_string<char, std::char_traits<char>, std::allocator<char> >, dtOO::baseContainer*, dtOO::labeledVectorHandling<dtOO::constValue*> const*, dtOO::labeledVectorHandling<dtOO::analyticFunction*> const*, dtOO::labeledVectorHandling<dtOO::analyticGeometry*> const*, dtOO::labeledVectorHandling<dtOO::boundedVolume*>*) const + 430
[ 9   ]     0x14962a6e896a dtOO::dtXmlParser::createBoundedVolume(dtOO::baseContainer*, dtOO::labeledVectorHandling<dtOO::constValue*> const*, dtOO::labeledVectorHandling<dtOO::analyticFunction*> const*, dtOO::labeledVectorHandling<dtOO::analyticGeometry*> const*, dtOO::labeledVectorHandling<dtOO::boundedVolume*>*) const + 234
[ 10  ]     0x14962a6f263d dtOO::dtXmlParser::destroyAndCreate(dtOO::baseContainer&, dtOO::labeledVectorHandling<dtOO::constValue*>&, dtOO::labeledVectorHandling<dtOO::analyticFunction*>&, dtOO::labeledVectorHandling<dtOO::analyticGeometry*>&, dtOO::labeledVectorHandling<dtOO::boundedVolume*>&, dtOO::labeledVectorHandling<dtOO::dtCase*>&, dtOO::labeledVectorHandling<dtOO::dtPlugin*>&) const + 541
[ 11  ]     0x14962af1cea8 /home/st/st_us-042020/st_ac136362/dtOO/install/tools/_dtOOPythonSWIG.so(+0x32cea8) [0x14962af1cea8]
[ 12  ]     0x149639d2a58a /opt/bwhpc/common/devel/python/3.13.3_gnu_14.2/lib64/libpython3.13.so.1.0(+0x1aa58a) [0x149639d2a58a]
[ 13  ]     0x149639d008a0 _PyObject_MakeTpCall + 320
[ 14  ]     0x149639d13ddd _PyEval_EvalFrameDefault + 15949
[ 15  ]     0x149639d9dd5c PyEval_EvalCode + 172
[ 16  ]     0x149639dd767c /opt/bwhpc/common/devel/python/3.13.3_gnu_14.2/lib64/libpython3.13.so.1.0(+0x25767c) [0x149639dd767c]
[ 17  ]     0x149639dd4f16 /opt/bwhpc/common/devel/python/3.13.3_gnu_14.2/lib64/libpython3.13.so.1.0(+0x254f16) [0x149639dd4f16]
[ 18  ]     0x149639dd29e5 /opt/bwhpc/common/devel/python/3.13.3_gnu_14.2/lib64/libpython3.13.so.1.0(+0x2529e5) [0x149639dd29e5]
[ 19  ]     0x149639dd1d53 /opt/bwhpc/common/devel/python/3.13.3_gnu_14.2/lib64/libpython3.13.so.1.0(+0x251d53) [0x149639dd1d53]
[ 20  ]     0x149639dd1b6a /opt/bwhpc/common/devel/python/3.13.3_gnu_14.2/lib64/libpython3.13.so.1.0(+0x251b6a) [0x149639dd1b6a]
[ 21  ]     0x149639dcff99 Py_RunMain + 985
[ 22  ]     0x149639d8c66b Py_BytesMain + 59
[ 23  ]     0x1496398295d0 /lib64/libc.so.6(+0x295d0) [0x1496398295d0]
[ 24  ]     0x149639829680 __libc_start_main + 128
[ 25  ]     0x562d9b417095 _start + 37


Honor thy error as a hidden intention. (Brian Eno)

[optimize] dtOO build FAILED (worker 16):
bash: Agent: command not found
bash: Agent: command not found
bash: Agent: command not found
OpenFoam-v2412 is unloaded 

Don't forget to initialize OpenFOAM with:

	source $FOAM_INIT

or simply:

	foamInit

Warning : Gmsh has aleady been initialized
Warning : Gmsh has aleady been initialized
Warning : Gmsh has aleady been initialized
Warning : Gmsh has aleady been initialized
Warning : Gmsh has aleady been initialized
Warning : Gmsh has aleady been initialized
Warning : Gmsh has aleady been initialized
Warning : Gmsh has aleady been initialized
Warning : Gmsh has aleady been initialized
Warning : Gmsh has aleady been initialized
Warning : Gmsh has aleady been initialized
Warning : Gmsh has aleady been initialized
Warning : Gmsh has aleady been initialized
Warning : Gmsh has aleady been initialized
Warning : Gmsh has aleady been initialized
Warning : Gmsh has aleady been initialized
[dtoo] loaded 30 design parameters from /scratch/slurm_tmpdir/job_6038582/worker_16/design.json
[dtoo] applied 30 parameter overrides
Traceback (most recent call last):
  File "/pfs/work9/workspace/scratch/st_ac136362-eigenfreq/eigenfrequencies/turbine_runner/dtoo_export.py", line 113, in <module>
    main()
    ~~~~^^
  File "/pfs/work9/workspace/scratch/st_ac136362-eigenfreq/eigenfrequencies/turbine_runner/dtoo_export.py", line 93, in main
    parser.destroyAndCreate(bC, cV, aF, aG, bV, dC, dP)
    ~~~~~~~~~~~~~~~~~~~~~~~^^^^^^^^^^^^^^^^^^^^^^^^^^^^
  File "/home/st/st_us-042020/st_ac136362/dtOO/install/tools/dtOOPythonSWIG.py", line 22262, in destroyAndCreate
    return _dtOOPythonSWIG.dtXmlParser_destroyAndCreate(self, bC, cV, aF, aG, bV, dC, pL)
           ~~~~~~~~~~~~~~~~~~~~~~~~~~~~~~~~~~~~~~~~~~~~^^^^^^^^^^^^^^^^^^^^^^^^^^^^^^^^^^
Exception: [ map2dTo3d::reparamOnFace() ]
*-> file '/home/st/st_us-042020/st_ac136362/dtOO/src/geometryKernel/analyticGeometryHeaven/map2dTo3d.cpp'
*-> line '250'

condition: !md.converged() is true.

Backtrace
[ 1   ]     0x151ee97ee654 /home/st/st_us-042020/st_ac136362/dtOO/install/lib/libdtOO.so.2(+0x2b9654) [0x151ee97ee654]
[ 2   ]     0x151ee9ba4f2d dtOO::dtGmshFace::setMap2dTo3d(dtOO::map2dTo3d const*) + 285
[ 3   ]     0x151ee9bbdffb dtOO::dtGmshModel::addIfFaceToGmshModel(dtOO::map2dTo3d const*, int*, std::__cxx11::list<GEdge*, std::allocator<GEdge*> > const&, std::vector<int, std::allocator<int> > const&) + 907
[ 4   ]     0x151ee9bbe696 dtOO::dtGmshModel::addIfFaceToGmshModel(dtOO::map2dTo3d const*, int*) + 934
[ 5   ]     0x151ee9bbebf5 dtOO::dtGmshModel::addIfRegionToGmshModel(dtOO::map3dTo3d const*, int*) + 805
[ 6   ]     0x151ee9c98d4f dtOO::map3dTo3dGmsh::jInit(dtOO::jsonPrimitive const&, dtOO::baseContainer*, dtOO::labeledVectorHandling<dtOO::constValue*> const*, dtOO::labeledVectorHandling<dtOO::analyticFunction*> const*, dtOO::labeledVectorHandling<dtOO::analyticGeometry*> const*, dtOO::labeledVectorHandling<dtOO::boundedVolume*> const*) + 191
[ 7   ]     0x151ee9c9914a dtOO::map3dTo3dGmsh::init(QDomElement const&, dtOO::baseContainer*, dtOO::labeledVectorHandling<dtOO::constValue*> const*, dtOO::labeledVectorHandling<dtOO::analyticFunction*> const*, dtOO::labeledVectorHandling<dtOO::analyticGeometry*> const*, dtOO::labeledVectorHandling<dtOO::boundedVolume*> const*) + 906
[ 8   ]     0x151ee99e881e dtOO::dtXmlParser::createBoundedVolume(std::__cxx11::basic_string<char, std::char_traits<char>, std::allocator<char> >, dtOO::baseContainer*, dtOO::labeledVectorHandling<dtOO::constValue*> const*, dtOO::labeledVectorHandling<dtOO::analyticFunction*> const*, dtOO::labeledVectorHandling<dtOO::analyticGeometry*> const*, dtOO::labeledVectorHandling<dtOO::boundedVolume*>*) const + 430
[ 9   ]     0x151ee99e896a dtOO::dtXmlParser::createBoundedVolume(dtOO::baseContainer*, dtOO::labeledVectorHandling<dtOO::constValue*> const*, dtOO::labeledVectorHandling<dtOO::analyticFunction*> const*, dtOO::labeledVectorHandling<dtOO::analyticGeometry*> const*, dtOO::labeledVectorHandling<dtOO::boundedVolume*>*) const + 234
[ 10  ]     0x151ee99f263d dtOO::dtXmlParser::destroyAndCreate(dtOO::baseContainer&, dtOO::labeledVectorHandling<dtOO::constValue*>&, dtOO::labeledVectorHandling<dtOO::analyticFunction*>&, dtOO::labeledVectorHandling<dtOO::analyticGeometry*>&, dtOO::labeledVectorHandling<dtOO::boundedVolume*>&, dtOO::labeledVectorHandling<dtOO::dtCase*>&, dtOO::labeledVectorHandling<dtOO::dtPlugin*>&) const + 541
[ 11  ]     0x151eea21cea8 /home/st/st_us-042020/st_ac136362/dtOO/install/tools/_dtOOPythonSWIG.so(+0x32cea8) [0x151eea21cea8]
[ 12  ]     0x151ef8fcb58a /opt/bwhpc/common/devel/python/3.13.3_gnu_14.2/lib64/libpython3.13.so.1.0(+0x1aa58a) [0x151ef8fcb58a]
[ 13  ]     0x151ef8fa18a0 _PyObject_MakeTpCall + 320
[ 14  ]     0x151ef8fb4ddd _PyEval_EvalFrameDefault + 15949
[ 15  ]     0x151ef903ed5c PyEval_EvalCode + 172
[ 16  ]     0x151ef907867c /opt/bwhpc/common/devel/python/3.13.3_gnu_14.2/lib64/libpython3.13.so.1.0(+0x25767c) [0x151ef907867c]
[ 17  ]     0x151ef9075f16 /opt/bwhpc/common/devel/python/3.13.3_gnu_14.2/lib64/libpython3.13.so.1.0(+0x254f16) [0x151ef9075f16]
[ 18  ]     0x151ef90739e5 /opt/bwhpc/common/devel/python/3.13.3_gnu_14.2/lib64/libpython3.13.so.1.0(+0x2529e5) [0x151ef90739e5]
[ 19  ]     0x151ef9072d53 /opt/bwhpc/common/devel/python/3.13.3_gnu_14.2/lib64/libpython3.13.so.1.0(+0x251d53) [0x151ef9072d53]
[ 20  ]     0x151ef9072b6a /opt/bwhpc/common/devel/python/3.13.3_gnu_14.2/lib64/libpython3.13.so.1.0(+0x251b6a) [0x151ef9072b6a]
[ 21  ]     0x151ef9070f99 Py_RunMain + 985
[ 22  ]     0x151ef902d66b Py_BytesMain + 59
[ 23  ]     0x151ef8c295d0 /lib64/libc.so.6(+0x295d0) [0x151ef8c295d0]
[ 24  ]     0x151ef8c29680 __libc_start_main + 128
[ 25  ]     0x557a81084095 _start + 37


Honor thy error as a hidden intention. (Brian Eno)

