Worker 3 ready on uc2n605.localdomain: PYRO:obj_5459df56695244609c2da0d112066ef7@uc2n605.localdomain:42335
[optimize] dtOO build FAILED (worker 3):
:analyticFunction*>&, dtOO::labeledVectorHandling<dtOO::analyticGeometry*>&, dtOO::labeledVectorHandling<dtOO::boundedVolume*>&, dtOO::labeledVectorHandling<dtOO::dtCase*>&, dtOO::labeledVectorHandling<dtOO::dtPlugin*>&) const + 541
[ 24  ]     0x14697251cea8 /home/st/st_us-042020/st_ac136362/dtOO/install/tools/_dtOOPythonSWIG.so(+0x32cea8) [0x14697251cea8]
[ 25  ]     0x14698135d58a /opt/bwhpc/common/devel/python/3.13.3_gnu_14.2/lib64/libpython3.13.so.1.0(+0x1aa58a) [0x14698135d58a]
[ 26  ]     0x1469813338a0 _PyObject_MakeTpCall + 320
[ 27  ]     0x146981346ddd _PyEval_EvalFrameDefault + 15949
[ 28  ]     0x1469813d0d5c PyEval_EvalCode + 172
[ 29  ]     0x14698140a67c /opt/bwhpc/common/devel/python/3.13.3_gnu_14.2/lib64/libpython3.13.so.1.0(+0x25767c) [0x14698140a67c]
[ 30  ]     0x146981407f16 /opt/bwhpc/common/devel/python/3.13.3_gnu_14.2/lib64/libpython3.13.so.1.0(+0x254f16) [0x146981407f16]
[ 31  ]     0x1469814059e5 /opt/bwhpc/common/devel/python/3.13.3_gnu_14.2/lib64/libpython3.13.so.1.0(+0x2529e5) [0x1469814059e5]
[ 32  ]     0x146981404d53 /opt/bwhpc/common/devel/python/3.13.3_gnu_14.2/lib64/libpython3.13.so.1.0(+0x251d53) [0x146981404d53]
[ 33  ]     0x146981404b6a /opt/bwhpc/common/devel/python/3.13.3_gnu_14.2/lib64/libpython3.13.so.1.0(+0x251b6a) [0x146981404b6a]
[ 34  ]     0x146981402f99 Py_RunMain + 985
[ 35  ]     0x1469813bf66b Py_BytesMain + 59
[ 36  ]     0x146980e295d0 /lib64/libc.so.6(+0x295d0) [0x146980e295d0]
[ 37  ]     0x146980e29680 __libc_start_main + 128
[ 38  ]     0x55858bcf3095 _start + 37


Honor thy error as a hidden intention. (Brian Eno)

[optimize] dtOO build FAILED (worker 3):
:analyticFunction*>&, dtOO::labeledVectorHandling<dtOO::analyticGeometry*>&, dtOO::labeledVectorHandling<dtOO::boundedVolume*>&, dtOO::labeledVectorHandling<dtOO::dtCase*>&, dtOO::labeledVectorHandling<dtOO::dtPlugin*>&) const + 541
[ 11  ]     0x1484c161cea8 /home/st/st_us-042020/st_ac136362/dtOO/install/tools/_dtOOPythonSWIG.so(+0x32cea8) [0x1484c161cea8]
[ 12  ]     0x1484d043158a /opt/bwhpc/common/devel/python/3.13.3_gnu_14.2/lib64/libpython3.13.so.1.0(+0x1aa58a) [0x1484d043158a]
[ 13  ]     0x1484d04078a0 _PyObject_MakeTpCall + 320
[ 14  ]     0x1484d041addd _PyEval_EvalFrameDefault + 15949
[ 15  ]     0x1484d04a4d5c PyEval_EvalCode + 172
[ 16  ]     0x1484d04de67c /opt/bwhpc/common/devel/python/3.13.3_gnu_14.2/lib64/libpython3.13.so.1.0(+0x25767c) [0x1484d04de67c]
[ 17  ]     0x1484d04dbf16 /opt/bwhpc/common/devel/python/3.13.3_gnu_14.2/lib64/libpython3.13.so.1.0(+0x254f16) [0x1484d04dbf16]
[ 18  ]     0x1484d04d99e5 /opt/bwhpc/common/devel/python/3.13.3_gnu_14.2/lib64/libpython3.13.so.1.0(+0x2529e5) [0x1484d04d99e5]
[ 19  ]     0x1484d04d8d53 /opt/bwhpc/common/devel/python/3.13.3_gnu_14.2/lib64/libpython3.13.so.1.0(+0x251d53) [0x1484d04d8d53]
[ 20  ]     0x1484d04d8b6a /opt/bwhpc/common/devel/python/3.13.3_gnu_14.2/lib64/libpython3.13.so.1.0(+0x251b6a) [0x1484d04d8b6a]
[ 21  ]     0x1484d04d6f99 Py_RunMain + 985
[ 22  ]     0x1484d049366b Py_BytesMain + 59
[ 23  ]     0x1484d00295d0 /lib64/libc.so.6(+0x295d0) [0x1484d00295d0]
[ 24  ]     0x1484d0029680 __libc_start_main + 128
[ 25  ]     0x560baad41095 _start + 37


Honor thy error as a hidden intention. (Brian Eno)

