Worker 15 ready on uc2n800.localdomain: PYRO:obj_44be7fd4e5eb465ab043a15978658afb@uc2n800.localdomain:41401
[optimize] dtOO build FAILED (worker 15):
 : Computing mesh size field at mesh nodes 138
Debug   : Delaunizing the initial mesh
Debug   : Starting to add internal nodes
Debug   :  iter   1 minL    0.247/   0.700 maxL    6.085/   1.400 -- Small/Large/Total (   177/   400/  1428):    499 splits,    737 swaps,    114 collapses,   1425 moves
Debug   :  iter   2 minL    0.349/   0.700 maxL    2.979/   1.400 -- Small/Large/Total (   112/    63/  1863):    417 splits,    372 swaps,    272 collapses,   1804 moves
Debug   :  iter   3 minL    0.458/   0.700 maxL    1.528/   1.400 -- Small/Large/Total (    94/     1/  2004):     78 splits,     49 swaps,     31 collapses,    640 moves
Debug   :  iter   4 minL    0.527/   0.700 maxL    1.393/   1.400 -- Small/Large/Total (    71/     0/  1992):      1 splits,      2 swaps,      5 collapses,    173 moves
Debug   :  iter   5 minL    0.527/   0.700 maxL    1.393/   1.400 -- Small/Large/Total (    70/     0/  1992):      0 splits,      0 swaps,      0 collapses,    102 moves
Debug   :  ---------------------------------------
Debug   :  CPU Report 
Debug   :  ---------------------------------------
Debug   :  CPU SWAP     5.39600E-03 sec (  0 %)
Debug   :  CPU SPLIT    3.08709E-01 sec (  5 %) 
Debug   :  CPU COLLAPS  7.66194E-01 sec ( 12 %) 
Debug   :  CPU SMOOTH   5.47111E+00 sec ( 84 %) 
Debug   :  ---------------------------------------
Debug   :  CPU TOTAL    6.55141E+00 sec 
Debug   :  ---------------------------------------
Debug   :  iter   1 minL    0.527/   0.700 maxL    1.393/   1.400 -- Small/Large/Total (    70/     0/  1992):      0 splits,      0 swaps,      0 collapses,     81 moves
Debug   :  ---------------------------------------
Debug   :  CPU Report 
Debug   :  ---------------------------------------
Debug   :  CPU SWAP     8.08000E-04 sec (  0 %)
Debug   :  CPU SPLIT    1.42998E-01 sec ( 18 %) 
Debug   :  CPU COLLAPS  7.24770E-02 sec (  9 %) 
Debug   :  CPU SMOOTH   5.84016E-01 sec ( 73 %) 
Debug   :  ---------------------------------------
Debug   :  CPU TOTAL    8.00299E-01 sec 
Debug   :  ---------------------------------------
Debug   : Type 23 1282 triangles generated, 573 internal nodes
Info    : Meshing surface 14 (Parametric surface, MeshAdapt)
Debug   : Recovering 4 model edges
Debug   : Recovering 93 mesh edges (0 not recovered)
Debug   : Boundary edges recovered for surface 14
Debug   : Computing mesh size field at mesh nodes 93
Debug   : Delaunizing the initial mesh
Debug   : Starting to add internal nodes
Debug   :  iter   1 minL    0.194/   0.700 maxL    4.479/   1.400 -- Small/Large/Total (    62/   266/   921):    325 splits,    427 swaps,     79 collapses,    881 moves
Debug   :  iter   2 minL    0.411/   0.700 maxL    1.923/   1.400 -- Small/Large/Total (    93/    25/  1401):    286 splits,    205 swaps,    126 collapses,   1250 moves
Debug   :  iter   3 minL    0.525/   0.700 maxL    1.377/   1.400 -- Small/Large/Total (    64/     0/  1452):     43 splits,     16 swaps,     26 collapses,    585 moves
Debug   :  iter   4 minL    0.490/   0.700 maxL    1.377/   1.400 -- Small/Large/Total (    48/     0/  1437):      0 splits,      0 swaps,      5 collapses,    245 moves
Debug   :  iter   5 minL    0.492/   0.700 maxL    1.377/   1.400 -- Small/Large/Total (    48/     0/  1437):      0 splits,      0 swaps,      0 collapses,    133 moves
Debug   :  ---------------------------------------
Debug   :  CPU Report 
Debug   :  ---------------------------------------
Debug   :  CPU SWAP     3.59600E-03 sec (  0 %)
Debug   :  CPU SPLIT    2.06719E-01 sec (  6 %) 
Debug   :  CPU COLLAPS  4.58525E-01 sec ( 13 %) 
Debug   :  CPU SMOOTH   2.85781E+00 sec ( 81 %) 
Debug   :  ---------------------------------------
Debug   :  CPU TOTAL    3.52665E+00 sec 
Debug   :  ---------------------------------------
Debug   :  iter   1 minL    0.492/   0.700 maxL    1.377/   1.400 -- Small/Large/Total (    48/     0/  1437):      0 splits,      0 swaps,      0 collapses,     76 moves
Debug   :  ---------------------------------------
Debug   :  CPU Report 
Debug   :  ---------------------------------------
Debug   :  CPU SWAP     5.78000E-04 sec (  0 %)
Debug   :  CPU SPLIT    9.81280E-02 sec ( 17 %) 
Debug   :  CPU COLLAPS  5.00600E-02 sec (  9 %) 
Debug   :  CPU SMOOTH   4.33790E-01 sec ( 74 %) 
Debug   :  ---------------------------------------
Debug   :  CPU TOTAL    5.82556E-01 sec 
Debug   :  ---------------------------------------
Debug   : Type 23 927 triangles generated, 418 internal nodes
Info    : Meshing surface 15 (Parametric surface, MeshAdapt)
[dtoo] loaded 30 design parameters from /scratch/slurm_tmpdir/job_6039132/worker_15/design.json
[dtoo] applied 30 parameter overrides
[dtoo] plugin ru_adjustDomain applied
[dtoo] makeGrid on ruWithRounding_mechMesh ...
Traceback (most recent call last):
  File "/pfs/work9/workspace/scratch/st_ac136362-eigenfreq/eigenfrequencies/turbine_runner/dtoo_export.py", line 113, in <module>
    main()
    ~~~~^^
  File "/pfs/work9/workspace/scratch/st_ac136362-eigenfreq/eigenfrequencies/turbine_runner/dtoo_export.py", line 104, in main
    bV.get(MECH_VOLUME).makeGrid()
    ~~~~~~~~~~~~~~~~~~~~~~~~~~~~^^
  File "/home/st/st_us-042020/st_ac136362/dtOO/install/tools/dtOOPythonSWIG.py", line 6017, in makeGrid
    return _dtOOPythonSWIG.boundedVolume_makeGrid(self)
           ~~~~~~~~~~~~~~~~~~~~~~~~~~~~~~~~~~~~~~^^^^^^
Exception: [ map2dTo3d::reparamOnFace() ]
*-> file '/home/st/st_us-042020/st_ac136362/dtOO/src/geometryKernel/analyticGeometryHeaven/map2dTo3d.cpp'
*-> line '250'

condition: !md.converged() is true.

Backtrace
[ 1   ]     0x146ff82ee654 /home/st/st_us-042020/st_ac136362/dtOO/install/lib/libdtOO.so.2(+0x2b9654) [0x146ff82ee654]
[ 2   ]     0x146ff86a332a dtOO::dtGmshFace::reparamOnFace(CGAL::Point_3<CGAL::Epick>) const + 26
[ 3   ]     0x146ff86a338b dtOO::dtGmshFace::parFromPoint(SPoint3 const&, bool, bool) const + 59
[ 4   ]     0x146ff759b2dd GEdge::reparamOnFace(GFace const*, double, int) const + 125
[ 5   ]     0x146ff77656fe reparamMeshVertexOnFace(MVertex const*, GFace const*, SPoint2&, bool, bool, int) + 590
[ 6   ]     0x146ff77e8d51 /home/st/st_us-042020/st_ac136362/dtOO/install/lib64/libgmsh.so.4.14(+0x729d51) [0x146ff77e8d51]
[ 7   ]     0x146ff77f7817 meshGFace::operator()(GFace*, bool) + 775
[ 8   ]     0x146ff86cd718 dtOO::dtMeshGFace::operator()(dtOO::dtGmshFace*) + 24
[ 9   ]     0x146ff875c042 dtOO::bVOMeshRule::preUpdate() + 5650
[ 10  ]     0x146ff87422d5 dtOO::bVOSubject::preNotify() + 53
[ 11  ]     0x146ff87a957e dtOO::gmshBoundedVolume::makePreGrid() + 6110
[ 12  ]     0x146ff87a4d47 dtOO::gmshBoundedVolume::makeGrid() + 23
[ 13  ]     0x146ff8d2d14d /home/st/st_us-042020/st_ac136362/dtOO/install/tools/_dtOOPythonSWIG.so(+0x33d14d) [0x146ff8d2d14d]
[ 14  ]     0x147007b46bda /opt/bwhpc/common/devel/python/3.13.3_gnu_14.2/lib64/libpython3.13.so.1.0(+0x1a9bda) [0x147007b46bda]
[ 15  ]     0x147007b1f723 PyObject_Vectorcall + 83
[ 16  ]     0x147007b30ddd _PyEval_EvalFrameDefault + 15949
[ 17  ]     0x147007bbad5c PyEval_EvalCode + 172
[ 18  ]     0x147007bf467c /opt/bwhpc/common/devel/python/3.13.3_gnu_14.2/lib64/libpython3.13.so.1.0(+0x25767c) [0x147007bf467c]
[ 19  ]     0x147007bf1f16 /opt/bwhpc/common/devel/python/3.13.3_gnu_14.2/lib64/libpython3.13.so.1.0(+0x254f16) [0x147007bf1f16]
[ 20  ]     0x147007bef9e5 /opt/bwhpc/common/devel/python/3.13.3_gnu_14.2/lib64/libpython3.13.so.1.0(+0x2529e5) [0x147007bef9e5]
[ 21  ]     0x147007beed53 /opt/bwhpc/common/devel/python/3.13.3_gnu_14.2/lib64/libpython3.13.so.1.0(+0x251d53) [0x147007beed53]
[ 22  ]     0x147007beeb6a /opt/bwhpc/common/devel/python/3.13.3_gnu_14.2/lib64/libpython3.13.so.1.0(+0x251b6a) [0x147007beeb6a]
[ 23  ]     0x147007becf99 Py_RunMain + 985
[ 24  ]     0x147007ba966b Py_BytesMain + 59
[ 25  ]     0x1470076295d0 /lib64/libc.so.6(+0x295d0) [0x1470076295d0]
[ 26  ]     0x147007629680 __libc_start_main + 128
[ 27  ]     0x55757d197095 _start + 37


Honor thy error as a hidden intention. (Brian Eno)

[optimize] dtOO build FAILED (worker 15):
bash: Agent: command not found
bash: Agent: command not found
bash: Agent: command not found
OpenFoam-v2412 is unloaded 

Don't forget to initialize OpenFOAM with:

	source $FOAM_INIT

or simply:

	foamInit

Warning : Gmsh has aleady been initialized
Warning : Gmsh has aleady been initialized
Warning : Gmsh has aleady been initialized
Warning : Gmsh has aleady been initialized
Warning : Gmsh has aleady been initialized
Warning : Gmsh has aleady been initialized
Warning : Gmsh has aleady been initialized
Warning : Gmsh has aleady been initialized
Warning : Gmsh has aleady been initialized
Warning : Gmsh has aleady been initialized
Warning : Gmsh has aleady been initialized
Warning : Gmsh has aleady been initialized
Warning : Gmsh has aleady been initialized
Warning : Gmsh has aleady been initialized
Warning : Gmsh has aleady been initialized
Warning : Gmsh has aleady been initialized
[dtoo] loaded 30 design parameters from /scratch/slurm_tmpdir/job_6039132/worker_15/design.json
[dtoo] applied 30 parameter overrides
Traceback (most recent call last):
  File "/pfs/work9/workspace/scratch/st_ac136362-eigenfreq/eigenfrequencies/turbine_runner/dtoo_export.py", line 113, in <module>
    main()
    ~~~~^^
  File "/pfs/work9/workspace/scratch/st_ac136362-eigenfreq/eigenfrequencies/turbine_runner/dtoo_export.py", line 93, in main
    parser.destroyAndCreate(bC, cV, aF, aG, bV, dC, dP)
    ~~~~~~~~~~~~~~~~~~~~~~~^^^^^^^^^^^^^^^^^^^^^^^^^^^^
  File "/home/st/st_us-042020/st_ac136362/dtOO/install/tools/dtOOPythonSWIG.py", line 22262, in destroyAndCreate
    return _dtOOPythonSWIG.dtXmlParser_destroyAndCreate(self, bC, cV, aF, aG, bV, dC, pL)
           ~~~~~~~~~~~~~~~~~~~~~~~~~~~~~~~~~~~~~~~~~~~~^^^^^^^^^^^^^^^^^^^^^^^^^^^^^^^^^^
Exception: [ map2dTo3d::reparamOnFace() ]
*-> file '/home/st/st_us-042020/st_ac136362/dtOO/src/geometryKernel/analyticGeometryHeaven/map2dTo3d.cpp'
*-> line '250'

condition: !md.converged() is true.

Backtrace
[ 1   ]     0x150e7ebee654 /home/st/st_us-042020/st_ac136362/dtOO/install/lib/libdtOO.so.2(+0x2b9654) [0x150e7ebee654]
[ 2   ]     0x150e7efa4f2d dtOO::dtGmshFace::setMap2dTo3d(dtOO::map2dTo3d const*) + 285
[ 3   ]     0x150e7efbdffb dtOO::dtGmshModel::addIfFaceToGmshModel(dtOO::map2dTo3d const*, int*, std::__cxx11::list<GEdge*, std::allocator<GEdge*> > const&, std::vector<int, std::allocator<int> > const&) + 907
[ 4   ]     0x150e7efbe696 dtOO::dtGmshModel::addIfFaceToGmshModel(dtOO::map2dTo3d const*, int*) + 934
[ 5   ]     0x150e7efbe997 dtOO::dtGmshModel::addIfRegionToGmshModel(dtOO::map3dTo3d const*, int*) + 199
[ 6   ]     0x150e7f098d4f dtOO::map3dTo3dGmsh::jInit(dtOO::jsonPrimitive const&, dtOO::baseContainer*, dtOO::labeledVectorHandling<dtOO::constValue*> const*, dtOO::labeledVectorHandling<dtOO::analyticFunction*> const*, dtOO::labeledVectorHandling<dtOO::analyticGeometry*> const*, dtOO::labeledVectorHandling<dtOO::boundedVolume*> const*) + 191
[ 7   ]     0x150e7f09914a dtOO::map3dTo3dGmsh::init(QDomElement const&, dtOO::baseContainer*, dtOO::labeledVectorHandling<dtOO::constValue*> const*, dtOO::labeledVectorHandling<dtOO::analyticFunction*> const*, dtOO::labeledVectorHandling<dtOO::analyticGeometry*> const*, dtOO::labeledVectorHandling<dtOO::boundedVolume*> const*) + 906
[ 8   ]     0x150e7ede881e dtOO::dtXmlParser::createBoundedVolume(std::__cxx11::basic_string<char, std::char_traits<char>, std::allocator<char> >, dtOO::baseContainer*, dtOO::labeledVectorHandling<dtOO::constValue*> const*, dtOO::labeledVectorHandling<dtOO::analyticFunction*> const*, dtOO::labeledVectorHandling<dtOO::analyticGeometry*> const*, dtOO::labeledVectorHandling<dtOO::boundedVolume*>*) const + 430
[ 9   ]     0x150e7ede896a dtOO::dtXmlParser::createBoundedVolume(dtOO::baseContainer*, dtOO::labeledVectorHandling<dtOO::constValue*> const*, dtOO::labeledVectorHandling<dtOO::analyticFunction*> const*, dtOO::labeledVectorHandling<dtOO::analyticGeometry*> const*, dtOO::labeledVectorHandling<dtOO::boundedVolume*>*) const + 234
[ 10  ]     0x150e7edf263d dtOO::dtXmlParser::destroyAndCreate(dtOO::baseContainer&, dtOO::labeledVectorHandling<dtOO::constValue*>&, dtOO::labeledVectorHandling<dtOO::analyticFunction*>&, dtOO::labeledVectorHandling<dtOO::analyticGeometry*>&, dtOO::labeledVectorHandling<dtOO::boundedVolume*>&, dtOO::labeledVectorHandling<dtOO::dtCase*>&, dtOO::labeledVectorHandling<dtOO::dtPlugin*>&) const + 541
[ 11  ]     0x150e7f61cea8 /home/st/st_us-042020/st_ac136362/dtOO/install/tools/_dtOOPythonSWIG.so(+0x32cea8) [0x150e7f61cea8]
[ 12  ]     0x150e8e41a58a /opt/bwhpc/common/devel/python/3.13.3_gnu_14.2/lib64/libpython3.13.so.1.0(+0x1aa58a) [0x150e8e41a58a]
[ 13  ]     0x150e8e3f08a0 _PyObject_MakeTpCall + 320
[ 14  ]     0x150e8e403ddd _PyEval_EvalFrameDefault + 15949
[ 15  ]     0x150e8e48dd5c PyEval_EvalCode + 172
[ 16  ]     0x150e8e4c767c /opt/bwhpc/common/devel/python/3.13.3_gnu_14.2/lib64/libpython3.13.so.1.0(+0x25767c) [0x150e8e4c767c]
[ 17  ]     0x150e8e4c4f16 /opt/bwhpc/common/devel/python/3.13.3_gnu_14.2/lib64/libpython3.13.so.1.0(+0x254f16) [0x150e8e4c4f16]
[ 18  ]     0x150e8e4c29e5 /opt/bwhpc/common/devel/python/3.13.3_gnu_14.2/lib64/libpython3.13.so.1.0(+0x2529e5) [0x150e8e4c29e5]
[ 19  ]     0x150e8e4c1d53 /opt/bwhpc/common/devel/python/3.13.3_gnu_14.2/lib64/libpython3.13.so.1.0(+0x251d53) [0x150e8e4c1d53]
[ 20  ]     0x150e8e4c1b6a /opt/bwhpc/common/devel/python/3.13.3_gnu_14.2/lib64/libpython3.13.so.1.0(+0x251b6a) [0x150e8e4c1b6a]
[ 21  ]     0x150e8e4bff99 Py_RunMain + 985
[ 22  ]     0x150e8e47c66b Py_BytesMain + 59
[ 23  ]     0x150e8e0295d0 /lib64/libc.so.6(+0x295d0) [0x150e8e0295d0]
[ 24  ]     0x150e8e029680 __libc_start_main + 128
[ 25  ]     0x56039ab6c095 _start + 37


Honor thy error as a hidden intention. (Brian Eno)

[optimize] dtOO build FAILED (worker 15):
bash: Agent: command not found
bash: Agent: command not found
bash: Agent: command not found
OpenFoam-v2412 is unloaded 

Don't forget to initialize OpenFOAM with:

	source $FOAM_INIT

or simply:

	foamInit

Warning : Gmsh has aleady been initialized
Warning : Gmsh has aleady been initialized
Warning : Gmsh has aleady been initialized
Warning : Gmsh has aleady been initialized
Warning : Gmsh has aleady been initialized
Warning : Gmsh has aleady been initialized
Warning : Gmsh has aleady been initialized
Warning : Gmsh has aleady been initialized
Warning : Gmsh has aleady been initialized
Warning : Gmsh has aleady been initialized
Warning : Gmsh has aleady been initialized
Warning : Gmsh has aleady been initialized
Warning : Gmsh has aleady been initialized
Warning : Gmsh has aleady been initialized
Warning : Gmsh has aleady been initialized
Warning : Gmsh has aleady been initialized
[dtoo] loaded 30 design parameters from /scratch/slurm_tmpdir/job_6039132/worker_15/design.json
[dtoo] applied 30 parameter overrides
Traceback (most recent call last):
  File "/pfs/work9/workspace/scratch/st_ac136362-eigenfreq/eigenfrequencies/turbine_runner/dtoo_export.py", line 113, in <module>
    main()
    ~~~~^^
  File "/pfs/work9/workspace/scratch/st_ac136362-eigenfreq/eigenfrequencies/turbine_runner/dtoo_export.py", line 93, in main
    parser.destroyAndCreate(bC, cV, aF, aG, bV, dC, dP)
    ~~~~~~~~~~~~~~~~~~~~~~~^^^^^^^^^^^^^^^^^^^^^^^^^^^^
  File "/home/st/st_us-042020/st_ac136362/dtOO/install/tools/dtOOPythonSWIG.py", line 22262, in destroyAndCreate
    return _dtOOPythonSWIG.dtXmlParser_destroyAndCreate(self, bC, cV, aF, aG, bV, dC, pL)
           ~~~~~~~~~~~~~~~~~~~~~~~~~~~~~~~~~~~~~~~~~~~~^^^^^^^^^^^^^^^^^^^^^^^^^^^^^^^^^^
Exception: [ map2dTo3d::reparamOnFace() ]
*-> file '/home/st/st_us-042020/st_ac136362/dtOO/src/geometryKernel/analyticGeometryHeaven/map2dTo3d.cpp'
*-> line '250'

condition: !md.converged() is true.

Backtrace
[ 1   ]     0x14e1562ee654 /home/st/st_us-042020/st_ac136362/dtOO/install/lib/libdtOO.so.2(+0x2b9654) [0x14e1562ee654]
[ 2   ]     0x14e1566a4f2d dtOO::dtGmshFace::setMap2dTo3d(dtOO::map2dTo3d const*) + 285
[ 3   ]     0x14e1566bdffb dtOO::dtGmshModel::addIfFaceToGmshModel(dtOO::map2dTo3d const*, int*, std::__cxx11::list<GEdge*, std::allocator<GEdge*> > const&, std::vector<int, std::allocator<int> > const&) + 907
[ 4   ]     0x14e1566be696 dtOO::dtGmshModel::addIfFaceToGmshModel(dtOO::map2dTo3d const*, int*) + 934
[ 5   ]     0x14e1566beb34 dtOO::dtGmshModel::addIfRegionToGmshModel(dtOO::map3dTo3d const*, int*) + 612
[ 6   ]     0x14e156798d4f dtOO::map3dTo3dGmsh::jInit(dtOO::jsonPrimitive const&, dtOO::baseContainer*, dtOO::labeledVectorHandling<dtOO::constValue*> const*, dtOO::labeledVectorHandling<dtOO::analyticFunction*> const*, dtOO::labeledVectorHandling<dtOO::analyticGeometry*> const*, dtOO::labeledVectorHandling<dtOO::boundedVolume*> const*) + 191
[ 7   ]     0x14e15679914a dtOO::map3dTo3dGmsh::init(QDomElement const&, dtOO::baseContainer*, dtOO::labeledVectorHandling<dtOO::constValue*> const*, dtOO::labeledVectorHandling<dtOO::analyticFunction*> const*, dtOO::labeledVectorHandling<dtOO::analyticGeometry*> const*, dtOO::labeledVectorHandling<dtOO::boundedVolume*> const*) + 906
[ 8   ]     0x14e1564e881e dtOO::dtXmlParser::createBoundedVolume(std::__cxx11::basic_string<char, std::char_traits<char>, std::allocator<char> >, dtOO::baseContainer*, dtOO::labeledVectorHandling<dtOO::constValue*> const*, dtOO::labeledVectorHandling<dtOO::analyticFunction*> const*, dtOO::labeledVectorHandling<dtOO::analyticGeometry*> const*, dtOO::labeledVectorHandling<dtOO::boundedVolume*>*) const + 430
[ 9   ]     0x14e1564e896a dtOO::dtXmlParser::createBoundedVolume(dtOO::baseContainer*, dtOO::labeledVectorHandling<dtOO::constValue*> const*, dtOO::labeledVectorHandling<dtOO::analyticFunction*> const*, dtOO::labeledVectorHandling<dtOO::analyticGeometry*> const*, dtOO::labeledVectorHandling<dtOO::boundedVolume*>*) const + 234
[ 10  ]     0x14e1564f263d dtOO::dtXmlParser::destroyAndCreate(dtOO::baseContainer&, dtOO::labeledVectorHandling<dtOO::constValue*>&, dtOO::labeledVectorHandling<dtOO::analyticFunction*>&, dtOO::labeledVectorHandling<dtOO::analyticGeometry*>&, dtOO::labeledVectorHandling<dtOO::boundedVolume*>&, dtOO::labeledVectorHandling<dtOO::dtCase*>&, dtOO::labeledVectorHandling<dtOO::dtPlugin*>&) const + 541
[ 11  ]     0x14e156d1cea8 /home/st/st_us-042020/st_ac136362/dtOO/install/tools/_dtOOPythonSWIG.so(+0x32cea8) [0x14e156d1cea8]
[ 12  ]     0x14e165b8058a /opt/bwhpc/common/devel/python/3.13.3_gnu_14.2/lib64/libpython3.13.so.1.0(+0x1aa58a) [0x14e165b8058a]
[ 13  ]     0x14e165b568a0 _PyObject_MakeTpCall + 320
[ 14  ]     0x14e165b69ddd _PyEval_EvalFrameDefault + 15949
[ 15  ]     0x14e165bf3d5c PyEval_EvalCode + 172
[ 16  ]     0x14e165c2d67c /opt/bwhpc/common/devel/python/3.13.3_gnu_14.2/lib64/libpython3.13.so.1.0(+0x25767c) [0x14e165c2d67c]
[ 17  ]     0x14e165c2af16 /opt/bwhpc/common/devel/python/3.13.3_gnu_14.2/lib64/libpython3.13.so.1.0(+0x254f16) [0x14e165c2af16]
[ 18  ]     0x14e165c289e5 /opt/bwhpc/common/devel/python/3.13.3_gnu_14.2/lib64/libpython3.13.so.1.0(+0x2529e5) [0x14e165c289e5]
[ 19  ]     0x14e165c27d53 /opt/bwhpc/common/devel/python/3.13.3_gnu_14.2/lib64/libpython3.13.so.1.0(+0x251d53) [0x14e165c27d53]
[ 20  ]     0x14e165c27b6a /opt/bwhpc/common/devel/python/3.13.3_gnu_14.2/lib64/libpython3.13.so.1.0(+0x251b6a) [0x14e165c27b6a]
[ 21  ]     0x14e165c25f99 Py_RunMain + 985
[ 22  ]     0x14e165be266b Py_BytesMain + 59
[ 23  ]     0x14e1656295d0 /lib64/libc.so.6(+0x295d0) [0x14e1656295d0]
[ 24  ]     0x14e165629680 __libc_start_main + 128
[ 25  ]     0x562428d5f095 _start + 37


Honor thy error as a hidden intention. (Brian Eno)

