Worker 17 ready on uc2n601.localdomain: PYRO:obj_244ddc872f5c408c96d9ed8a5acd629f@uc2n601.localdomain:46083
[optimize] dtOO build FAILED (worker 17):
:analyticFunction*>&, dtOO::labeledVectorHandling<dtOO::analyticGeometry*>&, dtOO::labeledVectorHandling<dtOO::boundedVolume*>&, dtOO::labeledVectorHandling<dtOO::dtCase*>&, dtOO::labeledVectorHandling<dtOO::dtPlugin*>&) const + 541
[ 24  ]     0x150de091cea8 /home/st/st_us-042020/st_ac136362/dtOO/install/tools/_dtOOPythonSWIG.so(+0x32cea8) [0x150de091cea8]
[ 25  ]     0x150def76b58a /opt/bwhpc/common/devel/python/3.13.3_gnu_14.2/lib64/libpython3.13.so.1.0(+0x1aa58a) [0x150def76b58a]
[ 26  ]     0x150def7418a0 _PyObject_MakeTpCall + 320
[ 27  ]     0x150def754ddd _PyEval_EvalFrameDefault + 15949
[ 28  ]     0x150def7ded5c PyEval_EvalCode + 172
[ 29  ]     0x150def81867c /opt/bwhpc/common/devel/python/3.13.3_gnu_14.2/lib64/libpython3.13.so.1.0(+0x25767c) [0x150def81867c]
[ 30  ]     0x150def815f16 /opt/bwhpc/common/devel/python/3.13.3_gnu_14.2/lib64/libpython3.13.so.1.0(+0x254f16) [0x150def815f16]
[ 31  ]     0x150def8139e5 /opt/bwhpc/common/devel/python/3.13.3_gnu_14.2/lib64/libpython3.13.so.1.0(+0x2529e5) [0x150def8139e5]
[ 32  ]     0x150def812d53 /opt/bwhpc/common/devel/python/3.13.3_gnu_14.2/lib64/libpython3.13.so.1.0(+0x251d53) [0x150def812d53]
[ 33  ]     0x150def812b6a /opt/bwhpc/common/devel/python/3.13.3_gnu_14.2/lib64/libpython3.13.so.1.0(+0x251b6a) [0x150def812b6a]
[ 34  ]     0x150def810f99 Py_RunMain + 985
[ 35  ]     0x150def7cd66b Py_BytesMain + 59
[ 36  ]     0x150def2295d0 /lib64/libc.so.6(+0x295d0) [0x150def2295d0]
[ 37  ]     0x150def229680 __libc_start_main + 128
[ 38  ]     0x56355a441095 _start + 37


Honor thy error as a hidden intention. (Brian Eno)

[optimize] dtOO build FAILED (worker 17):
:analyticFunction*>&, dtOO::labeledVectorHandling<dtOO::analyticGeometry*>&, dtOO::labeledVectorHandling<dtOO::boundedVolume*>&, dtOO::labeledVectorHandling<dtOO::dtCase*>&, dtOO::labeledVectorHandling<dtOO::dtPlugin*>&) const + 541
[ 24  ]     0x14bf3811cea8 /home/st/st_us-042020/st_ac136362/dtOO/install/tools/_dtOOPythonSWIG.so(+0x32cea8) [0x14bf3811cea8]
[ 25  ]     0x14bf46ef858a /opt/bwhpc/common/devel/python/3.13.3_gnu_14.2/lib64/libpython3.13.so.1.0(+0x1aa58a) [0x14bf46ef858a]
[ 26  ]     0x14bf46ece8a0 _PyObject_MakeTpCall + 320
[ 27  ]     0x14bf46ee1ddd _PyEval_EvalFrameDefault + 15949
[ 28  ]     0x14bf46f6bd5c PyEval_EvalCode + 172
[ 29  ]     0x14bf46fa567c /opt/bwhpc/common/devel/python/3.13.3_gnu_14.2/lib64/libpython3.13.so.1.0(+0x25767c) [0x14bf46fa567c]
[ 30  ]     0x14bf46fa2f16 /opt/bwhpc/common/devel/python/3.13.3_gnu_14.2/lib64/libpython3.13.so.1.0(+0x254f16) [0x14bf46fa2f16]
[ 31  ]     0x14bf46fa09e5 /opt/bwhpc/common/devel/python/3.13.3_gnu_14.2/lib64/libpython3.13.so.1.0(+0x2529e5) [0x14bf46fa09e5]
[ 32  ]     0x14bf46f9fd53 /opt/bwhpc/common/devel/python/3.13.3_gnu_14.2/lib64/libpython3.13.so.1.0(+0x251d53) [0x14bf46f9fd53]
[ 33  ]     0x14bf46f9fb6a /opt/bwhpc/common/devel/python/3.13.3_gnu_14.2/lib64/libpython3.13.so.1.0(+0x251b6a) [0x14bf46f9fb6a]
[ 34  ]     0x14bf46f9df99 Py_RunMain + 985
[ 35  ]     0x14bf46f5a66b Py_BytesMain + 59
[ 36  ]     0x14bf46a295d0 /lib64/libc.so.6(+0x295d0) [0x14bf46a295d0]
[ 37  ]     0x14bf46a29680 __libc_start_main + 128
[ 38  ]     0x556fd7799095 _start + 37


Honor thy error as a hidden intention. (Brian Eno)

