Worker 18 ready on uc2n605.localdomain: PYRO:obj_8ac9d0fbde1b4cbe963fa93575369748@uc2n605.localdomain:40509
[optimize] dtOO build FAILED (worker 18):
:analyticFunction*>&, dtOO::labeledVectorHandling<dtOO::analyticGeometry*>&, dtOO::labeledVectorHandling<dtOO::boundedVolume*>&, dtOO::labeledVectorHandling<dtOO::dtCase*>&, dtOO::labeledVectorHandling<dtOO::dtPlugin*>&) const + 541
[ 11  ]     0x1484c851cea8 /home/st/st_us-042020/st_ac136362/dtOO/install/tools/_dtOOPythonSWIG.so(+0x32cea8) [0x1484c851cea8]
[ 12  ]     0x1484d735b58a /opt/bwhpc/common/devel/python/3.13.3_gnu_14.2/lib64/libpython3.13.so.1.0(+0x1aa58a) [0x1484d735b58a]
[ 13  ]     0x1484d73318a0 _PyObject_MakeTpCall + 320
[ 14  ]     0x1484d7344ddd _PyEval_EvalFrameDefault + 15949
[ 15  ]     0x1484d73ced5c PyEval_EvalCode + 172
[ 16  ]     0x1484d740867c /opt/bwhpc/common/devel/python/3.13.3_gnu_14.2/lib64/libpython3.13.so.1.0(+0x25767c) [0x1484d740867c]
[ 17  ]     0x1484d7405f16 /opt/bwhpc/common/devel/python/3.13.3_gnu_14.2/lib64/libpython3.13.so.1.0(+0x254f16) [0x1484d7405f16]
[ 18  ]     0x1484d74039e5 /opt/bwhpc/common/devel/python/3.13.3_gnu_14.2/lib64/libpython3.13.so.1.0(+0x2529e5) [0x1484d74039e5]
[ 19  ]     0x1484d7402d53 /opt/bwhpc/common/devel/python/3.13.3_gnu_14.2/lib64/libpython3.13.so.1.0(+0x251d53) [0x1484d7402d53]
[ 20  ]     0x1484d7402b6a /opt/bwhpc/common/devel/python/3.13.3_gnu_14.2/lib64/libpython3.13.so.1.0(+0x251b6a) [0x1484d7402b6a]
[ 21  ]     0x1484d7400f99 Py_RunMain + 985
[ 22  ]     0x1484d73bd66b Py_BytesMain + 59
[ 23  ]     0x1484d6e295d0 /lib64/libc.so.6(+0x295d0) [0x1484d6e295d0]
[ 24  ]     0x1484d6e29680 __libc_start_main + 128
[ 25  ]     0x555cf0d7b095 _start + 37


Honor thy error as a hidden intention. (Brian Eno)

[optimize] dtOO build FAILED (worker 18):
:analyticFunction*>&, dtOO::labeledVectorHandling<dtOO::analyticGeometry*>&, dtOO::labeledVectorHandling<dtOO::boundedVolume*>&, dtOO::labeledVectorHandling<dtOO::dtCase*>&, dtOO::labeledVectorHandling<dtOO::dtPlugin*>&) const + 541
[ 24  ]     0x1526fef1cea8 /home/st/st_us-042020/st_ac136362/dtOO/install/tools/_dtOOPythonSWIG.so(+0x32cea8) [0x1526fef1cea8]
[ 25  ]     0x15270dcfc58a /opt/bwhpc/common/devel/python/3.13.3_gnu_14.2/lib64/libpython3.13.so.1.0(+0x1aa58a) [0x15270dcfc58a]
[ 26  ]     0x15270dcd28a0 _PyObject_MakeTpCall + 320
[ 27  ]     0x15270dce5ddd _PyEval_EvalFrameDefault + 15949
[ 28  ]     0x15270dd6fd5c PyEval_EvalCode + 172
[ 29  ]     0x15270dda967c /opt/bwhpc/common/devel/python/3.13.3_gnu_14.2/lib64/libpython3.13.so.1.0(+0x25767c) [0x15270dda967c]
[ 30  ]     0x15270dda6f16 /opt/bwhpc/common/devel/python/3.13.3_gnu_14.2/lib64/libpython3.13.so.1.0(+0x254f16) [0x15270dda6f16]
[ 31  ]     0x15270dda49e5 /opt/bwhpc/common/devel/python/3.13.3_gnu_14.2/lib64/libpython3.13.so.1.0(+0x2529e5) [0x15270dda49e5]
[ 32  ]     0x15270dda3d53 /opt/bwhpc/common/devel/python/3.13.3_gnu_14.2/lib64/libpython3.13.so.1.0(+0x251d53) [0x15270dda3d53]
[ 33  ]     0x15270dda3b6a /opt/bwhpc/common/devel/python/3.13.3_gnu_14.2/lib64/libpython3.13.so.1.0(+0x251b6a) [0x15270dda3b6a]
[ 34  ]     0x15270dda1f99 Py_RunMain + 985
[ 35  ]     0x15270dd5e66b Py_BytesMain + 59
[ 36  ]     0x15270d8295d0 /lib64/libc.so.6(+0x295d0) [0x15270d8295d0]
[ 37  ]     0x15270d829680 __libc_start_main + 128
[ 38  ]     0x55e494869095 _start + 37


Honor thy error as a hidden intention. (Brian Eno)

