Worker 7 ready on uc2n606.localdomain: PYRO:obj_ca1e49c9cf2d448a80c7cd14c212f6e0@uc2n606.localdomain:36071
[optimize] dtOO build FAILED (worker 7):
bash: Agent: command not found
bash: Agent: command not found
bash: Agent: command not found
OpenFoam-v2412 is unloaded 

Don't forget to initialize OpenFOAM with:

	source $FOAM_INIT

or simply:

	foamInit

Warning : Gmsh has aleady been initialized
Warning : Gmsh has aleady been initialized
Warning : Gmsh has aleady been initialized
Warning : Gmsh has aleady been initialized
Warning : Gmsh has aleady been initialized
Warning : Gmsh has aleady been initialized
Warning : Gmsh has aleady been initialized
Warning : Gmsh has aleady been initialized
Warning : Gmsh has aleady been initialized
Warning : Gmsh has aleady been initialized
Warning : Gmsh has aleady been initialized
Warning : Gmsh has aleady been initialized
Warning : Gmsh has aleady been initialized
Warning : Gmsh has aleady been initialized
Warning : Gmsh has aleady been initialized
Warning : Gmsh has aleady been initialized
[dtoo] loaded 30 design parameters from /scratch/slurm_tmpdir/job_6038582/worker_7/design.json
[dtoo] applied 30 parameter overrides
Traceback (most recent call last):
  File "/pfs/work9/workspace/scratch/st_ac136362-eigenfreq/eigenfrequencies/turbine_runner/dtoo_export.py", line 113, in <module>
    main()
    ~~~~^^
  File "/pfs/work9/workspace/scratch/st_ac136362-eigenfreq/eigenfrequencies/turbine_runner/dtoo_export.py", line 93, in main
    parser.destroyAndCreate(bC, cV, aF, aG, bV, dC, dP)
    ~~~~~~~~~~~~~~~~~~~~~~~^^^^^^^^^^^^^^^^^^^^^^^^^^^^
  File "/home/st/st_us-042020/st_ac136362/dtOO/install/tools/dtOOPythonSWIG.py", line 22262, in destroyAndCreate
    return _dtOOPythonSWIG.dtXmlParser_destroyAndCreate(self, bC, cV, aF, aG, bV, dC, pL)
           ~~~~~~~~~~~~~~~~~~~~~~~~~~~~~~~~~~~~~~~~~~~~^^^^^^^^^^^^^^^^^^^^^^^^^^^^^^^^^^
Exception: [ map2dTo3d::reparamOnFace() ]
*-> file '/home/st/st_us-042020/st_ac136362/dtOO/src/geometryKernel/analyticGeometryHeaven/map2dTo3d.cpp'
*-> line '250'

condition: !md.converged() is true.

Backtrace
[ 1   ]     0x149526fee654 /home/st/st_us-042020/st_ac136362/dtOO/install/lib/libdtOO.so.2(+0x2b9654) [0x149526fee654]
[ 2   ]     0x1495273a4f2d dtOO::dtGmshFace::setMap2dTo3d(dtOO::map2dTo3d const*) + 285
[ 3   ]     0x1495273bdffb dtOO::dtGmshModel::addIfFaceToGmshModel(dtOO::map2dTo3d const*, int*, std::__cxx11::list<GEdge*, std::allocator<GEdge*> > const&, std::vector<int, std::allocator<int> > const&) + 907
[ 4   ]     0x1495273be696 dtOO::dtGmshModel::addIfFaceToGmshModel(dtOO::map2dTo3d const*, int*) + 934
[ 5   ]     0x1495273beb34 dtOO::dtGmshModel::addIfRegionToGmshModel(dtOO::map3dTo3d const*, int*) + 612
[ 6   ]     0x149527498d4f dtOO::map3dTo3dGmsh::jInit(dtOO::jsonPrimitive const&, dtOO::baseContainer*, dtOO::labeledVectorHandling<dtOO::constValue*> const*, dtOO::labeledVectorHandling<dtOO::analyticFunction*> const*, dtOO::labeledVectorHandling<dtOO::analyticGeometry*> const*, dtOO::labeledVectorHandling<dtOO::boundedVolume*> const*) + 191
[ 7   ]     0x14952749914a dtOO::map3dTo3dGmsh::init(QDomElement const&, dtOO::baseContainer*, dtOO::labeledVectorHandling<dtOO::constValue*> const*, dtOO::labeledVectorHandling<dtOO::analyticFunction*> const*, dtOO::labeledVectorHandling<dtOO::analyticGeometry*> const*, dtOO::labeledVectorHandling<dtOO::boundedVolume*> const*) + 906
[ 8   ]     0x1495271e881e dtOO::dtXmlParser::createBoundedVolume(std::__cxx11::basic_string<char, std::char_traits<char>, std::allocator<char> >, dtOO::baseContainer*, dtOO::labeledVectorHandling<dtOO::constValue*> const*, dtOO::labeledVectorHandling<dtOO::analyticFunction*> const*, dtOO::labeledVectorHandling<dtOO::analyticGeometry*> const*, dtOO::labeledVectorHandling<dtOO::boundedVolume*>*) const + 430
[ 9   ]     0x1495271e896a dtOO::dtXmlParser::createBoundedVolume(dtOO::baseContainer*, dtOO::labeledVectorHandling<dtOO::constValue*> const*, dtOO::labeledVectorHandling<dtOO::analyticFunction*> const*, dtOO::labeledVectorHandling<dtOO::analyticGeometry*> const*, dtOO::labeledVectorHandling<dtOO::boundedVolume*>*) const + 234
[ 10  ]     0x1495271f263d dtOO::dtXmlParser::destroyAndCreate(dtOO::baseContainer&, dtOO::labeledVectorHandling<dtOO::constValue*>&, dtOO::labeledVectorHandling<dtOO::analyticFunction*>&, dtOO::labeledVectorHandling<dtOO::analyticGeometry*>&, dtOO::labeledVectorHandling<dtOO::boundedVolume*>&, dtOO::labeledVectorHandling<dtOO::dtCase*>&, dtOO::labeledVectorHandling<dtOO::dtPlugin*>&) const + 541
[ 11  ]     0x149527a1cea8 /home/st/st_us-042020/st_ac136362/dtOO/install/tools/_dtOOPythonSWIG.so(+0x32cea8) [0x149527a1cea8]
[ 12  ]     0x1495367c758a /opt/bwhpc/common/devel/python/3.13.3_gnu_14.2/lib64/libpython3.13.so.1.0(+0x1aa58a) [0x1495367c758a]
[ 13  ]     0x14953679d8a0 _PyObject_MakeTpCall + 320
[ 14  ]     0x1495367b0ddd _PyEval_EvalFrameDefault + 15949
[ 15  ]     0x14953683ad5c PyEval_EvalCode + 172
[ 16  ]     0x14953687467c /opt/bwhpc/common/devel/python/3.13.3_gnu_14.2/lib64/libpython3.13.so.1.0(+0x25767c) [0x14953687467c]
[ 17  ]     0x149536871f16 /opt/bwhpc/common/devel/python/3.13.3_gnu_14.2/lib64/libpython3.13.so.1.0(+0x254f16) [0x149536871f16]
[ 18  ]     0x14953686f9e5 /opt/bwhpc/common/devel/python/3.13.3_gnu_14.2/lib64/libpython3.13.so.1.0(+0x2529e5) [0x14953686f9e5]
[ 19  ]     0x14953686ed53 /opt/bwhpc/common/devel/python/3.13.3_gnu_14.2/lib64/libpython3.13.so.1.0(+0x251d53) [0x14953686ed53]
[ 20  ]     0x14953686eb6a /opt/bwhpc/common/devel/python/3.13.3_gnu_14.2/lib64/libpython3.13.so.1.0(+0x251b6a) [0x14953686eb6a]
[ 21  ]     0x14953686cf99 Py_RunMain + 985
[ 22  ]     0x14953682966b Py_BytesMain + 59
[ 23  ]     0x1495364295d0 /lib64/libc.so.6(+0x295d0) [0x1495364295d0]
[ 24  ]     0x149536429680 __libc_start_main + 128
[ 25  ]     0x55df3433b095 _start + 37


Honor thy error as a hidden intention. (Brian Eno)

[optimize] dtOO build FAILED (worker 7):
bash: Agent: command not found
bash: Agent: command not found
bash: Agent: command not found
OpenFoam-v2412 is unloaded 

Don't forget to initialize OpenFOAM with:

	source $FOAM_INIT

or simply:

	foamInit

Warning : Gmsh has aleady been initialized
Warning : Gmsh has aleady been initialized
Warning : Gmsh has aleady been initialized
Warning : Gmsh has aleady been initialized
Warning : Gmsh has aleady been initialized
Warning : Gmsh has aleady been initialized
Warning : Gmsh has aleady been initialized
Warning : Gmsh has aleady been initialized
Warning : Gmsh has aleady been initialized
Warning : Gmsh has aleady been initialized
Warning : Gmsh has aleady been initialized
Warning : Gmsh has aleady been initialized
Warning : Gmsh has aleady been initialized
Warning : Gmsh has aleady been initialized
Warning : Gmsh has aleady been initialized
Warning : Gmsh has aleady been initialized
[dtoo] loaded 30 design parameters from /scratch/slurm_tmpdir/job_6038582/worker_7/design.json
[dtoo] applied 30 parameter overrides
Traceback (most recent call last):
  File "/pfs/work9/workspace/scratch/st_ac136362-eigenfreq/eigenfrequencies/turbine_runner/dtoo_export.py", line 113, in <module>
    main()
    ~~~~^^
  File "/pfs/work9/workspace/scratch/st_ac136362-eigenfreq/eigenfrequencies/turbine_runner/dtoo_export.py", line 93, in main
    parser.destroyAndCreate(bC, cV, aF, aG, bV, dC, dP)
    ~~~~~~~~~~~~~~~~~~~~~~~^^^^^^^^^^^^^^^^^^^^^^^^^^^^
  File "/home/st/st_us-042020/st_ac136362/dtOO/install/tools/dtOOPythonSWIG.py", line 22262, in destroyAndCreate
    return _dtOOPythonSWIG.dtXmlParser_destroyAndCreate(self, bC, cV, aF, aG, bV, dC, pL)
           ~~~~~~~~~~~~~~~~~~~~~~~~~~~~~~~~~~~~~~~~~~~~^^^^^^^^^^^^^^^^^^^^^^^^^^^^^^^^^^
Exception: [ map2dTo3d::reparamOnFace() ]
*-> file '/home/st/st_us-042020/st_ac136362/dtOO/src/geometryKernel/analyticGeometryHeaven/map2dTo3d.cpp'
*-> line '250'

condition: !md.converged() is true.

Backtrace
[ 1   ]     0x14ebd56ee654 /home/st/st_us-042020/st_ac136362/dtOO/install/lib/libdtOO.so.2(+0x2b9654) [0x14ebd56ee654]
[ 2   ]     0x14ebd5aa4f2d dtOO::dtGmshFace::setMap2dTo3d(dtOO::map2dTo3d const*) + 285
[ 3   ]     0x14ebd5abdffb dtOO::dtGmshModel::addIfFaceToGmshModel(dtOO::map2dTo3d const*, int*, std::__cxx11::list<GEdge*, std::allocator<GEdge*> > const&, std::vector<int, std::allocator<int> > const&) + 907
[ 4   ]     0x14ebd5abe696 dtOO::dtGmshModel::addIfFaceToGmshModel(dtOO::map2dTo3d const*, int*) + 934
[ 5   ]     0x14ebd5abea76 dtOO::dtGmshModel::addIfRegionToGmshModel(dtOO::map3dTo3d const*, int*) + 422
[ 6   ]     0x14ebd5b98d4f dtOO::map3dTo3dGmsh::jInit(dtOO::jsonPrimitive const&, dtOO::baseContainer*, dtOO::labeledVectorHandling<dtOO::constValue*> const*, dtOO::labeledVectorHandling<dtOO::analyticFunction*> const*, dtOO::labeledVectorHandling<dtOO::analyticGeometry*> const*, dtOO::labeledVectorHandling<dtOO::boundedVolume*> const*) + 191
[ 7   ]     0x14ebd5b9914a dtOO::map3dTo3dGmsh::init(QDomElement const&, dtOO::baseContainer*, dtOO::labeledVectorHandling<dtOO::constValue*> const*, dtOO::labeledVectorHandling<dtOO::analyticFunction*> const*, dtOO::labeledVectorHandling<dtOO::analyticGeometry*> const*, dtOO::labeledVectorHandling<dtOO::boundedVolume*> const*) + 906
[ 8   ]     0x14ebd58e881e dtOO::dtXmlParser::createBoundedVolume(std::__cxx11::basic_string<char, std::char_traits<char>, std::allocator<char> >, dtOO::baseContainer*, dtOO::labeledVectorHandling<dtOO::constValue*> const*, dtOO::labeledVectorHandling<dtOO::analyticFunction*> const*, dtOO::labeledVectorHandling<dtOO::analyticGeometry*> const*, dtOO::labeledVectorHandling<dtOO::boundedVolume*>*) const + 430
[ 9   ]     0x14ebd58e896a dtOO::dtXmlParser::createBoundedVolume(dtOO::baseContainer*, dtOO::labeledVectorHandling<dtOO::constValue*> const*, dtOO::labeledVectorHandling<dtOO::analyticFunction*> const*, dtOO::labeledVectorHandling<dtOO::analyticGeometry*> const*, dtOO::labeledVectorHandling<dtOO::boundedVolume*>*) const + 234
[ 10  ]     0x14ebd58f263d dtOO::dtXmlParser::destroyAndCreate(dtOO::baseContainer&, dtOO::labeledVectorHandling<dtOO::constValue*>&, dtOO::labeledVectorHandling<dtOO::analyticFunction*>&, dtOO::labeledVectorHandling<dtOO::analyticGeometry*>&, dtOO::labeledVectorHandling<dtOO::boundedVolume*>&, dtOO::labeledVectorHandling<dtOO::dtCase*>&, dtOO::labeledVectorHandling<dtOO::dtPlugin*>&) const + 541
[ 11  ]     0x14ebd611cea8 /home/st/st_us-042020/st_ac136362/dtOO/install/tools/_dtOOPythonSWIG.so(+0x32cea8) [0x14ebd611cea8]
[ 12  ]     0x14ebe4f2d58a /opt/bwhpc/common/devel/python/3.13.3_gnu_14.2/lib64/libpython3.13.so.1.0(+0x1aa58a) [0x14ebe4f2d58a]
[ 13  ]     0x14ebe4f038a0 _PyObject_MakeTpCall + 320
[ 14  ]     0x14ebe4f16ddd _PyEval_EvalFrameDefault + 15949
[ 15  ]     0x14ebe4fa0d5c PyEval_EvalCode + 172
[ 16  ]     0x14ebe4fda67c /opt/bwhpc/common/devel/python/3.13.3_gnu_14.2/lib64/libpython3.13.so.1.0(+0x25767c) [0x14ebe4fda67c]
[ 17  ]     0x14ebe4fd7f16 /opt/bwhpc/common/devel/python/3.13.3_gnu_14.2/lib64/libpython3.13.so.1.0(+0x254f16) [0x14ebe4fd7f16]
[ 18  ]     0x14ebe4fd59e5 /opt/bwhpc/common/devel/python/3.13.3_gnu_14.2/lib64/libpython3.13.so.1.0(+0x2529e5) [0x14ebe4fd59e5]
[ 19  ]     0x14ebe4fd4d53 /opt/bwhpc/common/devel/python/3.13.3_gnu_14.2/lib64/libpython3.13.so.1.0(+0x251d53) [0x14ebe4fd4d53]
[ 20  ]     0x14ebe4fd4b6a /opt/bwhpc/common/devel/python/3.13.3_gnu_14.2/lib64/libpython3.13.so.1.0(+0x251b6a) [0x14ebe4fd4b6a]
[ 21  ]     0x14ebe4fd2f99 Py_RunMain + 985
[ 22  ]     0x14ebe4f8f66b Py_BytesMain + 59
[ 23  ]     0x14ebe4a295d0 /lib64/libc.so.6(+0x295d0) [0x14ebe4a295d0]
[ 24  ]     0x14ebe4a29680 __libc_start_main + 128
[ 25  ]     0x5592218fc095 _start + 37


Honor thy error as a hidden intention. (Brian Eno)

