
Don't forget to initialize OpenFOAM with:

	source $FOAM_INIT

or simply:

	foamInit

========================================
[DE] variant=cfd_only eval_mode=cfd_only on uc2n601.localdomain
[DE] POP_SIZE=24  MAX_GEN=1  SEED=42
[DE] W_RESONANCE=0.0  CFD_ENABLED=1
[DE] SLURM: 6 nodes x 4 tasks/node, job 6038699
[DE] state=/pfs/work9/workspace/scratch/st_ac136362-eigenfreq/eigenfrequencies/turbine_runner/de_state_cfd_only.json
[DE] history=/pfs/work9/workspace/scratch/st_ac136362-eigenfreq/eigenfrequencies/turbine_runner/de_history_cfd_only.jsonl
[DE] CFD_CASE_DIR=/scratch/slurm_tmpdir/job_6038699
========================================
[DE] Starting 24 workers via srun (distributed across 6 nodes)...
[DE] Running DE client...
[DE] main() entered pid=3327388 cwd=/pfs/work9/workspace/scratch/st_ac136362-eigenfreq/eigenfrequencies
[DE] configs loaded pop_size=24 max_gen=1 eval_mode=cfd_only w_resonance=0.0 labels=['cV_ru_alpha_1_ex_0.0', 'cV_ru_alpha_1_ex_0.5', 'cV_ru_alpha_1_ex_1.0', 'cV_ru_alpha_2_ex_0.0', 'cV_ru_alpha_2_ex_0.5', 'cV_ru_alpha_2_ex_1.0', 'cV_ru_offsetM_ex_0.0', 'cV_ru_offsetM_ex_0.5', 'cV_ru_offsetM_ex_1.0', 'cV_ru_ratio_0.0', 'cV_ru_ratio_0.5', 'cV_ru_ratio_1.0', 'cV_ru_offsetPhiR_ex_0.0', 'cV_ru_offsetPhiR_ex_0.5', 'cV_ru_offsetPhiR_ex_1.0', 'cV_ru_bladeLength_0.0', 'cV_ru_bladeLength_0.5', 'cV_ru_bladeLength_1.0', 'cV_ru_t_le_a_0', 'cV_ru_t_le_a_0.5', 'cV_ru_t_le_a_1', 'cV_ru_t_mid_a_0', 'cV_ru_t_mid_a_0.5', 'cV_ru_t_mid_a_1', 'cV_ru_t_te_a_0', 'cV_ru_t_te_a_0.5', 'cV_ru_t_te_a_1', 'cV_ru_u_mid_a_0', 'cV_ru_u_mid_a_0.5', 'cV_ru_u_mid_a_1']
[DE] discovery: uri_dir=/pfs/work9/workspace/scratch/st_ac136362-eigenfreq/eigenfrequencies/server_logs/cfd_only/uris expected=24 timeout=600s
[DE] discovery: 8/24 URIs after 0s
[DE] Discovered 24 workers from /pfs/work9/workspace/scratch/st_ac136362-eigenfreq/eigenfrequencies/server_logs/cfd_only/uris
[DE] discovery done n_workers=24 elapsed=2.3s
[DE] population=24 dim=30 mutation=0.8 crossover=0.9 max_gen=1 tol=0.01 seed=42 workers=24
[DE] state_file=/pfs/work9/workspace/scratch/st_ac136362-eigenfreq/eigenfrequencies/turbine_runner/de_state_cfd_only.json history_file=/pfs/work9/workspace/scratch/st_ac136362-eigenfreq/eigenfrequencies/turbine_runner/de_history_cfd_only.jsonl
[DE] no checkpoint found at /pfs/work9/workspace/scratch/st_ac136362-eigenfreq/eigenfrequencies/turbine_runner/de_state_cfd_only.json — starting fresh gen 0
[DE] gen 0: dispatching 24 evals to 24 workers
gen 0:   0%|                                             | 0/24 [00:00<?, ?it/s]gen 0:   4%|▋                | 1/24 [01:39<38:12, 99.65s/it, ok=0/24 best=1e+06]gen 0: 100%|████████████████| 24/24 [01:44<00:00,  4.35s/it, ok=0/24 best=1e+06]
[DE] Generation 0 best=1000000.000000 mean=1000000.000000 ok=0/24
[DE]   best fitness: error=cfd_failed
[DE] gen 1: dispatching 24 trial evals to 24 workers
gen 1:   0%|                                             | 0/24 [00:00<?, ?it/s]gen 1: 100%|████████████████| 24/24 [00:06<00:00,  3.89it/s, ok=0/24 best=1e+06]
[DE] Generation 1 best=1000000.000000 mean=1000000.000000 ok=0/24
[DE]   best fitness: error=cfd_failed

============================================================
[DE] BEST  objective = 1000000.000000
[DE] BEST  design    = {'cV_ru_alpha_1_ex_0.0': 0.004872982423868022, 'cV_ru_alpha_1_ex_0.5': -0.11506513546824179, 'cV_ru_alpha_1_ex_1.0': -0.015079716192407971, 'cV_ru_alpha_2_ex_0.0': 0.03402273030531863, 'cV_ru_alpha_2_ex_0.5': 0.03875801072398795, 'cV_ru_alpha_2_ex_1.0': -0.06818810955839917, 'cV_ru_offsetM_ex_0.0': 1.4337715415968637, 'cV_ru_offsetM_ex_0.5': 1.3086522283750657, 'cV_ru_offsetM_ex_1.0': 1.3286597825110331, 'cV_ru_ratio_0.0': 0.5155095255375718, 'cV_ru_ratio_0.5': 0.40202440411861723, 'cV_ru_ratio_1.0': 0.5354515688199649, 'cV_ru_offsetPhiR_ex_0.0': 0.04571841251056208, 'cV_ru_offsetPhiR_ex_0.5': -0.0026510870865109615, 'cV_ru_offsetPhiR_ex_1.0': 0.04602043523346666, 'cV_ru_bladeLength_0.0': 0.40400214390547823, 'cV_ru_bladeLength_0.5': 0.6833682636796429, 'cV_ru_bladeLength_1.0': 1.098288373885862, 'cV_ru_t_le_a_0': 0.04333963143275606, 'cV_ru_t_le_a_0.5': 0.05970486035898813, 'cV_ru_t_le_a_1': 0.027243502852337103, 'cV_ru_t_mid_a_0': 0.014698095985221829, 'cV_ru_t_mid_a_0.5': 0.028962957830934426, 'cV_ru_t_mid_a_1': 0.04796504902806092, 'cV_ru_t_te_a_0': 0.01577708084197574, 'cV_ru_t_te_a_0.5': 0.01945021940488333, 'cV_ru_t_te_a_1': 0.009023193367017956, 'cV_ru_u_mid_a_0': 0.42832406190006633, 'cV_ru_u_mid_a_0.5': 0.41227246166708625, 'cV_ru_u_mid_a_1': 0.4671394674924954}
[DE] BREAKDOWN      = {
  "error": "cfd_failed",
  "worker_id": 0,
  "eval_mode": "cfd_only"
}
============================================================
[DE] Done. Logs: /pfs/work9/workspace/scratch/st_ac136362-eigenfreq/eigenfrequencies/server_logs/cfd_only

============================= JOB FEEDBACK =============================

NodeName=uc2n[601-606]
Job ID: 6038699
Cluster: uc3
User/Group: st_ac136362/st_us-042020
State: COMPLETED (exit code 0)
Nodes: 6
Cores per node: 128
CPU Utilized: 00:00:02
CPU Efficiency: 0.00% of 1-03:31:12 core-walltime
Job Wall-clock time: 00:02:09
Memory Utilized: 346.59 MB
Memory Efficiency: 0.05% of 750.00 GB (1000.00 MB/core)
