
Don't forget to initialize OpenFOAM with:

	source $FOAM_INIT

or simply:

	foamInit


The following have been reloaded with a version change:
  1) compiler/gnu/15.2 => compiler/gnu/14.2

========================================
[DE] variant=cfd_only eval_mode=cfd_only on uc2n601.localdomain
[DE] POP_SIZE=16  MAX_GEN=100  SEED=42
[DE] W_RESONANCE=0.0  CFD_ENABLED=1
[DE] SLURM: 4 nodes x 4 tasks/node, job 6122346
[DE] state=/pfs/work9/workspace/scratch/st_ac136362-eigenfreq/eigenfrequencies/turbine_runner/de_state_cfd_only.json
[DE] history=/pfs/work9/workspace/scratch/st_ac136362-eigenfreq/eigenfrequencies/turbine_runner/de_history_cfd_only.jsonl
[DE] CFD_CASE_DIR=/scratch/slurm_tmpdir/job_6122346
========================================
[DE] Starting 16 workers via srun (distributed across 4 nodes)...
[DE] Running DE client...
[DE] main() entered pid=3786519 cwd=/pfs/work9/workspace/scratch/st_ac136362-eigenfreq/eigenfrequencies
[DE] configs loaded pop_size=16 max_gen=100 eval_mode=cfd_only w_resonance=0.0 labels=['cV_ru_alpha_1_ex_0.0', 'cV_ru_alpha_1_ex_0.5', 'cV_ru_alpha_1_ex_1.0', 'cV_ru_alpha_2_ex_0.0', 'cV_ru_alpha_2_ex_0.5', 'cV_ru_alpha_2_ex_1.0', 'cV_ru_offsetM_ex_0.0', 'cV_ru_offsetM_ex_0.5', 'cV_ru_offsetM_ex_1.0', 'cV_ru_ratio_0.0', 'cV_ru_ratio_0.5', 'cV_ru_ratio_1.0', 'cV_ru_offsetPhiR_ex_0.0', 'cV_ru_offsetPhiR_ex_0.5', 'cV_ru_offsetPhiR_ex_1.0', 'cV_ru_bladeLength_0.0', 'cV_ru_bladeLength_0.5', 'cV_ru_bladeLength_1.0', 'cV_ru_t_le_a_0', 'cV_ru_t_le_a_0.5', 'cV_ru_t_le_a_1', 'cV_ru_t_mid_a_0', 'cV_ru_t_mid_a_0.5', 'cV_ru_t_mid_a_1', 'cV_ru_t_te_a_0', 'cV_ru_t_te_a_0.5', 'cV_ru_t_te_a_1', 'cV_ru_u_mid_a_0', 'cV_ru_u_mid_a_0.5', 'cV_ru_u_mid_a_1']
[DE] discovery: uri_dir=/pfs/work9/workspace/scratch/st_ac136362-eigenfreq/eigenfrequencies/server_logs/cfd_only/uris expected=16 timeout=600s
[DE] discovery: 0/16 URIs after 0s
[DE] Discovered 16 workers from /pfs/work9/workspace/scratch/st_ac136362-eigenfreq/eigenfrequencies/server_logs/cfd_only/uris
[DE] discovery done n_workers=16 elapsed=2.1s
[DE] population=16 dim=30 mutation=0.8 crossover=0.9 max_gen=100 tol=0.01 seed=42 workers=16
[DE] state_file=/pfs/work9/workspace/scratch/st_ac136362-eigenfreq/eigenfrequencies/turbine_runner/de_state_cfd_only.json history_file=/pfs/work9/workspace/scratch/st_ac136362-eigenfreq/eigenfrequencies/turbine_runner/de_history_cfd_only.jsonl
[DE] Resuming from /pfs/work9/workspace/scratch/st_ac136362-eigenfreq/eigenfrequencies/turbine_runner/de_state_cfd_only.json at generation 101 (best=2.336004).

============================================================
[DE] BEST  objective = 2.336004
[DE] BEST  design    = {'cV_ru_alpha_1_ex_0.0': 0.01311610530507214, 'cV_ru_alpha_1_ex_0.5': -0.12700266992789785, 'cV_ru_alpha_1_ex_1.0': -0.014804032759058214, 'cV_ru_alpha_2_ex_0.0': 0.029665205405316426, 'cV_ru_alpha_2_ex_0.5': 0.0358089528747303, 'cV_ru_alpha_2_ex_1.0': -0.060667425868614636, 'cV_ru_offsetM_ex_0.0': 1.447224427521962, 'cV_ru_offsetM_ex_0.5': 1.3420871810611343, 'cV_ru_offsetM_ex_1.0': 1.3247971405297856, 'cV_ru_ratio_0.0': 0.5085500994208647, 'cV_ru_ratio_0.5': 0.4, 'cV_ru_ratio_1.0': 0.5378765367326771, 'cV_ru_offsetPhiR_ex_0.0': 0.04836701288736774, 'cV_ru_offsetPhiR_ex_0.5': -0.01891690817001146, 'cV_ru_offsetPhiR_ex_1.0': 0.04737778195788477, 'cV_ru_bladeLength_0.0': 0.4085667105082563, 'cV_ru_bladeLength_0.5': 0.7337177444303213, 'cV_ru_bladeLength_1.0': 1.1452094891679037, 'cV_ru_t_le_a_0': 0.0409932122187193, 'cV_ru_t_le_a_0.5': 0.058914556114727894, 'cV_ru_t_le_a_1': 0.023219037347285344, 'cV_ru_t_mid_a_0': 0.013073651696822241, 'cV_ru_t_mid_a_0.5': 0.029830871590807863, 'cV_ru_t_mid_a_1': 0.05128114648550356, 'cV_ru_t_te_a_0': 0.013772100288180818, 'cV_ru_t_te_a_0.5': 0.01765131669469689, 'cV_ru_t_te_a_1': 0.005, 'cV_ru_u_mid_a_0': 0.42669740269461726, 'cV_ru_u_mid_a_0.5': 0.4016483175484906, 'cV_ru_u_mid_a_1': 0.46184507321883467}
[DE] BREAKDOWN      = {
  "total": 2.3360037290003612,
  "f_cfd": 2.3360037290003612,
  "f_resonance": null,
  "eta": 0.8211347827525084,
  "vcav": 0.001386547,
  "dH": -1.9916717635066257,
  "note": "resonance skipped (EVAL_MODE=cfd_only)",
  "worker_id": 15,
  "eval_mode": "cfd_only"
}
============================================================
[DE] Done. Logs: /pfs/work9/workspace/scratch/st_ac136362-eigenfreq/eigenfrequencies/server_logs/cfd_only

============================= JOB FEEDBACK =============================

NodeName=uc2n[601-604]
Job ID: 6122346
Cluster: uc3
User/Group: st_ac136362/st_us-042020
State: COMPLETED (exit code 0)
Nodes: 4
Cores per node: 128
CPU Utilized: 00:00:02
CPU Efficiency: 0.02% of 02:33:36 core-walltime
Job Wall-clock time: 00:00:18
Memory Utilized: 171.58 MB
Memory Efficiency: 0.03% of 500.00 GB (1000.00 MB/core)
The task which had the largest memory consumption differs by 100.10% from the average task max memory consumption
