
Don't forget to initialize OpenFOAM with:

	source $FOAM_INIT

or simply:

	foamInit

========================================
[DE] variant=cfd_only eval_mode=cfd_only on uc2n602.localdomain
[DE] POP_SIZE=24  MAX_GEN=1  SEED=42
[DE] W_RESONANCE=0.0  CFD_ENABLED=1
[DE] SLURM: 6 nodes x 4 tasks/node, job 6026413
[DE] state=/pfs/work9/workspace/scratch/st_ac136362-eigenfreq/eigenfrequencies/turbine_runner/de_state_cfd_only.json
[DE] history=/pfs/work9/workspace/scratch/st_ac136362-eigenfreq/eigenfrequencies/turbine_runner/de_history_cfd_only.jsonl
[DE] CFD_CASE_DIR=/scratch/slurm_tmpdir/job_6026413
========================================
[DE] Starting 24 workers via srun (distributed across 6 nodes)...
[DE] Running DE client...
[DE] main() entered pid=786895 cwd=/pfs/work9/workspace/scratch/st_ac136362-eigenfreq/eigenfrequencies
[DE] configs loaded pop_size=24 max_gen=1 eval_mode=cfd_only w_resonance=0.0 labels=['cV_ru_alpha_1_ex_0.0', 'cV_ru_alpha_2_ex_0.0', 'cV_ru_M_ex_0.0', 'cV_ru_offsetM_ex_0.0', 'cV_ru_offsetPhiR_ex_0.0', 'cV_ru_ratio_0.0', 'cV_ru_bladeLength_0.0', 'cV_ru_alpha_1_ex_0.5', 'cV_ru_alpha_2_ex_0.5', 'cV_ru_M_ex_0.5', 'cV_ru_offsetM_ex_0.5', 'cV_ru_offsetPhiR_ex_0.5', 'cV_ru_ratio_0.5', 'cV_ru_bladeLength_0.5', 'cV_ru_alpha_1_ex_1.0', 'cV_ru_alpha_2_ex_1.0', 'cV_ru_M_ex_1.0', 'cV_ru_offsetM_ex_1.0', 'cV_ru_offsetPhiR_ex_1.0', 'cV_ru_ratio_1.0', 'cV_ru_bladeLength_1.0', 'cV_ru_t_le_a_0', 'cV_ru_t_mid_a_0', 'cV_ru_t_te_a_0', 'cV_ru_t_le_a_0.5', 'cV_ru_t_mid_a_0.5', 'cV_ru_t_te_a_0.5', 'cV_ru_t_le_a_1', 'cV_ru_t_mid_a_1', 'cV_ru_t_te_a_1']
[DE] discovery: uri_dir=/pfs/work9/workspace/scratch/st_ac136362-eigenfreq/eigenfrequencies/server_logs/cfd_only/uris expected=24 timeout=600s
[DE] discovery: 0/24 URIs after 0s
[DE] Discovered 24 workers from /pfs/work9/workspace/scratch/st_ac136362-eigenfreq/eigenfrequencies/server_logs/cfd_only/uris
[DE] discovery done n_workers=24 elapsed=2.2s
[DE] population=24 dim=30 mutation=0.8 crossover=0.9 max_gen=1 tol=0.01 seed=42 workers=24
[DE] state_file=/pfs/work9/workspace/scratch/st_ac136362-eigenfreq/eigenfrequencies/turbine_runner/de_state_cfd_only.json history_file=/pfs/work9/workspace/scratch/st_ac136362-eigenfreq/eigenfrequencies/turbine_runner/de_history_cfd_only.jsonl
[DE] no checkpoint found at /pfs/work9/workspace/scratch/st_ac136362-eigenfreq/eigenfrequencies/turbine_runner/de_state_cfd_only.json — starting fresh gen 0
[DE] gen 0: dispatching 24 evals to 24 workers
gen 0:   0%|                                             | 0/24 [00:00<?, ?it/s]gen 0: 100%|████████████████| 24/24 [00:14<00:00,  1.67it/s, ok=0/24 best=1e+06]
[DE] Generation 0 best=1000000.000000 mean=1000000.000000 ok=0/24
[DE]   best fitness: error=cfd_failed
[DE] gen 1: dispatching 24 trial evals to 24 workers
gen 1:   0%|                                             | 0/24 [00:00<?, ?it/s]gen 1: 100%|████████████████| 24/24 [00:04<00:00,  5.93it/s, ok=0/24 best=1e+06]
[DE] Generation 1 best=1000000.000000 mean=1000000.000000 ok=0/24
[DE]   best fitness: error=cfd_failed

============================================================
[DE] BEST  objective = 1000000.000000
[DE] BEST  design    = {'cV_ru_alpha_1_ex_0.0': 6.6093407283394505, 'cV_ru_alpha_2_ex_0.0': -0.6112156024794766, 'cV_ru_M_ex_0.0': 0.14343916796455297, 'cV_ru_offsetM_ex_0.0': 3.1381561307671375, 'cV_ru_offsetPhiR_ex_0.0': -0.12174679563370513, 'cV_ru_ratio_0.0': 0.5951244703273512, 'cV_ru_bladeLength_0.0': 1.5461654337816706, 'cV_ru_alpha_1_ex_0.5': 6.790964579154307, 'cV_ru_alpha_2_ex_0.5': -3.7188636732445413, 'cV_ru_M_ex_0.5': -0.019845624841773157, 'cV_ru_offsetM_ex_0.5': 1.6685911090466155, 'cV_ru_offsetPhiR_ex_0.5': 0.12802949665458055, 'cV_ru_ratio_0.5': 0.5287730240161329, 'cV_ru_bladeLength_0.5': 1.663247065214577, 'cV_ru_alpha_1_ex_1.0': 1.6512129824099668, 'cV_ru_alpha_2_ex_1.0': -2.727612782152231, 'cV_ru_M_ex_1.0': 0.021833914806333926, 'cV_ru_offsetM_ex_1.0': 0.28717765246878896, 'cV_ru_offsetPhiR_ex_1.0': 0.0982893515977746, 'cV_ru_ratio_1.0': 0.5263328798244129, 'cV_ru_bladeLength_1.0': 1.5403667061622104, 'cV_ru_t_le_a_0': 0.029007551482259603, 'cV_ru_t_mid_a_0': 0.07768514392719736, 'cV_ru_t_te_a_0': 0.07155656858445361, 'cV_ru_t_le_a_0.5': 0.015789286444401474, 'cV_ru_t_mid_a_0.5': 0.005503496741335417, 'cV_ru_t_te_a_0.5': 0.00986769907081365, 'cV_ru_t_le_a_1': 0.0018322715499573467, 'cV_ru_t_mid_a_1': 0.004777210857215861, 'cV_ru_t_te_a_1': 0.013977930111606637}
[DE] BREAKDOWN      = {
  "error": "cfd_failed",
  "worker_id": 0,
  "eval_mode": "cfd_only"
}
============================================================
[DE] Done. Logs: /pfs/work9/workspace/scratch/st_ac136362-eigenfreq/eigenfrequencies/server_logs/cfd_only

============================= JOB FEEDBACK =============================

NodeName=uc2n[602-607]
Job ID: 6026413
Cluster: uc3
User/Group: st_ac136362/st_us-042020
State: COMPLETED (exit code 0)
Nodes: 6
Cores per node: 128
CPU Utilized: 00:00:02
CPU Efficiency: 0.01% of 08:19:12 core-walltime
Job Wall-clock time: 00:00:39
Memory Utilized: 257.48 MB
Memory Efficiency: 0.03% of 750.00 GB (1000.00 MB/core)
The task which had the largest memory consumption differs by 100.04% from the average task max memory consumption
