
Don't forget to initialize OpenFOAM with:

	source $FOAM_INIT

or simply:

	foamInit

========================================
[DE] variant=resonance_only eval_mode=resonance_only on uc2n601.localdomain
[DE] POP_SIZE=4  MAX_GEN=1  SEED=42
[DE] W_RESONANCE=1.0  CFD_ENABLED=0
[DE] SLURM: 1 nodes x 4 tasks/node, job 6093865
[DE] state=/pfs/work9/workspace/scratch/st_ac136362-eigenfreq/eigenfrequencies/turbine_runner/de_state_resonance_only.json
[DE] history=/pfs/work9/workspace/scratch/st_ac136362-eigenfreq/eigenfrequencies/turbine_runner/de_history_resonance_only.jsonl
[DE] CFD_CASE_DIR=/scratch/slurm_tmpdir/job_6093865
========================================
[DE] Starting 4 workers via srun (distributed across 1 nodes)...
[DE] Running DE client...
Traceback (most recent call last):
  File "/pfs/work9/workspace/scratch/st_ac136362-eigenfreq/eigenfrequencies/turbine_runner/optimize_de.py", line 31, in <module>
    from eigenfrequencies.config import (
    ...<5 lines>...
    )
ModuleNotFoundError: No module named 'eigenfrequencies'

============================= JOB FEEDBACK =============================

NodeName=uc2n601
Job ID: 6093865
Cluster: uc3
User/Group: st_ac136362/st_us-042020
State: FAILED (exit code 1)
Nodes: 1
Cores per node: 128
CPU Utilized: 00:00:02
CPU Efficiency: 0.09% of 00:36:16 core-walltime
Job Wall-clock time: 00:00:17
Memory Utilized: 42.84 MB
Memory Efficiency: 0.03% of 125.00 GB (1000.00 MB/core)
