========================================
[submit] host=uc2n680.localdomain job=6743903
[submit] config=cluster/configs/tistos-freq-only.toml
[submit] repo=/home/st/st_us-042020/st_ac136362/eigenfrequencies
[submit] venv=/home/st/st_us-042020/st_ac136362/venvs/hydroflow
========================================
[submit] config:     cpus=64 concurrent=8 ranks=1 threads=8 islands=2 mode=optimize
[submit] allocation: cpus=64 mem=240G
[submit] results  -> /pfs/work9/workspace/scratch/st_ac136362-eigenfreq/runs/tistos-freq-only
[submit] scratch  -> /scratch/slurm_tmpdir/job_6743903/hydroflow-scratch (KEEP_SCRATCH=1 to disable)
[submit] staging dolfinx.sqsh -> /scratch/slurm_tmpdir/job_6743903/enroot-images
[submit] staging dtOO.sqsh -> /scratch/slurm_tmpdir/job_6743903/enroot-images
[submit] images   -> /scratch/slurm_tmpdir/job_6743903/enroot-images (8.0G)
[submit] ---- check ----
configuration ok: case=tistos
[submit] ---- optimize ----
[2026-08-31T00:16:29.136] error: *** JOB 6743903 ON uc2n680 CANCELLED AT 2026-08-31T00:16:29 DUE to SIGNAL Terminated ***

============================= JOB FEEDBACK =============================

NodeName=uc2n680
Job ID: 6743903
Cluster: uc3
User/Group: st_ac136362/st_us-042020
State: CANCELLED (exit code 0)
Nodes: 1
Cores per node: 64
CPU Utilized: 00:00:05
CPU Efficiency: 0.01% of 14:05:52 core-walltime
Job Wall-clock time: 00:13:13
Memory Utilized: 840.68 MB
Memory Efficiency: 0.34% of 240.00 GB (240.00 GB/node)
