========================================
[submit] host=uc2n601.localdomain job=6743761
[submit] config=cluster/configs/tistos-smoke.toml
[submit] repo=/home/st/st_us-042020/st_ac136362/eigenfrequencies
[submit] venv=/home/st/st_us-042020/st_ac136362/venvs/hydroflow
========================================
[submit] config:     cpus=64 concurrent=2 ranks=1 threads=32 islands=1 mode=run
[submit] allocation: cpus=40 mem=90G
[submit] ERROR: config claims 64 cpus, allocation has 40.
[submit] Fix [resources].available_cpus or --cpus-per-task.

============================= JOB FEEDBACK =============================

NodeName=uc2n601
Job ID: 6743761
Cluster: uc3
User/Group: st_ac136362/st_us-042020
State: FAILED (exit code 1)
Nodes: 1
Cores per node: 40
CPU Utilized: 00:00:00
CPU Efficiency: 0.00% of 00:06:40 core-walltime
Job Wall-clock time: 00:00:10
Memory Utilized: 34.85 MB
Memory Efficiency: 0.04% of 90.00 GB (90.00 GB/node)
