========================================
[submit] host=uc2n601.localdomain job=6743874
[submit] config=cluster/configs/tistos-smoke.toml
[submit] repo=/home/st/st_us-042020/st_ac136362/eigenfrequencies
[submit] venv=/home/st/st_us-042020/st_ac136362/venvs/hydroflow
========================================
[submit] config:     cpus=64 concurrent=2 ranks=1 threads=32 islands=1 mode=run
[submit] allocation: cpus=64 mem=240G
[submit] results  -> /pfs/work9/workspace/scratch/st_ac136362-eigenfreq/runs/tistos-smoke
[submit] scratch  -> /scratch/slurm_tmpdir/job_6743874/hydroflow-scratch (KEEP_SCRATCH=1 to disable)
[submit] staging dolfinx.sqsh -> /scratch/slurm_tmpdir/job_6743874/enroot-images
[submit] staging dtOO.sqsh -> /scratch/slurm_tmpdir/job_6743874/enroot-images
[submit] images   -> /scratch/slurm_tmpdir/job_6743874/enroot-images (8.0G)
[submit] ---- check ----
configuration ok: case=tistos
[submit] ---- run ----
[2026-08-31T00:16:29.132] error: *** JOB 6743874 ON uc2n601 CANCELLED AT 2026-08-31T00:16:29 DUE to SIGNAL Terminated ***

============================= JOB FEEDBACK =============================

NodeName=uc2n601
Job ID: 6743874
Cluster: uc3
User/Group: st_ac136362/st_us-042020
State: CANCELLED (exit code 0)
Nodes: 1
Cores per node: 64
CPU Utilized: 00:00:05
CPU Efficiency: 0.00% of 1-05:01:52 core-walltime
Job Wall-clock time: 00:27:13
Memory Utilized: 3.31 GB
Memory Efficiency: 1.38% of 240.00 GB (240.00 GB/node)
