Worker 23 ready on uc2n605.localdomain: PYRO:obj_61b4355b13d44a39bfda4b8ab4dd4492@uc2n605.localdomain:37673
[optimize] CFD build FAILED (worker 23):
:analyticFunction*>&, dtOO::labeledVectorHandling<dtOO::analyticGeometry*>&, dtOO::labeledVectorHandling<dtOO::boundedVolume*>&, dtOO::labeledVectorHandling<dtOO::dtCase*>&, dtOO::labeledVectorHandling<dtOO::dtPlugin*>&) const + 541
[ 11  ]     0x150fd571cea8 /home/st/st_us-042020/st_ac136362/dtOO/install/tools/_dtOOPythonSWIG.so(+0x32cea8) [0x150fd571cea8]
[ 12  ]     0x150fe463f58a /opt/bwhpc/common/devel/python/3.13.3_gnu_14.2/lib64/libpython3.13.so.1.0(+0x1aa58a) [0x150fe463f58a]
[ 13  ]     0x150fe46158a0 _PyObject_MakeTpCall + 320
[ 14  ]     0x150fe4628ddd _PyEval_EvalFrameDefault + 15949
[ 15  ]     0x150fe46b2d5c PyEval_EvalCode + 172
[ 16  ]     0x150fe46ec67c /opt/bwhpc/common/devel/python/3.13.3_gnu_14.2/lib64/libpython3.13.so.1.0(+0x25767c) [0x150fe46ec67c]
[ 17  ]     0x150fe46e9f16 /opt/bwhpc/common/devel/python/3.13.3_gnu_14.2/lib64/libpython3.13.so.1.0(+0x254f16) [0x150fe46e9f16]
[ 18  ]     0x150fe46e79e5 /opt/bwhpc/common/devel/python/3.13.3_gnu_14.2/lib64/libpython3.13.so.1.0(+0x2529e5) [0x150fe46e79e5]
[ 19  ]     0x150fe46e6d53 /opt/bwhpc/common/devel/python/3.13.3_gnu_14.2/lib64/libpython3.13.so.1.0(+0x251d53) [0x150fe46e6d53]
[ 20  ]     0x150fe46e6b6a /opt/bwhpc/common/devel/python/3.13.3_gnu_14.2/lib64/libpython3.13.so.1.0(+0x251b6a) [0x150fe46e6b6a]
[ 21  ]     0x150fe46e4f99 Py_RunMain + 985
[ 22  ]     0x150fe46a166b Py_BytesMain + 59
[ 23  ]     0x150fe42295d0 /lib64/libc.so.6(+0x295d0) [0x150fe42295d0]
[ 24  ]     0x150fe4229680 __libc_start_main + 128
[ 25  ]     0x55bb5351e095 _start + 37


Honor thy error as a hidden intention. (Brian Eno)

[optimize] CFD build FAILED (worker 23):
:analyticFunction*>&, dtOO::labeledVectorHandling<dtOO::analyticGeometry*>&, dtOO::labeledVectorHandling<dtOO::boundedVolume*>&, dtOO::labeledVectorHandling<dtOO::dtCase*>&, dtOO::labeledVectorHandling<dtOO::dtPlugin*>&) const + 541
[ 11  ]     0x1486ac71cea8 /home/st/st_us-042020/st_ac136362/dtOO/install/tools/_dtOOPythonSWIG.so(+0x32cea8) [0x1486ac71cea8]
[ 12  ]     0x1486bb5b958a /opt/bwhpc/common/devel/python/3.13.3_gnu_14.2/lib64/libpython3.13.so.1.0(+0x1aa58a) [0x1486bb5b958a]
[ 13  ]     0x1486bb58f8a0 _PyObject_MakeTpCall + 320
[ 14  ]     0x1486bb5a2ddd _PyEval_EvalFrameDefault + 15949
[ 15  ]     0x1486bb62cd5c PyEval_EvalCode + 172
[ 16  ]     0x1486bb66667c /opt/bwhpc/common/devel/python/3.13.3_gnu_14.2/lib64/libpython3.13.so.1.0(+0x25767c) [0x1486bb66667c]
[ 17  ]     0x1486bb663f16 /opt/bwhpc/common/devel/python/3.13.3_gnu_14.2/lib64/libpython3.13.so.1.0(+0x254f16) [0x1486bb663f16]
[ 18  ]     0x1486bb6619e5 /opt/bwhpc/common/devel/python/3.13.3_gnu_14.2/lib64/libpython3.13.so.1.0(+0x2529e5) [0x1486bb6619e5]
[ 19  ]     0x1486bb660d53 /opt/bwhpc/common/devel/python/3.13.3_gnu_14.2/lib64/libpython3.13.so.1.0(+0x251d53) [0x1486bb660d53]
[ 20  ]     0x1486bb660b6a /opt/bwhpc/common/devel/python/3.13.3_gnu_14.2/lib64/libpython3.13.so.1.0(+0x251b6a) [0x1486bb660b6a]
[ 21  ]     0x1486bb65ef99 Py_RunMain + 985
[ 22  ]     0x1486bb61b66b Py_BytesMain + 59
[ 23  ]     0x1486bb0295d0 /lib64/libc.so.6(+0x295d0) [0x1486bb0295d0]
[ 24  ]     0x1486bb029680 __libc_start_main + 128
[ 25  ]     0x5566d2382095 _start + 37


Honor thy error as a hidden intention. (Brian Eno)

