Worker 13 ready on uc2n604.localdomain: PYRO:obj_dbb3fab3023a4275af78072f1051daa7@uc2n604.localdomain:39933
[optimize] CFD build FAILED (worker 13):
:analyticFunction*>&, dtOO::labeledVectorHandling<dtOO::analyticGeometry*>&, dtOO::labeledVectorHandling<dtOO::boundedVolume*>&, dtOO::labeledVectorHandling<dtOO::dtCase*>&, dtOO::labeledVectorHandling<dtOO::dtPlugin*>&) const + 541
[ 24  ]     0x1486f581cea8 /home/st/st_us-042020/st_ac136362/dtOO/install/tools/_dtOOPythonSWIG.so(+0x32cea8) [0x1486f581cea8]
[ 25  ]     0x14870479a58a /opt/bwhpc/common/devel/python/3.13.3_gnu_14.2/lib64/libpython3.13.so.1.0(+0x1aa58a) [0x14870479a58a]
[ 26  ]     0x1487047708a0 _PyObject_MakeTpCall + 320
[ 27  ]     0x148704783ddd _PyEval_EvalFrameDefault + 15949
[ 28  ]     0x14870480dd5c PyEval_EvalCode + 172
[ 29  ]     0x14870484767c /opt/bwhpc/common/devel/python/3.13.3_gnu_14.2/lib64/libpython3.13.so.1.0(+0x25767c) [0x14870484767c]
[ 30  ]     0x148704844f16 /opt/bwhpc/common/devel/python/3.13.3_gnu_14.2/lib64/libpython3.13.so.1.0(+0x254f16) [0x148704844f16]
[ 31  ]     0x1487048429e5 /opt/bwhpc/common/devel/python/3.13.3_gnu_14.2/lib64/libpython3.13.so.1.0(+0x2529e5) [0x1487048429e5]
[ 32  ]     0x148704841d53 /opt/bwhpc/common/devel/python/3.13.3_gnu_14.2/lib64/libpython3.13.so.1.0(+0x251d53) [0x148704841d53]
[ 33  ]     0x148704841b6a /opt/bwhpc/common/devel/python/3.13.3_gnu_14.2/lib64/libpython3.13.so.1.0(+0x251b6a) [0x148704841b6a]
[ 34  ]     0x14870483ff99 Py_RunMain + 985
[ 35  ]     0x1487047fc66b Py_BytesMain + 59
[ 36  ]     0x1487042295d0 /lib64/libc.so.6(+0x295d0) [0x1487042295d0]
[ 37  ]     0x148704229680 __libc_start_main + 128
[ 38  ]     0x5618323cd095 _start + 37


Honor thy error as a hidden intention. (Brian Eno)

[optimize] CFD build FAILED (worker 13):
:analyticFunction*>&, dtOO::labeledVectorHandling<dtOO::analyticGeometry*>&, dtOO::labeledVectorHandling<dtOO::boundedVolume*>&, dtOO::labeledVectorHandling<dtOO::dtCase*>&, dtOO::labeledVectorHandling<dtOO::dtPlugin*>&) const + 541
[ 24  ]     0x14f5bca1cea8 /home/st/st_us-042020/st_ac136362/dtOO/install/tools/_dtOOPythonSWIG.so(+0x32cea8) [0x14f5bca1cea8]
[ 25  ]     0x14f5cb90c58a /opt/bwhpc/common/devel/python/3.13.3_gnu_14.2/lib64/libpython3.13.so.1.0(+0x1aa58a) [0x14f5cb90c58a]
[ 26  ]     0x14f5cb8e28a0 _PyObject_MakeTpCall + 320
[ 27  ]     0x14f5cb8f5ddd _PyEval_EvalFrameDefault + 15949
[ 28  ]     0x14f5cb97fd5c PyEval_EvalCode + 172
[ 29  ]     0x14f5cb9b967c /opt/bwhpc/common/devel/python/3.13.3_gnu_14.2/lib64/libpython3.13.so.1.0(+0x25767c) [0x14f5cb9b967c]
[ 30  ]     0x14f5cb9b6f16 /opt/bwhpc/common/devel/python/3.13.3_gnu_14.2/lib64/libpython3.13.so.1.0(+0x254f16) [0x14f5cb9b6f16]
[ 31  ]     0x14f5cb9b49e5 /opt/bwhpc/common/devel/python/3.13.3_gnu_14.2/lib64/libpython3.13.so.1.0(+0x2529e5) [0x14f5cb9b49e5]
[ 32  ]     0x14f5cb9b3d53 /opt/bwhpc/common/devel/python/3.13.3_gnu_14.2/lib64/libpython3.13.so.1.0(+0x251d53) [0x14f5cb9b3d53]
[ 33  ]     0x14f5cb9b3b6a /opt/bwhpc/common/devel/python/3.13.3_gnu_14.2/lib64/libpython3.13.so.1.0(+0x251b6a) [0x14f5cb9b3b6a]
[ 34  ]     0x14f5cb9b1f99 Py_RunMain + 985
[ 35  ]     0x14f5cb96e66b Py_BytesMain + 59
[ 36  ]     0x14f5cb4295d0 /lib64/libc.so.6(+0x295d0) [0x14f5cb4295d0]
[ 37  ]     0x14f5cb429680 __libc_start_main + 128
[ 38  ]     0x563823898095 _start + 37


Honor thy error as a hidden intention. (Brian Eno)

