Worker 12 ready on uc2n602.localdomain: PYRO:obj_361d638cd13d436c9959e734d6b94d21@uc2n602.localdomain:36343
[optimize] CFD build FAILED (worker 12):
:analyticFunction*>&, dtOO::labeledVectorHandling<dtOO::analyticGeometry*>&, dtOO::labeledVectorHandling<dtOO::boundedVolume*>&, dtOO::labeledVectorHandling<dtOO::dtCase*>&, dtOO::labeledVectorHandling<dtOO::dtPlugin*>&) const + 541
[ 11  ]     0x14d7e8c1cea8 /home/st/st_us-042020/st_ac136362/dtOO/install/tools/_dtOOPythonSWIG.so(+0x32cea8) [0x14d7e8c1cea8]
[ 12  ]     0x14d7f7b4658a /opt/bwhpc/common/devel/python/3.13.3_gnu_14.2/lib64/libpython3.13.so.1.0(+0x1aa58a) [0x14d7f7b4658a]
[ 13  ]     0x14d7f7b1c8a0 _PyObject_MakeTpCall + 320
[ 14  ]     0x14d7f7b2fddd _PyEval_EvalFrameDefault + 15949
[ 15  ]     0x14d7f7bb9d5c PyEval_EvalCode + 172
[ 16  ]     0x14d7f7bf367c /opt/bwhpc/common/devel/python/3.13.3_gnu_14.2/lib64/libpython3.13.so.1.0(+0x25767c) [0x14d7f7bf367c]
[ 17  ]     0x14d7f7bf0f16 /opt/bwhpc/common/devel/python/3.13.3_gnu_14.2/lib64/libpython3.13.so.1.0(+0x254f16) [0x14d7f7bf0f16]
[ 18  ]     0x14d7f7bee9e5 /opt/bwhpc/common/devel/python/3.13.3_gnu_14.2/lib64/libpython3.13.so.1.0(+0x2529e5) [0x14d7f7bee9e5]
[ 19  ]     0x14d7f7bedd53 /opt/bwhpc/common/devel/python/3.13.3_gnu_14.2/lib64/libpython3.13.so.1.0(+0x251d53) [0x14d7f7bedd53]
[ 20  ]     0x14d7f7bedb6a /opt/bwhpc/common/devel/python/3.13.3_gnu_14.2/lib64/libpython3.13.so.1.0(+0x251b6a) [0x14d7f7bedb6a]
[ 21  ]     0x14d7f7bebf99 Py_RunMain + 985
[ 22  ]     0x14d7f7ba866b Py_BytesMain + 59
[ 23  ]     0x14d7f76295d0 /lib64/libc.so.6(+0x295d0) [0x14d7f76295d0]
[ 24  ]     0x14d7f7629680 __libc_start_main + 128
[ 25  ]     0x55936f7bb095 _start + 37


Honor thy error as a hidden intention. (Brian Eno)

[optimize] CFD build FAILED (worker 12):
:analyticFunction*>&, dtOO::labeledVectorHandling<dtOO::analyticGeometry*>&, dtOO::labeledVectorHandling<dtOO::boundedVolume*>&, dtOO::labeledVectorHandling<dtOO::dtCase*>&, dtOO::labeledVectorHandling<dtOO::dtPlugin*>&) const + 541
[ 29  ]     0x1536da41cea8 /home/st/st_us-042020/st_ac136362/dtOO/install/tools/_dtOOPythonSWIG.so(+0x32cea8) [0x1536da41cea8]
[ 30  ]     0x1536e92e158a /opt/bwhpc/common/devel/python/3.13.3_gnu_14.2/lib64/libpython3.13.so.1.0(+0x1aa58a) [0x1536e92e158a]
[ 31  ]     0x1536e92b78a0 _PyObject_MakeTpCall + 320
[ 32  ]     0x1536e92caddd _PyEval_EvalFrameDefault + 15949
[ 33  ]     0x1536e9354d5c PyEval_EvalCode + 172
[ 34  ]     0x1536e938e67c /opt/bwhpc/common/devel/python/3.13.3_gnu_14.2/lib64/libpython3.13.so.1.0(+0x25767c) [0x1536e938e67c]
[ 35  ]     0x1536e938bf16 /opt/bwhpc/common/devel/python/3.13.3_gnu_14.2/lib64/libpython3.13.so.1.0(+0x254f16) [0x1536e938bf16]
[ 36  ]     0x1536e93899e5 /opt/bwhpc/common/devel/python/3.13.3_gnu_14.2/lib64/libpython3.13.so.1.0(+0x2529e5) [0x1536e93899e5]
[ 37  ]     0x1536e9388d53 /opt/bwhpc/common/devel/python/3.13.3_gnu_14.2/lib64/libpython3.13.so.1.0(+0x251d53) [0x1536e9388d53]
[ 38  ]     0x1536e9388b6a /opt/bwhpc/common/devel/python/3.13.3_gnu_14.2/lib64/libpython3.13.so.1.0(+0x251b6a) [0x1536e9388b6a]
[ 39  ]     0x1536e9386f99 Py_RunMain + 985
[ 40  ]     0x1536e934366b Py_BytesMain + 59
[ 41  ]     0x1536e8e295d0 /lib64/libc.so.6(+0x295d0) [0x1536e8e295d0]
[ 42  ]     0x1536e8e29680 __libc_start_main + 128
[ 43  ]     0x5600e13f2095 _start + 37


Honor thy error as a hidden intention. (Brian Eno)

