Worker 17 ready on uc2n607.localdomain: PYRO:obj_a7267fe4b8d74fc598f04a1b49d0a00b@uc2n607.localdomain:44499
[optimize] CFD build FAILED (worker 17):
:analyticFunction*>&, dtOO::labeledVectorHandling<dtOO::analyticGeometry*>&, dtOO::labeledVectorHandling<dtOO::boundedVolume*>&, dtOO::labeledVectorHandling<dtOO::dtCase*>&, dtOO::labeledVectorHandling<dtOO::dtPlugin*>&) const + 541
[ 11  ]     0x154b44b1cea8 /home/st/st_us-042020/st_ac136362/dtOO/install/tools/_dtOOPythonSWIG.so(+0x32cea8) [0x154b44b1cea8]
[ 12  ]     0x154b53a1058a /opt/bwhpc/common/devel/python/3.13.3_gnu_14.2/lib64/libpython3.13.so.1.0(+0x1aa58a) [0x154b53a1058a]
[ 13  ]     0x154b539e68a0 _PyObject_MakeTpCall + 320
[ 14  ]     0x154b539f9ddd _PyEval_EvalFrameDefault + 15949
[ 15  ]     0x154b53a83d5c PyEval_EvalCode + 172
[ 16  ]     0x154b53abd67c /opt/bwhpc/common/devel/python/3.13.3_gnu_14.2/lib64/libpython3.13.so.1.0(+0x25767c) [0x154b53abd67c]
[ 17  ]     0x154b53abaf16 /opt/bwhpc/common/devel/python/3.13.3_gnu_14.2/lib64/libpython3.13.so.1.0(+0x254f16) [0x154b53abaf16]
[ 18  ]     0x154b53ab89e5 /opt/bwhpc/common/devel/python/3.13.3_gnu_14.2/lib64/libpython3.13.so.1.0(+0x2529e5) [0x154b53ab89e5]
[ 19  ]     0x154b53ab7d53 /opt/bwhpc/common/devel/python/3.13.3_gnu_14.2/lib64/libpython3.13.so.1.0(+0x251d53) [0x154b53ab7d53]
[ 20  ]     0x154b53ab7b6a /opt/bwhpc/common/devel/python/3.13.3_gnu_14.2/lib64/libpython3.13.so.1.0(+0x251b6a) [0x154b53ab7b6a]
[ 21  ]     0x154b53ab5f99 Py_RunMain + 985
[ 22  ]     0x154b53a7266b Py_BytesMain + 59
[ 23  ]     0x154b536295d0 /lib64/libc.so.6(+0x295d0) [0x154b536295d0]
[ 24  ]     0x154b53629680 __libc_start_main + 128
[ 25  ]     0x562a825a1095 _start + 37


Honor thy error as a hidden intention. (Brian Eno)

[optimize] CFD build FAILED (worker 17):
:analyticFunction*>&, dtOO::labeledVectorHandling<dtOO::analyticGeometry*>&, dtOO::labeledVectorHandling<dtOO::boundedVolume*>&, dtOO::labeledVectorHandling<dtOO::dtCase*>&, dtOO::labeledVectorHandling<dtOO::dtPlugin*>&) const + 541
[ 11  ]     0x14733d61cea8 /home/st/st_us-042020/st_ac136362/dtOO/install/tools/_dtOOPythonSWIG.so(+0x32cea8) [0x14733d61cea8]
[ 12  ]     0x14734c53158a /opt/bwhpc/common/devel/python/3.13.3_gnu_14.2/lib64/libpython3.13.so.1.0(+0x1aa58a) [0x14734c53158a]
[ 13  ]     0x14734c5078a0 _PyObject_MakeTpCall + 320
[ 14  ]     0x14734c51addd _PyEval_EvalFrameDefault + 15949
[ 15  ]     0x14734c5a4d5c PyEval_EvalCode + 172
[ 16  ]     0x14734c5de67c /opt/bwhpc/common/devel/python/3.13.3_gnu_14.2/lib64/libpython3.13.so.1.0(+0x25767c) [0x14734c5de67c]
[ 17  ]     0x14734c5dbf16 /opt/bwhpc/common/devel/python/3.13.3_gnu_14.2/lib64/libpython3.13.so.1.0(+0x254f16) [0x14734c5dbf16]
[ 18  ]     0x14734c5d99e5 /opt/bwhpc/common/devel/python/3.13.3_gnu_14.2/lib64/libpython3.13.so.1.0(+0x2529e5) [0x14734c5d99e5]
[ 19  ]     0x14734c5d8d53 /opt/bwhpc/common/devel/python/3.13.3_gnu_14.2/lib64/libpython3.13.so.1.0(+0x251d53) [0x14734c5d8d53]
[ 20  ]     0x14734c5d8b6a /opt/bwhpc/common/devel/python/3.13.3_gnu_14.2/lib64/libpython3.13.so.1.0(+0x251b6a) [0x14734c5d8b6a]
[ 21  ]     0x14734c5d6f99 Py_RunMain + 985
[ 22  ]     0x14734c59366b Py_BytesMain + 59
[ 23  ]     0x14734c0295d0 /lib64/libc.so.6(+0x295d0) [0x14734c0295d0]
[ 24  ]     0x14734c029680 __libc_start_main + 128
[ 25  ]     0x5586407cc095 _start + 37


Honor thy error as a hidden intention. (Brian Eno)

