Worker 6 ready on uc2n604.localdomain: PYRO:obj_2160f8c04ed641c79dbee837584cfa27@uc2n604.localdomain:42103
[optimize] CFD build FAILED (worker 6):
:analyticFunction*>&, dtOO::labeledVectorHandling<dtOO::analyticGeometry*>&, dtOO::labeledVectorHandling<dtOO::boundedVolume*>&, dtOO::labeledVectorHandling<dtOO::dtCase*>&, dtOO::labeledVectorHandling<dtOO::dtPlugin*>&) const + 541
[ 24  ]     0x148689c1cea8 /home/st/st_us-042020/st_ac136362/dtOO/install/tools/_dtOOPythonSWIG.so(+0x32cea8) [0x148689c1cea8]
[ 25  ]     0x148698ac258a /opt/bwhpc/common/devel/python/3.13.3_gnu_14.2/lib64/libpython3.13.so.1.0(+0x1aa58a) [0x148698ac258a]
[ 26  ]     0x148698a988a0 _PyObject_MakeTpCall + 320
[ 27  ]     0x148698aabddd _PyEval_EvalFrameDefault + 15949
[ 28  ]     0x148698b35d5c PyEval_EvalCode + 172
[ 29  ]     0x148698b6f67c /opt/bwhpc/common/devel/python/3.13.3_gnu_14.2/lib64/libpython3.13.so.1.0(+0x25767c) [0x148698b6f67c]
[ 30  ]     0x148698b6cf16 /opt/bwhpc/common/devel/python/3.13.3_gnu_14.2/lib64/libpython3.13.so.1.0(+0x254f16) [0x148698b6cf16]
[ 31  ]     0x148698b6a9e5 /opt/bwhpc/common/devel/python/3.13.3_gnu_14.2/lib64/libpython3.13.so.1.0(+0x2529e5) [0x148698b6a9e5]
[ 32  ]     0x148698b69d53 /opt/bwhpc/common/devel/python/3.13.3_gnu_14.2/lib64/libpython3.13.so.1.0(+0x251d53) [0x148698b69d53]
[ 33  ]     0x148698b69b6a /opt/bwhpc/common/devel/python/3.13.3_gnu_14.2/lib64/libpython3.13.so.1.0(+0x251b6a) [0x148698b69b6a]
[ 34  ]     0x148698b67f99 Py_RunMain + 985
[ 35  ]     0x148698b2466b Py_BytesMain + 59
[ 36  ]     0x1486986295d0 /lib64/libc.so.6(+0x295d0) [0x1486986295d0]
[ 37  ]     0x148698629680 __libc_start_main + 128
[ 38  ]     0x5602206d0095 _start + 37


Honor thy error as a hidden intention. (Brian Eno)

[optimize] CFD build FAILED (worker 6):
:analyticFunction*>&, dtOO::labeledVectorHandling<dtOO::analyticGeometry*>&, dtOO::labeledVectorHandling<dtOO::boundedVolume*>&, dtOO::labeledVectorHandling<dtOO::dtCase*>&, dtOO::labeledVectorHandling<dtOO::dtPlugin*>&) const + 541
[ 24  ]     0x14bf6d31cea8 /home/st/st_us-042020/st_ac136362/dtOO/install/tools/_dtOOPythonSWIG.so(+0x32cea8) [0x14bf6d31cea8]
[ 25  ]     0x14bf7c22458a /opt/bwhpc/common/devel/python/3.13.3_gnu_14.2/lib64/libpython3.13.so.1.0(+0x1aa58a) [0x14bf7c22458a]
[ 26  ]     0x14bf7c1fa8a0 _PyObject_MakeTpCall + 320
[ 27  ]     0x14bf7c20dddd _PyEval_EvalFrameDefault + 15949
[ 28  ]     0x14bf7c297d5c PyEval_EvalCode + 172
[ 29  ]     0x14bf7c2d167c /opt/bwhpc/common/devel/python/3.13.3_gnu_14.2/lib64/libpython3.13.so.1.0(+0x25767c) [0x14bf7c2d167c]
[ 30  ]     0x14bf7c2cef16 /opt/bwhpc/common/devel/python/3.13.3_gnu_14.2/lib64/libpython3.13.so.1.0(+0x254f16) [0x14bf7c2cef16]
[ 31  ]     0x14bf7c2cc9e5 /opt/bwhpc/common/devel/python/3.13.3_gnu_14.2/lib64/libpython3.13.so.1.0(+0x2529e5) [0x14bf7c2cc9e5]
[ 32  ]     0x14bf7c2cbd53 /opt/bwhpc/common/devel/python/3.13.3_gnu_14.2/lib64/libpython3.13.so.1.0(+0x251d53) [0x14bf7c2cbd53]
[ 33  ]     0x14bf7c2cbb6a /opt/bwhpc/common/devel/python/3.13.3_gnu_14.2/lib64/libpython3.13.so.1.0(+0x251b6a) [0x14bf7c2cbb6a]
[ 34  ]     0x14bf7c2c9f99 Py_RunMain + 985
[ 35  ]     0x14bf7c28666b Py_BytesMain + 59
[ 36  ]     0x14bf7be295d0 /lib64/libc.so.6(+0x295d0) [0x14bf7be295d0]
[ 37  ]     0x14bf7be29680 __libc_start_main + 128
[ 38  ]     0x55d5fc826095 _start + 37


Honor thy error as a hidden intention. (Brian Eno)

