Worker 0 ready on uc2n602.localdomain: PYRO:obj_99f1a4bc7a78444f85c5a1327243de12@uc2n602.localdomain:38195
[optimize] CFD build FAILED (worker 0):
bash: Agent: command not found
bash: Agent: command not found
bash: Agent: command not found
OpenFoam-v2412 is unloaded 

Don't forget to initialize OpenFOAM with:

	source $FOAM_INIT

or simply:

	foamInit

Warning : Gmsh has aleady been initialized
Warning : Gmsh has aleady been initialized
Warning : Gmsh has aleady been initialized
Warning : Gmsh has aleady been initialized
Warning : Gmsh has aleady been initialized
Warning : Gmsh has aleady been initialized
Warning : Gmsh has aleady been initialized
Warning : Gmsh has aleady been initialized
Warning : Gmsh has aleady been initialized
Warning : Gmsh has aleady been initialized
Warning : Gmsh has aleady been initialized
Warning : Gmsh has aleady been initialized
Warning : Gmsh has aleady been initialized
Warning : Gmsh has aleady been initialized
Warning : Gmsh has aleady been initialized
Warning : Gmsh has aleady been initialized
Warning : Gmsh has aleady been initialized
Warning : Gmsh has aleady been initialized
[uc2n602:841109:0:841109] Caught signal 11 (Segmentation fault: invalid permissions for mapped object at address 0x55b065371f50)
==== backtrace (tid: 841109) ====
 0 0x000000000006261a ucs_callbackq_cleanup()  ???:0
 1 0x00000000000627da ucs_callbackq_cleanup()  ???:0
 2 0x000000000003ebf0 __GI___sigaction()  :0
=================================

[optimize] CFD build FAILED (worker 0):
:analyticFunction*>&, dtOO::labeledVectorHandling<dtOO::analyticGeometry*>&, dtOO::labeledVectorHandling<dtOO::boundedVolume*>&, dtOO::labeledVectorHandling<dtOO::dtCase*>&, dtOO::labeledVectorHandling<dtOO::dtPlugin*>&) const + 541
[ 11  ]     0x150357d1cea8 /home/st/st_us-042020/st_ac136362/dtOO/install/tools/_dtOOPythonSWIG.so(+0x32cea8) [0x150357d1cea8]
[ 12  ]     0x150366be258a /opt/bwhpc/common/devel/python/3.13.3_gnu_14.2/lib64/libpython3.13.so.1.0(+0x1aa58a) [0x150366be258a]
[ 13  ]     0x150366bb88a0 _PyObject_MakeTpCall + 320
[ 14  ]     0x150366bcbddd _PyEval_EvalFrameDefault + 15949
[ 15  ]     0x150366c55d5c PyEval_EvalCode + 172
[ 16  ]     0x150366c8f67c /opt/bwhpc/common/devel/python/3.13.3_gnu_14.2/lib64/libpython3.13.so.1.0(+0x25767c) [0x150366c8f67c]
[ 17  ]     0x150366c8cf16 /opt/bwhpc/common/devel/python/3.13.3_gnu_14.2/lib64/libpython3.13.so.1.0(+0x254f16) [0x150366c8cf16]
[ 18  ]     0x150366c8a9e5 /opt/bwhpc/common/devel/python/3.13.3_gnu_14.2/lib64/libpython3.13.so.1.0(+0x2529e5) [0x150366c8a9e5]
[ 19  ]     0x150366c89d53 /opt/bwhpc/common/devel/python/3.13.3_gnu_14.2/lib64/libpython3.13.so.1.0(+0x251d53) [0x150366c89d53]
[ 20  ]     0x150366c89b6a /opt/bwhpc/common/devel/python/3.13.3_gnu_14.2/lib64/libpython3.13.so.1.0(+0x251b6a) [0x150366c89b6a]
[ 21  ]     0x150366c87f99 Py_RunMain + 985
[ 22  ]     0x150366c4466b Py_BytesMain + 59
[ 23  ]     0x1503668295d0 /lib64/libc.so.6(+0x295d0) [0x1503668295d0]
[ 24  ]     0x150366829680 __libc_start_main + 128
[ 25  ]     0x56465f11b095 _start + 37


Honor thy error as a hidden intention. (Brian Eno)

