Worker 16 ready on uc2n607.localdomain: PYRO:obj_1c2de58fd7034562813c7a49adb7a196@uc2n607.localdomain:43379
[optimize] CFD build FAILED (worker 16):
:analyticFunction*>&, dtOO::labeledVectorHandling<dtOO::analyticGeometry*>&, dtOO::labeledVectorHandling<dtOO::boundedVolume*>&, dtOO::labeledVectorHandling<dtOO::dtCase*>&, dtOO::labeledVectorHandling<dtOO::dtPlugin*>&) const + 541
[ 11  ]     0x1485eaf1cea8 /home/st/st_us-042020/st_ac136362/dtOO/install/tools/_dtOOPythonSWIG.so(+0x32cea8) [0x1485eaf1cea8]
[ 12  ]     0x1485f9e3358a /opt/bwhpc/common/devel/python/3.13.3_gnu_14.2/lib64/libpython3.13.so.1.0(+0x1aa58a) [0x1485f9e3358a]
[ 13  ]     0x1485f9e098a0 _PyObject_MakeTpCall + 320
[ 14  ]     0x1485f9e1cddd _PyEval_EvalFrameDefault + 15949
[ 15  ]     0x1485f9ea6d5c PyEval_EvalCode + 172
[ 16  ]     0x1485f9ee067c /opt/bwhpc/common/devel/python/3.13.3_gnu_14.2/lib64/libpython3.13.so.1.0(+0x25767c) [0x1485f9ee067c]
[ 17  ]     0x1485f9eddf16 /opt/bwhpc/common/devel/python/3.13.3_gnu_14.2/lib64/libpython3.13.so.1.0(+0x254f16) [0x1485f9eddf16]
[ 18  ]     0x1485f9edb9e5 /opt/bwhpc/common/devel/python/3.13.3_gnu_14.2/lib64/libpython3.13.so.1.0(+0x2529e5) [0x1485f9edb9e5]
[ 19  ]     0x1485f9edad53 /opt/bwhpc/common/devel/python/3.13.3_gnu_14.2/lib64/libpython3.13.so.1.0(+0x251d53) [0x1485f9edad53]
[ 20  ]     0x1485f9edab6a /opt/bwhpc/common/devel/python/3.13.3_gnu_14.2/lib64/libpython3.13.so.1.0(+0x251b6a) [0x1485f9edab6a]
[ 21  ]     0x1485f9ed8f99 Py_RunMain + 985
[ 22  ]     0x1485f9e9566b Py_BytesMain + 59
[ 23  ]     0x1485f9a295d0 /lib64/libc.so.6(+0x295d0) [0x1485f9a295d0]
[ 24  ]     0x1485f9a29680 __libc_start_main + 128
[ 25  ]     0x56190e6b8095 _start + 37


Honor thy error as a hidden intention. (Brian Eno)

[optimize] CFD build FAILED (worker 16):
:analyticFunction*>&, dtOO::labeledVectorHandling<dtOO::analyticGeometry*>&, dtOO::labeledVectorHandling<dtOO::boundedVolume*>&, dtOO::labeledVectorHandling<dtOO::dtCase*>&, dtOO::labeledVectorHandling<dtOO::dtPlugin*>&) const + 541
[ 11  ]     0x14bd55c1cea8 /home/st/st_us-042020/st_ac136362/dtOO/install/tools/_dtOOPythonSWIG.so(+0x32cea8) [0x14bd55c1cea8]
[ 12  ]     0x14bd64b1258a /opt/bwhpc/common/devel/python/3.13.3_gnu_14.2/lib64/libpython3.13.so.1.0(+0x1aa58a) [0x14bd64b1258a]
[ 13  ]     0x14bd64ae88a0 _PyObject_MakeTpCall + 320
[ 14  ]     0x14bd64afbddd _PyEval_EvalFrameDefault + 15949
[ 15  ]     0x14bd64b85d5c PyEval_EvalCode + 172
[ 16  ]     0x14bd64bbf67c /opt/bwhpc/common/devel/python/3.13.3_gnu_14.2/lib64/libpython3.13.so.1.0(+0x25767c) [0x14bd64bbf67c]
[ 17  ]     0x14bd64bbcf16 /opt/bwhpc/common/devel/python/3.13.3_gnu_14.2/lib64/libpython3.13.so.1.0(+0x254f16) [0x14bd64bbcf16]
[ 18  ]     0x14bd64bba9e5 /opt/bwhpc/common/devel/python/3.13.3_gnu_14.2/lib64/libpython3.13.so.1.0(+0x2529e5) [0x14bd64bba9e5]
[ 19  ]     0x14bd64bb9d53 /opt/bwhpc/common/devel/python/3.13.3_gnu_14.2/lib64/libpython3.13.so.1.0(+0x251d53) [0x14bd64bb9d53]
[ 20  ]     0x14bd64bb9b6a /opt/bwhpc/common/devel/python/3.13.3_gnu_14.2/lib64/libpython3.13.so.1.0(+0x251b6a) [0x14bd64bb9b6a]
[ 21  ]     0x14bd64bb7f99 Py_RunMain + 985
[ 22  ]     0x14bd64b7466b Py_BytesMain + 59
[ 23  ]     0x14bd646295d0 /lib64/libc.so.6(+0x295d0) [0x14bd646295d0]
[ 24  ]     0x14bd64629680 __libc_start_main + 128
[ 25  ]     0x55dccd47e095 _start + 37


Honor thy error as a hidden intention. (Brian Eno)

