bash: Agent: command not found
bash: Agent: command not found
bash: Agent: command not found
OpenFoam-v2412 is unloaded 

Don't forget to initialize OpenFOAM with:

	source $FOAM_INIT

or simply:

	foamInit

Warning : Gmsh has aleady been initialized
Warning : Gmsh has aleady been initialized
Warning : Gmsh has aleady been initialized
Warning : Gmsh has aleady been initialized
Warning : Gmsh has aleady been initialized
Warning : Gmsh has aleady been initialized
Warning : Gmsh has aleady been initialized
Warning : Gmsh has aleady been initialized
Warning : Gmsh has aleady been initialized
Warning : Gmsh has aleady been initialized
Warning : Gmsh has aleady been initialized
Warning : Gmsh has aleady been initialized
Warning : Gmsh has aleady been initialized
Warning : Gmsh has aleady been initialized
Warning : Gmsh has aleady been initialized
Warning : Gmsh has aleady been initialized
Warning : Gmsh has aleady been initialized
Warning : Gmsh has aleady been initialized
[uc2n606:654471:0:654471] Caught signal 11 (Segmentation fault: address not mapped to object at address (nil))
==== backtrace (tid: 654471) ====
 0 0x000000000006261a ucs_callbackq_cleanup()  ???:0
 1 0x00000000000627da ucs_callbackq_cleanup()  ???:0
 2 0x000000000003ebf0 __GI___sigaction()  :0
=================================
