Worker 20 ready on uc2n603.localdomain: PYRO:obj_e237a54d66474d70897bc93a1b1879f7@uc2n603.localdomain:45235
[optimize] CFD build FAILED (worker 20):
 face index 5  (permutation = 0)
Debug   : Surface 9: L = 40  H = 40
Debug   : Found canonical face index 0  (permutation = 0)
Debug   : Surface 10: L = 40  H = 40
Debug   : Found canonical face index 2  (permutation = 0)
Debug   : Surface 11: L = 10  H = 40
Debug   : Found canonical face index 3  (permutation = 0)
Debug   : Surface 12: L = 10  H = 40
Debug   : Found canonical face index 1  (permutation = 0)
Info    : Meshing volume 3 (Transfinite)
Debug   : Surface 13: L = 16  H = 10
Debug   : Found canonical face index 4  (permutation = 0)
Debug   : Surface 14: L = 16  H = 10
Debug   : Found canonical face index 5  (permutation = 0)
Debug   : Surface 15: L = 16  H = 40
Debug   : Found canonical face index 0  (permutation = 0)
Debug   : Surface 16: L = 16  H = 40
Debug   : Found canonical face index 2  (permutation = 0)
Debug   : Surface 12: L = 10  H = 40
Debug   : Found canonical face index 3  (permutation = 0)
Debug   : Surface 17: L = 10  H = 40
Debug   : Found canonical face index 1  (permutation = 0)
Info    : Meshing volume 4 (Transfinite)
Debug   : Surface 18: L = 40  H = 10
Debug   : Found canonical face index 4  (permutation = 0)
Debug   : Surface 19: L = 40  H = 10
Debug   : Found canonical face index 5  (permutation = 0)
Debug   : Surface 20: L = 40  H = 40
Debug   : Found canonical face index 0  (permutation = 0)
Debug   : Surface 21: L = 40  H = 40
Debug   : Found canonical face index 2  (permutation = 0)
Debug   : Surface 17: L = 10  H = 40
Debug   : Found canonical face index 3  (permutation = 0)
Debug   : Surface 22: L = 10  H = 40
Debug   : Found canonical face index 1  (permutation = 0)
Info    : Meshing volume 5 (Transfinite)
Debug   : Surface 23: L = 8  H = 10
Debug   : Found canonical face index 4  (permutation = 0)
Debug   : Surface 24: L = 8  H = 10
Debug   : Found canonical face index 5  (permutation = 0)
Debug   : Surface 25: L = 8  H = 40
Debug   : Found canonical face index 0  (permutation = 0)
Debug   : Surface 26: L = 8  H = 40
Debug   : Found canonical face index 2  (permutation = 0)
Debug   : Surface 22: L = 10  H = 40
Debug   : Found canonical face index 3  (permutation = 0)
Debug   : Surface 27: L = 10  H = 40
Debug   : Found canonical face index 1  (permutation = 0)
Info    : Meshing volume 6 (Transfinite)
Debug   : Surface 28: L = 8  H = 10
Debug   : Found canonical face index 4  (permutation = 0)
Debug   : Surface 29: L = 8  H = 10
Debug   : Found canonical face index 5  (permutation = 0)
Debug   : Surface 30: L = 8  H = 40
Debug   : Found canonical face index 0  (permutation = 0)
Debug   : Surface 31: L = 8  H = 40
Debug   : Found canonical face index 2  (permutation = 0)
Debug   : Surface 27: L = 10  H = 40
Debug   : Found canonical face index 3  (permutation = 0)
Debug   : Surface 11: L = 10  H = 40
Debug   : Found canonical face index 1  (permutation = 0)
/*---------------------------------------------------------------------------*\
| =========                 |                                                 |
| \\      /  F ield         | OpenFOAM: The Open Source CFD Toolbox           |
|  \\    /   O peration     | Version:  2412                                  |
|   \\  /    A nd           | Website:  www.openfoam.com                      |
|    \\/     M anipulation  |                                                 |
\*---------------------------------------------------------------------------*/
Build  : _8dbc61e11c-20241220 OPENFOAM=2412 version=v2412
Arch   : "LSB;label=32;scalar=64"
Exec   : tistos_ru_of_n -case /scratch/slurm_tmpdir/job_6038699/worker_20/tistos_ru_of_n_DE_w20
Date   : Jul 25 2026
Time   : 18:54:42
Host   : uc2n603.localdomain
PID    : 1457231
I/O    : uncollated
Case   : /scratch/slurm_tmpdir/job_6038699/worker_20/tistos_ru_of_n_DE_w20
nProcs : 1
fileModificationChecking : Monitoring run-time modified files using timeStampMaster (fileModificationSkew 5, maxFileModificationPolls 20)
allowSystemOperations : Allowing user-supplied system call operations

// * * * * * * * * * * * * * * * * * * * * * * * * * * * * * * * * * * * * * //
--> FOAM Warning : 
    From Foam::polyMesh::polyMesh(const Foam::IOobject&, Foam::pointField&&, const Foam::cellShapeList&, const Foam::faceListList&, const Foam::wordList&, const Foam::wordList&, const Foam::word&, const Foam::word&, const Foam::wordList&, bool)
    in file meshes/polyMesh/polyMeshFromShapeMesh.C at line 640
    Found 25224 undefined faces in mesh; adding to default patch defaultFaces
MappedFieldFixedValue: Copy data from "/scratch/slurm_tmpdir/job_6038699/worker_20/tistos_ru_of_n_DE_w20/../boundaryData_RU_INLET/n/boundaryData" to "/scratch/slurm_tmpdir/job_6038699/worker_20/tistos_ru_of_n_DE_w20/constant"
Warning : Gmsh has aleady been initialized
Warning : Gmsh has aleady been initialized
Warning : Gmsh has aleady been initialized
Warning : Gmsh has aleady been initialized
Warning : Gmsh has aleady been initialized
Warning : Gmsh has aleady been initialized
Warning : Gmsh has aleady been initialized
Warning : Gmsh has aleady been initialized
Warning : Gmsh has aleady been initialized
Warning : Gmsh has aleady been initialized
Warning : Gmsh has aleady been initialized
Warning : Gmsh has aleady been initialized
Warning : Gmsh has aleady been initialized
Warning : Gmsh has aleady been initialized
Warning : Gmsh has aleady been initialized
Warning : Gmsh has aleady been initialized
Warning : Gmsh has aleady been initialized
Warning : Gmsh has aleady been initialized
Warning : 7 ill-shaped tets are still in the mesh
Traceback (most recent call last):
  File "<string>", line 1, in <module>
    from tistos_files.createStatesAndMeshes import *; createStatesAndMeshes().CreateMeshes('DE_w20', 'tistos_ru_of')
                                                      ~~~~~~~~~~~~~~~~~~~~~~~~~~~~~~~~~~~~^^^^^^^^^^^^^^^^^^^^^^^^^^
  File "/scratch/slurm_tmpdir/job_6038699/worker_20/tistos_files/createStatesAndMeshes.py", line 45, in CreateMeshes
    dC.get(caseName + i).runCurrentState()
    ~~~~~~~~~~~~~~~~~~~~~~~~~~~~~~~~~~~~^^
  File "/home/st/st_us-042020/st_ac136362/dtOO/install/tools/dtOOPythonSWIG.py", line 11811, in runCurrentState
    return _dtOOPythonSWIG.dtCase_runCurrentState(self)
           ~~~~~~~~~~~~~~~~~~~~~~~~~~~~~~~~~~~~~~^^^^^^
Exception: [ ofOpenFOAMCase::runCurrentState() ]
*-> file '/home/st/st_us-042020/st_ac136362/dtOO/src/solverKernel/ofOpenFOAMCase/ofOpenFOAMCase.cpp'
*-> line '554'

Instance of ::Foam::error thrown.
err.what() = std::exception
err.message() = Need at least 3 non-collinear points for planar interpolation, but only had 0 points


Backtrace
[ 1   ]     0x1457795a481e /home/st/st_us-042020/st_ac136362/dtOO/install/lib/libdtOO.so.2(+0x36f81e) [0x1457795a481e]
[ 2   ]     0x145779f20f8d /home/st/st_us-042020/st_ac136362/dtOO/install/tools/_dtOOPythonSWIG.so(+0x330f8d) [0x145779f20f8d]
[ 3   ]     0x145788c65bda /opt/bwhpc/common/devel/python/3.13.3_gnu_14.2/lib64/libpython3.13.so.1.0(+0x1a9bda) [0x145788c65bda]
[ 4   ]     0x145788c3e723 PyObject_Vectorcall + 83
[ 5   ]     0x145788c4fddd _PyEval_EvalFrameDefault + 15949
[ 6   ]     0x145788cd9d5c PyEval_EvalCode + 172
[ 7   ]     0x145788d1367c /opt/bwhpc/common/devel/python/3.13.3_gnu_14.2/lib64/libpython3.13.so.1.0(+0x25767c) [0x145788d1367c]
[ 8   ]     0x145788d10f16 /opt/bwhpc/common/devel/python/3.13.3_gnu_14.2/lib64/libpython3.13.so.1.0(+0x254f16) [0x145788d10f16]
[ 9   ]     0x145788d0cd5a /opt/bwhpc/common/devel/python/3.13.3_gnu_14.2/lib64/libpython3.13.so.1.0(+0x250d5a) [0x145788d0cd5a]
[ 10  ]     0x145788d0c9be /opt/bwhpc/common/devel/python/3.13.3_gnu_14.2/lib64/libpython3.13.so.1.0(+0x2509be) [0x145788d0c9be]
[ 11  ]     0x145788d0c071 Py_RunMain + 1201
[ 12  ]     0x145788cc866b Py_BytesMain + 59
[ 13  ]     0x1457888295d0 /lib64/libc.so.6(+0x295d0) [0x1457888295d0]
[ 14  ]     0x145788829680 __libc_start_main + 128
[ 15  ]     0x563965b60095 _start + 37


Honor thy error as a hidden intention. (Brian Eno)
[cfd] CreateMeshes FAILED (exit 1)

[optimize] CFD build FAILED (worker 20):
bash: Agent: command not found
bash: Agent: command not found
bash: Agent: command not found
OpenFoam-v2412 is unloaded 

Don't forget to initialize OpenFOAM with:

	source $FOAM_INIT

or simply:

	foamInit

Warning : Gmsh has aleady been initialized
Warning : Gmsh has aleady been initialized
Warning : Gmsh has aleady been initialized
Warning : Gmsh has aleady been initialized
Warning : Gmsh has aleady been initialized
Warning : Gmsh has aleady been initialized
Warning : Gmsh has aleady been initialized
Warning : Gmsh has aleady been initialized
Warning : Gmsh has aleady been initialized
Warning : Gmsh has aleady been initialized
Warning : Gmsh has aleady been initialized
Warning : Gmsh has aleady been initialized
Warning : Gmsh has aleady been initialized
Warning : Gmsh has aleady been initialized
Warning : Gmsh has aleady been initialized
Warning : Gmsh has aleady been initialized
Warning : Gmsh has aleady been initialized
Warning : Gmsh has aleady been initialized
Warning : Gmsh has aleady been initialized
Warning : Gmsh has aleady been initialized
Warning : Gmsh has aleady been initialized
Warning : Gmsh has aleady been initialized
Warning : Gmsh has aleady been initialized
Warning : Gmsh has aleady been initialized
Warning : Gmsh has aleady been initialized
Warning : Gmsh has aleady been initialized
Warning : Gmsh has aleady been initialized
Warning : Gmsh has aleady been initialized
Warning : Gmsh has aleady been initialized
Warning : Gmsh has aleady been initialized
Warning : Gmsh has aleady been initialized
Warning : Gmsh has aleady been initialized
Warning : Gmsh has aleady been initialized
Warning : Gmsh has aleady been initialized
Warning : Gmsh has aleady been initialized
Warning : Gmsh has aleady been initialized
[cfd] ERROR: OpenFOAM case not complete at /scratch/slurm_tmpdir/job_6038699/worker_20/tistos_ru_of_n_DE_w20
[cfd] wrote DE_w20.xml with 30 design parameters
[cfd] CreateStates done for DE_w20
[cfd] CreateMeshes done (tistos_ru_of_n)

