Worker 21 ready on uc2n603.localdomain: PYRO:obj_7940e32bfb844dc09621bb23c45c24af@uc2n603.localdomain:40053
[optimize] CFD build FAILED (worker 21):
:analyticFunction*>&, dtOO::labeledVectorHandling<dtOO::analyticGeometry*>&, dtOO::labeledVectorHandling<dtOO::boundedVolume*>&, dtOO::labeledVectorHandling<dtOO::dtCase*>&, dtOO::labeledVectorHandling<dtOO::dtPlugin*>&) const + 541
[ 24  ]     0x150dfba1cea8 /home/st/st_us-042020/st_ac136362/dtOO/install/tools/_dtOOPythonSWIG.so(+0x32cea8) [0x150dfba1cea8]
[ 25  ]     0x150e0a8e658a /opt/bwhpc/common/devel/python/3.13.3_gnu_14.2/lib64/libpython3.13.so.1.0(+0x1aa58a) [0x150e0a8e658a]
[ 26  ]     0x150e0a8bc8a0 _PyObject_MakeTpCall + 320
[ 27  ]     0x150e0a8cfddd _PyEval_EvalFrameDefault + 15949
[ 28  ]     0x150e0a959d5c PyEval_EvalCode + 172
[ 29  ]     0x150e0a99367c /opt/bwhpc/common/devel/python/3.13.3_gnu_14.2/lib64/libpython3.13.so.1.0(+0x25767c) [0x150e0a99367c]
[ 30  ]     0x150e0a990f16 /opt/bwhpc/common/devel/python/3.13.3_gnu_14.2/lib64/libpython3.13.so.1.0(+0x254f16) [0x150e0a990f16]
[ 31  ]     0x150e0a98e9e5 /opt/bwhpc/common/devel/python/3.13.3_gnu_14.2/lib64/libpython3.13.so.1.0(+0x2529e5) [0x150e0a98e9e5]
[ 32  ]     0x150e0a98dd53 /opt/bwhpc/common/devel/python/3.13.3_gnu_14.2/lib64/libpython3.13.so.1.0(+0x251d53) [0x150e0a98dd53]
[ 33  ]     0x150e0a98db6a /opt/bwhpc/common/devel/python/3.13.3_gnu_14.2/lib64/libpython3.13.so.1.0(+0x251b6a) [0x150e0a98db6a]
[ 34  ]     0x150e0a98bf99 Py_RunMain + 985
[ 35  ]     0x150e0a94866b Py_BytesMain + 59
[ 36  ]     0x150e0a4295d0 /lib64/libc.so.6(+0x295d0) [0x150e0a4295d0]
[ 37  ]     0x150e0a429680 __libc_start_main + 128
[ 38  ]     0x55e9ec1bf095 _start + 37


Honor thy error as a hidden intention. (Brian Eno)

[optimize] CFD build FAILED (worker 21):
:analyticFunction*>&, dtOO::labeledVectorHandling<dtOO::analyticGeometry*>&, dtOO::labeledVectorHandling<dtOO::boundedVolume*>&, dtOO::labeledVectorHandling<dtOO::dtCase*>&, dtOO::labeledVectorHandling<dtOO::dtPlugin*>&) const + 541
[ 24  ]     0x1457ef01cea8 /home/st/st_us-042020/st_ac136362/dtOO/install/tools/_dtOOPythonSWIG.so(+0x32cea8) [0x1457ef01cea8]
[ 25  ]     0x1457fdf8158a /opt/bwhpc/common/devel/python/3.13.3_gnu_14.2/lib64/libpython3.13.so.1.0(+0x1aa58a) [0x1457fdf8158a]
[ 26  ]     0x1457fdf578a0 _PyObject_MakeTpCall + 320
[ 27  ]     0x1457fdf6addd _PyEval_EvalFrameDefault + 15949
[ 28  ]     0x1457fdff4d5c PyEval_EvalCode + 172
[ 29  ]     0x1457fe02e67c /opt/bwhpc/common/devel/python/3.13.3_gnu_14.2/lib64/libpython3.13.so.1.0(+0x25767c) [0x1457fe02e67c]
[ 30  ]     0x1457fe02bf16 /opt/bwhpc/common/devel/python/3.13.3_gnu_14.2/lib64/libpython3.13.so.1.0(+0x254f16) [0x1457fe02bf16]
[ 31  ]     0x1457fe0299e5 /opt/bwhpc/common/devel/python/3.13.3_gnu_14.2/lib64/libpython3.13.so.1.0(+0x2529e5) [0x1457fe0299e5]
[ 32  ]     0x1457fe028d53 /opt/bwhpc/common/devel/python/3.13.3_gnu_14.2/lib64/libpython3.13.so.1.0(+0x251d53) [0x1457fe028d53]
[ 33  ]     0x1457fe028b6a /opt/bwhpc/common/devel/python/3.13.3_gnu_14.2/lib64/libpython3.13.so.1.0(+0x251b6a) [0x1457fe028b6a]
[ 34  ]     0x1457fe026f99 Py_RunMain + 985
[ 35  ]     0x1457fdfe366b Py_BytesMain + 59
[ 36  ]     0x1457fda295d0 /lib64/libc.so.6(+0x295d0) [0x1457fda295d0]
[ 37  ]     0x1457fda29680 __libc_start_main + 128
[ 38  ]     0x559fff4dd095 _start + 37


Honor thy error as a hidden intention. (Brian Eno)

