Worker 18 ready on uc2n606.localdomain: PYRO:obj_5eeded33361449d4818851d098064258@uc2n606.localdomain:43791
[optimize] CFD build FAILED (worker 18):
:analyticFunction*>&, dtOO::labeledVectorHandling<dtOO::analyticGeometry*>&, dtOO::labeledVectorHandling<dtOO::boundedVolume*>&, dtOO::labeledVectorHandling<dtOO::dtCase*>&, dtOO::labeledVectorHandling<dtOO::dtPlugin*>&) const + 541
[ 11  ]     0x14d77c41cea8 /home/st/st_us-042020/st_ac136362/dtOO/install/tools/_dtOOPythonSWIG.so(+0x32cea8) [0x14d77c41cea8]
[ 12  ]     0x14d78b37c58a /opt/bwhpc/common/devel/python/3.13.3_gnu_14.2/lib64/libpython3.13.so.1.0(+0x1aa58a) [0x14d78b37c58a]
[ 13  ]     0x14d78b3528a0 _PyObject_MakeTpCall + 320
[ 14  ]     0x14d78b365ddd _PyEval_EvalFrameDefault + 15949
[ 15  ]     0x14d78b3efd5c PyEval_EvalCode + 172
[ 16  ]     0x14d78b42967c /opt/bwhpc/common/devel/python/3.13.3_gnu_14.2/lib64/libpython3.13.so.1.0(+0x25767c) [0x14d78b42967c]
[ 17  ]     0x14d78b426f16 /opt/bwhpc/common/devel/python/3.13.3_gnu_14.2/lib64/libpython3.13.so.1.0(+0x254f16) [0x14d78b426f16]
[ 18  ]     0x14d78b4249e5 /opt/bwhpc/common/devel/python/3.13.3_gnu_14.2/lib64/libpython3.13.so.1.0(+0x2529e5) [0x14d78b4249e5]
[ 19  ]     0x14d78b423d53 /opt/bwhpc/common/devel/python/3.13.3_gnu_14.2/lib64/libpython3.13.so.1.0(+0x251d53) [0x14d78b423d53]
[ 20  ]     0x14d78b423b6a /opt/bwhpc/common/devel/python/3.13.3_gnu_14.2/lib64/libpython3.13.so.1.0(+0x251b6a) [0x14d78b423b6a]
[ 21  ]     0x14d78b421f99 Py_RunMain + 985
[ 22  ]     0x14d78b3de66b Py_BytesMain + 59
[ 23  ]     0x14d78ae295d0 /lib64/libc.so.6(+0x295d0) [0x14d78ae295d0]
[ 24  ]     0x14d78ae29680 __libc_start_main + 128
[ 25  ]     0x5622daabf095 _start + 37


Honor thy error as a hidden intention. (Brian Eno)

[optimize] CFD build FAILED (worker 18):
:analyticFunction*>&, dtOO::labeledVectorHandling<dtOO::analyticGeometry*>&, dtOO::labeledVectorHandling<dtOO::boundedVolume*>&, dtOO::labeledVectorHandling<dtOO::dtCase*>&, dtOO::labeledVectorHandling<dtOO::dtPlugin*>&) const + 541
[ 24  ]     0x14b657d1cea8 /home/st/st_us-042020/st_ac136362/dtOO/install/tools/_dtOOPythonSWIG.so(+0x32cea8) [0x14b657d1cea8]
[ 25  ]     0x14b666bb958a /opt/bwhpc/common/devel/python/3.13.3_gnu_14.2/lib64/libpython3.13.so.1.0(+0x1aa58a) [0x14b666bb958a]
[ 26  ]     0x14b666b8f8a0 _PyObject_MakeTpCall + 320
[ 27  ]     0x14b666ba2ddd _PyEval_EvalFrameDefault + 15949
[ 28  ]     0x14b666c2cd5c PyEval_EvalCode + 172
[ 29  ]     0x14b666c6667c /opt/bwhpc/common/devel/python/3.13.3_gnu_14.2/lib64/libpython3.13.so.1.0(+0x25767c) [0x14b666c6667c]
[ 30  ]     0x14b666c63f16 /opt/bwhpc/common/devel/python/3.13.3_gnu_14.2/lib64/libpython3.13.so.1.0(+0x254f16) [0x14b666c63f16]
[ 31  ]     0x14b666c619e5 /opt/bwhpc/common/devel/python/3.13.3_gnu_14.2/lib64/libpython3.13.so.1.0(+0x2529e5) [0x14b666c619e5]
[ 32  ]     0x14b666c60d53 /opt/bwhpc/common/devel/python/3.13.3_gnu_14.2/lib64/libpython3.13.so.1.0(+0x251d53) [0x14b666c60d53]
[ 33  ]     0x14b666c60b6a /opt/bwhpc/common/devel/python/3.13.3_gnu_14.2/lib64/libpython3.13.so.1.0(+0x251b6a) [0x14b666c60b6a]
[ 34  ]     0x14b666c5ef99 Py_RunMain + 985
[ 35  ]     0x14b666c1b66b Py_BytesMain + 59
[ 36  ]     0x14b6666295d0 /lib64/libc.so.6(+0x295d0) [0x14b6666295d0]
[ 37  ]     0x14b666629680 __libc_start_main + 128
[ 38  ]     0x555c04cc9095 _start + 37


Honor thy error as a hidden intention. (Brian Eno)

