Worker 9 ready on uc2n604.localdomain: PYRO:obj_37957a72ef72401a812682d221894b87@uc2n604.localdomain:39365
[optimize] CFD build FAILED (worker 9):
:analyticFunction*>&, dtOO::labeledVectorHandling<dtOO::analyticGeometry*>&, dtOO::labeledVectorHandling<dtOO::boundedVolume*>&, dtOO::labeledVectorHandling<dtOO::dtCase*>&, dtOO::labeledVectorHandling<dtOO::dtPlugin*>&) const + 541
[ 24  ]     0x150259d1cea8 /home/st/st_us-042020/st_ac136362/dtOO/install/tools/_dtOOPythonSWIG.so(+0x32cea8) [0x150259d1cea8]
[ 25  ]     0x150268c8e58a /opt/bwhpc/common/devel/python/3.13.3_gnu_14.2/lib64/libpython3.13.so.1.0(+0x1aa58a) [0x150268c8e58a]
[ 26  ]     0x150268c648a0 _PyObject_MakeTpCall + 320
[ 27  ]     0x150268c77ddd _PyEval_EvalFrameDefault + 15949
[ 28  ]     0x150268d01d5c PyEval_EvalCode + 172
[ 29  ]     0x150268d3b67c /opt/bwhpc/common/devel/python/3.13.3_gnu_14.2/lib64/libpython3.13.so.1.0(+0x25767c) [0x150268d3b67c]
[ 30  ]     0x150268d38f16 /opt/bwhpc/common/devel/python/3.13.3_gnu_14.2/lib64/libpython3.13.so.1.0(+0x254f16) [0x150268d38f16]
[ 31  ]     0x150268d369e5 /opt/bwhpc/common/devel/python/3.13.3_gnu_14.2/lib64/libpython3.13.so.1.0(+0x2529e5) [0x150268d369e5]
[ 32  ]     0x150268d35d53 /opt/bwhpc/common/devel/python/3.13.3_gnu_14.2/lib64/libpython3.13.so.1.0(+0x251d53) [0x150268d35d53]
[ 33  ]     0x150268d35b6a /opt/bwhpc/common/devel/python/3.13.3_gnu_14.2/lib64/libpython3.13.so.1.0(+0x251b6a) [0x150268d35b6a]
[ 34  ]     0x150268d33f99 Py_RunMain + 985
[ 35  ]     0x150268cf066b Py_BytesMain + 59
[ 36  ]     0x1502688295d0 /lib64/libc.so.6(+0x295d0) [0x1502688295d0]
[ 37  ]     0x150268829680 __libc_start_main + 128
[ 38  ]     0x5632fa05d095 _start + 37


Honor thy error as a hidden intention. (Brian Eno)

[optimize] CFD build FAILED (worker 9):
:analyticFunction*>&, dtOO::labeledVectorHandling<dtOO::analyticGeometry*>&, dtOO::labeledVectorHandling<dtOO::boundedVolume*>&, dtOO::labeledVectorHandling<dtOO::dtCase*>&, dtOO::labeledVectorHandling<dtOO::dtPlugin*>&) const + 541
[ 24  ]     0x14e45f01cea8 /home/st/st_us-042020/st_ac136362/dtOO/install/tools/_dtOOPythonSWIG.so(+0x32cea8) [0x14e45f01cea8]
[ 25  ]     0x14e46df3658a /opt/bwhpc/common/devel/python/3.13.3_gnu_14.2/lib64/libpython3.13.so.1.0(+0x1aa58a) [0x14e46df3658a]
[ 26  ]     0x14e46df0c8a0 _PyObject_MakeTpCall + 320
[ 27  ]     0x14e46df1fddd _PyEval_EvalFrameDefault + 15949
[ 28  ]     0x14e46dfa9d5c PyEval_EvalCode + 172
[ 29  ]     0x14e46dfe367c /opt/bwhpc/common/devel/python/3.13.3_gnu_14.2/lib64/libpython3.13.so.1.0(+0x25767c) [0x14e46dfe367c]
[ 30  ]     0x14e46dfe0f16 /opt/bwhpc/common/devel/python/3.13.3_gnu_14.2/lib64/libpython3.13.so.1.0(+0x254f16) [0x14e46dfe0f16]
[ 31  ]     0x14e46dfde9e5 /opt/bwhpc/common/devel/python/3.13.3_gnu_14.2/lib64/libpython3.13.so.1.0(+0x2529e5) [0x14e46dfde9e5]
[ 32  ]     0x14e46dfddd53 /opt/bwhpc/common/devel/python/3.13.3_gnu_14.2/lib64/libpython3.13.so.1.0(+0x251d53) [0x14e46dfddd53]
[ 33  ]     0x14e46dfddb6a /opt/bwhpc/common/devel/python/3.13.3_gnu_14.2/lib64/libpython3.13.so.1.0(+0x251b6a) [0x14e46dfddb6a]
[ 34  ]     0x14e46dfdbf99 Py_RunMain + 985
[ 35  ]     0x14e46df9866b Py_BytesMain + 59
[ 36  ]     0x14e46da295d0 /lib64/libc.so.6(+0x295d0) [0x14e46da295d0]
[ 37  ]     0x14e46da29680 __libc_start_main + 128
[ 38  ]     0x5630a78b6095 _start + 37


Honor thy error as a hidden intention. (Brian Eno)

