Worker 4 ready on uc2n602.localdomain: PYRO:obj_a05a79a97b0d4ea4b9d1a3b038fa4307@uc2n602.localdomain:39325
[optimize] CFD build FAILED (worker 4):
bash: Agent: command not found
bash: Agent: command not found
bash: Agent: command not found
OpenFoam-v2412 is unloaded 

Don't forget to initialize OpenFOAM with:

	source $FOAM_INIT

or simply:

	foamInit

Warning : Gmsh has aleady been initialized
Warning : Gmsh has aleady been initialized
Warning : Gmsh has aleady been initialized
Warning : Gmsh has aleady been initialized
Warning : Gmsh has aleady been initialized
Warning : Gmsh has aleady been initialized
Warning : Gmsh has aleady been initialized
Warning : Gmsh has aleady been initialized
Warning : Gmsh has aleady been initialized
Warning : Gmsh has aleady been initialized
Warning : Gmsh has aleady been initialized
Warning : Gmsh has aleady been initialized
Warning : Gmsh has aleady been initialized
Warning : Gmsh has aleady been initialized
Warning : Gmsh has aleady been initialized
Warning : Gmsh has aleady been initialized
Warning : Gmsh has aleady been initialized
Warning : Gmsh has aleady been initialized
[uc2n602:863440:0:863440] Caught signal 11 (Segmentation fault: address not mapped to object at address 0x7d017d020003)

[optimize] CFD build FAILED (worker 4):
:analyticFunction*>&, dtOO::labeledVectorHandling<dtOO::analyticGeometry*>&, dtOO::labeledVectorHandling<dtOO::boundedVolume*>&, dtOO::labeledVectorHandling<dtOO::dtCase*>&, dtOO::labeledVectorHandling<dtOO::dtPlugin*>&) const + 541
[ 11  ]     0x153e1701cea8 /home/st/st_us-042020/st_ac136362/dtOO/install/tools/_dtOOPythonSWIG.so(+0x32cea8) [0x153e1701cea8]
[ 12  ]     0x153e25eef58a /opt/bwhpc/common/devel/python/3.13.3_gnu_14.2/lib64/libpython3.13.so.1.0(+0x1aa58a) [0x153e25eef58a]
[ 13  ]     0x153e25ec58a0 _PyObject_MakeTpCall + 320
[ 14  ]     0x153e25ed8ddd _PyEval_EvalFrameDefault + 15949
[ 15  ]     0x153e25f62d5c PyEval_EvalCode + 172
[ 16  ]     0x153e25f9c67c /opt/bwhpc/common/devel/python/3.13.3_gnu_14.2/lib64/libpython3.13.so.1.0(+0x25767c) [0x153e25f9c67c]
[ 17  ]     0x153e25f99f16 /opt/bwhpc/common/devel/python/3.13.3_gnu_14.2/lib64/libpython3.13.so.1.0(+0x254f16) [0x153e25f99f16]
[ 18  ]     0x153e25f979e5 /opt/bwhpc/common/devel/python/3.13.3_gnu_14.2/lib64/libpython3.13.so.1.0(+0x2529e5) [0x153e25f979e5]
[ 19  ]     0x153e25f96d53 /opt/bwhpc/common/devel/python/3.13.3_gnu_14.2/lib64/libpython3.13.so.1.0(+0x251d53) [0x153e25f96d53]
[ 20  ]     0x153e25f96b6a /opt/bwhpc/common/devel/python/3.13.3_gnu_14.2/lib64/libpython3.13.so.1.0(+0x251b6a) [0x153e25f96b6a]
[ 21  ]     0x153e25f94f99 Py_RunMain + 985
[ 22  ]     0x153e25f5166b Py_BytesMain + 59
[ 23  ]     0x153e25a295d0 /lib64/libc.so.6(+0x295d0) [0x153e25a295d0]
[ 24  ]     0x153e25a29680 __libc_start_main + 128
[ 25  ]     0x558763265095 _start + 37


Honor thy error as a hidden intention. (Brian Eno)

