bash: Agent: command not found
bash: Agent: command not found
bash: Agent: command not found
OpenFoam-v2412 is unloaded 

Don't forget to initialize OpenFOAM with:

	source $FOAM_INIT

or simply:

	foamInit

Warning : Gmsh has aleady been initialized
Warning : Gmsh has aleady been initialized
Warning : Gmsh has aleady been initialized
Warning : Gmsh has aleady been initialized
Warning : Gmsh has aleady been initialized
Warning : Gmsh has aleady been initialized
Warning : Gmsh has aleady been initialized
Warning : Gmsh has aleady been initialized
Warning : Gmsh has aleady been initialized
Warning : Gmsh has aleady been initialized
Warning : Gmsh has aleady been initialized
Warning : Gmsh has aleady been initialized
Warning : Gmsh has aleady been initialized
Warning : Gmsh has aleady been initialized
Warning : Gmsh has aleady been initialized
Warning : Gmsh has aleady been initialized
Warning : Gmsh has aleady been initialized
Warning : Gmsh has aleady been initialized
[uc2n603:1440226:0:1440226] Caught signal 11 (Segmentation fault: address not mapped to object at address 0x1)
