WS=/pfs/work9/workspace/scratch/st_ac136362-eigenfreq  images=dolfinx.sqsh dtOO.sqsh 
repo=/home/st/st_us-042020/st_ac136362/eigenfrequencies  venv=/home/st/st_us-042020/st_ac136362/venvs/hydroflow
ssh-agent: Error connecting to agent: No such file or directory
WS=/pfs/work9/workspace/scratch/st_ac136362-eigenfreq
ENROOT_IMAGES=/pfs/work9/workspace/scratch/st_ac136362-eigenfreq/enroot-images
ENROOT_DATA_PATH=/scratch/slurm_tmpdir/job_6819095/enroot-data
EIGENFREQUENCIES_REPO=/home/st/st_us-042020/st_ac136362/eigenfrequencies
========================================
[submit] host=uc2n601.localdomain job=6819095
[submit] config=/home/st/st_us-042020/st_ac136362/eigenfrequencies/cluster/configs/tistos-smoke-cfd-native.toml
[submit] repo=/home/st/st_us-042020/st_ac136362/eigenfrequencies
[submit] venv=/home/st/st_us-042020/st_ac136362/venvs/hydroflow
========================================
[submit] config:     cpus=64 concurrent=2 ranks=6 threads=1 islands=1 mode=run
[submit] allocation: cpus=12 mem=251G
[submit] scaling to the allocation: cpus 64 -> 12, concurrent 2 -> 2, threads 1 -> 1
[submit] results  -> /pfs/work9/workspace/scratch/st_ac136362-eigenfreq/runs/tistos-smoke-cfd-native
[submit] scratch  -> /pfs/work9/workspace/scratch/st_ac136362-eigenfreq/runs/tistos-smoke-cfd-native-scratch (stable, so resume can reuse results)
[submit] unpacking dolfinx
[submit] unpacking dtOO
[submit] containers -> /scratch/slurm_tmpdir/job_6819095/enroot-data (9.6G)
[submit] configs must name the container, not a path: dtOO / dolfinx
[submit] ---- check ----
configuration ok: case=tistos
[submit] ---- run ----
run complete: 0/2 succeeded, results=/pfs/work9/workspace/scratch/st_ac136362-eigenfreq/runs/tistos-smoke-cfd-native/results.jsonl
[submit] hydroflow-opt exit code: 1
[submit]
[submit] Sanity gate before anyone looks at the result — a metric with a
[submit] unique count of 1 across all generations is frozen, not converged:
[submit]   python3 /home/st/st_us-042020/st_ac136362/eigenfrequencies/cluster/summarize_run.py <run_dir>
git add cluster/logs && git commit -m 'cluster debug: native smoke 6819095'
=== debug_dev summary (job=6819095) ===
eval_config=native
config=/home/st/st_us-042020/st_ac136362/eigenfrequencies/cluster/configs/tistos-smoke-cfd-native.toml
run_dir=/pfs/work9/workspace/scratch/st_ac136362-eigenfreq/runs/tistos-smoke-cfd-native
local_scratch=/pfs/work9/workspace/scratch/st_ac136362-eigenfreq/runs/tistos-smoke-cfd-native-local
log_dir=/home/st/st_us-042020/st_ac136362/eigenfrequencies/cluster/logs/6819095
submit_exit=1
probe_rc=SKIPPED
stage: baseline/logs/cfd_build.log (3396 lines) PASS
  $ enroot start -m /home/st/st_us-042020/st_ac136362/eigenfrequencies:/home/st/st_us-042020/st_ac136362/eigenfrequencies -m /pfs/work9/workspace/scratch/st_ac136362-eigenfreq/runs/tistos-smoke-cfd-nati
stage: baseline/logs/cfd_solve.log (21 lines) PASS
  $ bash -lc 'module load cae/openfoam/v2606; cd /pfs/work9/workspace/scratch/st_ac136362-eigenfreq/runs/tistos-smoke-cfd-native-local/baseline; export MPI_LAUNCHER=mpiexec; exec sh -e /pfs/work9/worksp
stage: midpoint/logs/cfd_build.log (3404 lines) PASS
  $ enroot start -m /home/st/st_us-042020/st_ac136362/eigenfrequencies:/home/st/st_us-042020/st_ac136362/eigenfrequencies -m /pfs/work9/workspace/scratch/st_ac136362-eigenfreq/runs/tistos-smoke-cfd-nati
stage: midpoint/logs/cfd_solve.log (21 lines) PASS
  $ bash -lc 'module load cae/openfoam/v2606; cd /pfs/work9/workspace/scratch/st_ac136362-eigenfreq/runs/tistos-smoke-cfd-native-local/midpoint; export MPI_LAUNCHER=mpiexec; exec sh -e /pfs/work9/worksp

============================= JOB FEEDBACK =============================

NodeName=uc2n601
Job ID: 6819095
Cluster: uc3
User/Group: st_ac136362/st_us-042020
State: FAILED (exit code 1)
Nodes: 1
Cores per node: 12
CPU Utilized: 00:05:18
CPU Efficiency: 14.72% of 00:36:00 core-walltime
Job Wall-clock time: 00:03:00
Memory Utilized: 960.46 MB
Memory Efficiency: 4.00% of 23.44 GB (1.95 GB/core)
