Worker 3 ready on uc2n607.localdomain: PYRO:obj_5c95b5b584f94591925aaae5b62f4ca5@uc2n607.localdomain:43087
[optimize] dtOO build FAILED (worker 3):
maxL    1.383/   1.400 -- Small/Large/Total (    84/     0/  2141):     11 splits,      6 swaps,      6 collapses,    328 moves
Debug   :  iter   5 minL    0.502/   0.700 maxL    1.383/   1.400 -- Small/Large/Total (    78/     0/  2135):      0 splits,      2 swaps,      2 collapses,    114 moves
Debug   :  iter   6 minL    0.502/   0.700 maxL    1.383/   1.400 -- Small/Large/Total (    76/     0/  2132):      0 splits,      0 swaps,      1 collapses,     91 moves
Debug   :  iter   7 minL    0.502/   0.700 maxL    1.383/   1.400 -- Small/Large/Total (    76/     0/  2132):      0 splits,      1 swaps,      0 collapses,     79 moves
Debug   :  ---------------------------------------
Debug   :  CPU Report 
Debug   :  ---------------------------------------
Debug   :  CPU SWAP     7.58400E-03 sec (  0 %)
Debug   :  CPU SPLIT    4.95998E-01 sec (  5 %) 
Debug   :  CPU COLLAPS  1.07204E+00 sec ( 11 %) 
Debug   :  CPU SMOOTH   8.35956E+00 sec ( 84 %) 
Debug   :  ---------------------------------------
Debug   :  CPU TOTAL    9.93518E+00 sec 
Debug   :  ---------------------------------------
Debug   :  iter   1 minL    0.502/   0.700 maxL    1.383/   1.400 -- Small/Large/Total (    76/     0/  2132):      0 splits,      0 swaps,      0 collapses,     64 moves
Debug   :  ---------------------------------------
Debug   :  CPU Report 
Debug   :  ---------------------------------------
Debug   :  CPU SWAP     8.75000E-04 sec (  0 %)
Debug   :  CPU SPLIT    1.59104E-01 sec ( 16 %) 
Debug   :  CPU COLLAPS  7.94890E-02 sec (  8 %) 
Debug   :  CPU SMOOTH   7.29807E-01 sec ( 75 %) 
Debug   :  ---------------------------------------
Debug   :  CPU TOTAL    9.69275E-01 sec 
Debug   :  ---------------------------------------
Debug   : Type 23 1375 triangles generated, 619 internal nodes
Info    : Meshing surface 14 (Parametric surface, MeshAdapt)
Debug   : Recovering 4 model edges
Debug   : Recovering 84 mesh edges (0 not recovered)
Debug   : Boundary edges recovered for surface 14
Debug   : Computing mesh size field at mesh nodes 84
Debug   : Delaunizing the initial mesh
Debug   : Starting to add internal nodes
Debug   :  iter   1 minL    0.196/   0.700 maxL    5.215/   1.400 -- Small/Large/Total (    66/   257/   831):    286 splits,    282 swaps,     64 collapses,    794 moves
Debug   :  iter   2 minL    0.402/   0.700 maxL    1.966/   1.400 -- Small/Large/Total (   126/    30/  1212):    262 splits,    216 swaps,    135 collapses,   1122 moves
Debug   :  iter   3 minL    0.551/   0.700 maxL    1.437/   1.400 -- Small/Large/Total (    66/     1/  1221):     39 splits,     32 swaps,     36 collapses,    550 moves
Debug   :  iter   4 minL    0.553/   0.700 maxL    1.367/   1.400 -- Small/Large/Total (    54/     0/  1218):      2 splits,      2 swaps,      3 collapses,    185 moves
Debug   :  iter   5 minL    0.553/   0.700 maxL    1.354/   1.400 -- Small/Large/Total (    53/     0/  1212):      0 splits,      0 swaps,      2 collapses,     81 moves
Debug   :  iter   6 minL    0.553/   0.700 maxL    1.383/   1.400 -- Small/Large/Total (    51/     0/  1209):      0 splits,      0 swaps,      1 collapses,     71 moves
Debug   :  iter   7 minL    0.553/   0.700 maxL    1.383/   1.400 -- Small/Large/Total (    51/     0/  1209):      0 splits,      0 swaps,      0 collapses,     35 moves
Debug   :  ---------------------------------------
Debug   :  CPU Report 
Debug   :  ---------------------------------------
Debug   :  CPU SWAP     4.09600E-03 sec (  0 %)
Debug   :  CPU SPLIT    2.83101E-01 sec (  5 %) 
Debug   :  CPU COLLAPS  5.84023E-01 sec ( 11 %) 
Debug   :  CPU SMOOTH   4.27805E+00 sec ( 83 %) 
Debug   :  ---------------------------------------
Debug   :  CPU TOTAL    5.14927E+00 sec 
Debug   :  ---------------------------------------
Debug   :  iter   1 minL    0.553/   0.700 maxL    1.383/   1.400 -- Small/Large/Total (    51/     0/  1209):      0 splits,      0 swaps,      0 collapses,     28 moves
Debug   :  ---------------------------------------
Debug   :  CPU Report 
Debug   :  ---------------------------------------
Debug   :  CPU SWAP     4.90000E-04 sec (  0 %)
Debug   :  CPU SPLIT    9.08230E-02 sec ( 15 %) 
Debug   :  CPU COLLAPS  4.47270E-02 sec (  7 %) 
Debug   :  CPU SMOOTH   4.73458E-01 sec ( 78 %) 
Debug   :  ---------------------------------------
Debug   :  CPU TOTAL    6.09498E-01 sec 
Debug   :  ---------------------------------------
Debug   : Type 23 778 triangles generated, 348 internal nodes
Info    : Meshing surface 15 (Parametric surface, MeshAdapt)
[dtoo] loaded 30 design parameters from /scratch/slurm_tmpdir/job_6066539/worker_3/design.json
[dtoo] applied 30 parameter overrides
[dtoo] plugin ru_adjustDomain applied
[dtoo] makeGrid on ruWithRounding_mechMesh ...
Traceback (most recent call last):
  File "/pfs/work9/workspace/scratch/st_ac136362-eigenfreq/eigenfrequencies/turbine_runner/dtoo_export.py", line 113, in <module>
    main()
    ~~~~^^
  File "/pfs/work9/workspace/scratch/st_ac136362-eigenfreq/eigenfrequencies/turbine_runner/dtoo_export.py", line 104, in main
    bV.get(MECH_VOLUME).makeGrid()
    ~~~~~~~~~~~~~~~~~~~~~~~~~~~~^^
  File "/home/st/st_us-042020/st_ac136362/dtOO/install/tools/dtOOPythonSWIG.py", line 6017, in makeGrid
    return _dtOOPythonSWIG.boundedVolume_makeGrid(self)
           ~~~~~~~~~~~~~~~~~~~~~~~~~~~~~~~~~~~~~~^^^^^^
Exception: [ map2dTo3d::reparamOnFace() ]
*-> file '/home/st/st_us-042020/st_ac136362/dtOO/src/geometryKernel/analyticGeometryHeaven/map2dTo3d.cpp'
*-> line '250'

condition: !md.converged() is true.

Backtrace
[ 1   ]     0x14dff59ee654 /home/st/st_us-042020/st_ac136362/dtOO/install/lib/libdtOO.so.2(+0x2b9654) [0x14dff59ee654]
[ 2   ]     0x14dff5da332a dtOO::dtGmshFace::reparamOnFace(CGAL::Point_3<CGAL::Epick>) const + 26
[ 3   ]     0x14dff5da338b dtOO::dtGmshFace::parFromPoint(SPoint3 const&, bool, bool) const + 59
[ 4   ]     0x14dff4c9b2dd GEdge::reparamOnFace(GFace const*, double, int) const + 125
[ 5   ]     0x14dff4e656fe reparamMeshVertexOnFace(MVertex const*, GFace const*, SPoint2&, bool, bool, int) + 590
[ 6   ]     0x14dff4ee8d51 /home/st/st_us-042020/st_ac136362/dtOO/install/lib64/libgmsh.so.4.14(+0x729d51) [0x14dff4ee8d51]
[ 7   ]     0x14dff4ef7817 meshGFace::operator()(GFace*, bool) + 775
[ 8   ]     0x14dff5dcd718 dtOO::dtMeshGFace::operator()(dtOO::dtGmshFace*) + 24
[ 9   ]     0x14dff5e5c042 dtOO::bVOMeshRule::preUpdate() + 5650
[ 10  ]     0x14dff5e422d5 dtOO::bVOSubject::preNotify() + 53
[ 11  ]     0x14dff5ea957e dtOO::gmshBoundedVolume::makePreGrid() + 6110
[ 12  ]     0x14dff5ea4d47 dtOO::gmshBoundedVolume::makeGrid() + 23
[ 13  ]     0x14dff642d14d /home/st/st_us-042020/st_ac136362/dtOO/install/tools/_dtOOPythonSWIG.so(+0x33d14d) [0x14dff642d14d]
[ 14  ]     0x14e005204bda /opt/bwhpc/common/devel/python/3.13.3_gnu_14.2/lib64/libpython3.13.so.1.0(+0x1a9bda) [0x14e005204bda]
[ 15  ]     0x14e0051dd723 PyObject_Vectorcall + 83
[ 16  ]     0x14e0051eeddd _PyEval_EvalFrameDefault + 15949
[ 17  ]     0x14e005278d5c PyEval_EvalCode + 172
[ 18  ]     0x14e0052b267c /opt/bwhpc/common/devel/python/3.13.3_gnu_14.2/lib64/libpython3.13.so.1.0(+0x25767c) [0x14e0052b267c]
[ 19  ]     0x14e0052aff16 /opt/bwhpc/common/devel/python/3.13.3_gnu_14.2/lib64/libpython3.13.so.1.0(+0x254f16) [0x14e0052aff16]
[ 20  ]     0x14e0052ad9e5 /opt/bwhpc/common/devel/python/3.13.3_gnu_14.2/lib64/libpython3.13.so.1.0(+0x2529e5) [0x14e0052ad9e5]
[ 21  ]     0x14e0052acd53 /opt/bwhpc/common/devel/python/3.13.3_gnu_14.2/lib64/libpython3.13.so.1.0(+0x251d53) [0x14e0052acd53]
[ 22  ]     0x14e0052acb6a /opt/bwhpc/common/devel/python/3.13.3_gnu_14.2/lib64/libpython3.13.so.1.0(+0x251b6a) [0x14e0052acb6a]
[ 23  ]     0x14e0052aaf99 Py_RunMain + 985
[ 24  ]     0x14e00526766b Py_BytesMain + 59
[ 25  ]     0x14e004e295d0 /lib64/libc.so.6(+0x295d0) [0x14e004e295d0]
[ 26  ]     0x14e004e29680 __libc_start_main + 128
[ 27  ]     0x564ecc23f095 _start + 37


Honor thy error as a hidden intention. (Brian Eno)

srun: Job step aborted: Waiting up to 32 seconds for job step to finish.
[2026-07-27T23:55:21.048] error: *** STEP 6066539.7 ON uc2n607 CANCELLED AT 2026-07-27T23:55:21 DUE TO TIME LIMIT ***
