Worker 4 ready on uc2n604.localdomain: PYRO:obj_c57ed6f6059145db97f237fca34312e6@uc2n604.localdomain:44273
[optimize] dtOO build FAILED (worker 4):
maxL    2.125/   1.400 -- Small/Large/Total (   121/    67/  2018):    497 splits,    521 swaps,    299 collapses,   1971 moves
Debug   :  iter   3 minL    0.445/   0.700 maxL    1.433/   1.400 -- Small/Large/Total (    81/     1/  2123):     82 splits,     50 swaps,     47 collapses,    816 moves
Debug   :  iter   4 minL    0.458/   0.700 maxL    1.411/   1.400 -- Small/Large/Total (    69/     1/  2120):      3 splits,      4 swaps,      4 collapses,    243 moves
Debug   :  iter   5 minL    0.458/   0.700 maxL    1.396/   1.400 -- Small/Large/Total (    72/     0/  2123):      1 splits,      0 swaps,      0 collapses,     97 moves
Debug   :  iter   6 minL    0.458/   0.700 maxL    1.396/   1.400 -- Small/Large/Total (    72/     0/  2123):      0 splits,      0 swaps,      0 collapses,     64 moves
Debug   :  ---------------------------------------
Debug   :  CPU Report 
Debug   :  ---------------------------------------
Debug   :  CPU SWAP     6.52200E-03 sec (  0 %)
Debug   :  CPU SPLIT    4.02992E-01 sec (  5 %) 
Debug   :  CPU COLLAPS  9.03999E-01 sec ( 11 %) 
Debug   :  CPU SMOOTH   6.62114E+00 sec ( 83 %) 
Debug   :  ---------------------------------------
Debug   :  CPU TOTAL    7.93465E+00 sec 
Debug   :  ---------------------------------------
Debug   :  iter   1 minL    0.458/   0.700 maxL    1.396/   1.400 -- Small/Large/Total (    72/     0/  2123):      0 splits,      0 swaps,      0 collapses,     61 moves
Debug   :  ---------------------------------------
Debug   :  CPU Report 
Debug   :  ---------------------------------------
Debug   :  CPU SWAP     8.63000E-04 sec (  0 %)
Debug   :  CPU SPLIT    1.55127E-01 sec ( 16 %) 
Debug   :  CPU COLLAPS  7.75470E-02 sec (  8 %) 
Debug   :  CPU SMOOTH   7.22704E-01 sec ( 76 %) 
Debug   :  ---------------------------------------
Debug   :  CPU TOTAL    9.56241E-01 sec 
Debug   :  ---------------------------------------
Debug   : Type 23 1371 triangles generated, 620 internal nodes
Info    : Meshing surface 14 (Parametric surface, MeshAdapt)
Debug   : Recovering 4 model edges
Debug   : Recovering 83 mesh edges (0 not recovered)
Debug   : Boundary edges recovered for surface 14
Debug   : Computing mesh size field at mesh nodes 83
Debug   : Delaunizing the initial mesh
Debug   : Starting to add internal nodes
Debug   :  iter   1 minL    0.249/   0.700 maxL    4.894/   1.400 -- Small/Large/Total (    77/   253/   826):    285 splits,    273 swaps,     64 collapses,    790 moves
Debug   :  iter   2 minL    0.417/   0.700 maxL    2.004/   1.400 -- Small/Large/Total (    85/    44/  1132):    255 splits,    182 swaps,    153 collapses,   1049 moves
Debug   :  iter   3 minL    0.489/   0.700 maxL    1.456/   1.400 -- Small/Large/Total (    54/     2/  1180):     58 splits,     31 swaps,     42 collapses,    546 moves
Debug   :  iter   4 minL    0.543/   0.700 maxL    1.413/   1.400 -- Small/Large/Total (    38/     1/  1180):      2 splits,      5 swaps,      2 collapses,    247 moves
Debug   :  iter   5 minL    0.543/   0.700 maxL    1.346/   1.400 -- Small/Large/Total (    36/     0/  1180):      1 splits,      1 swaps,      1 collapses,    143 moves
Debug   :  iter   6 minL    0.543/   0.700 maxL    1.346/   1.400 -- Small/Large/Total (    36/     0/  1180):      0 splits,      0 swaps,      0 collapses,     92 moves
Debug   :  ---------------------------------------
Debug   :  CPU Report 
Debug   :  ---------------------------------------
Debug   :  CPU SWAP     3.45100E-03 sec (  0 %)
Debug   :  CPU SPLIT    2.25472E-01 sec (  5 %) 
Debug   :  CPU COLLAPS  5.01553E-01 sec ( 12 %) 
Debug   :  CPU SMOOTH   3.57507E+00 sec ( 83 %) 
Debug   :  ---------------------------------------
Debug   :  CPU TOTAL    4.30555E+00 sec 
Debug   :  ---------------------------------------
Debug   :  iter   1 minL    0.543/   0.700 maxL    1.346/   1.400 -- Small/Large/Total (    36/     0/  1180):      0 splits,      0 swaps,      0 collapses,     81 moves
Debug   :  ---------------------------------------
Debug   :  CPU Report 
Debug   :  ---------------------------------------
Debug   :  CPU SWAP     4.74000E-04 sec (  0 %)
Debug   :  CPU SPLIT    8.47440E-02 sec ( 16 %) 
Debug   :  CPU COLLAPS  4.25900E-02 sec (  8 %) 
Debug   :  CPU SMOOTH   3.94692E-01 sec ( 76 %) 
Debug   :  ---------------------------------------
Debug   :  CPU TOTAL    5.22500E-01 sec 
Debug   :  ---------------------------------------
Debug   : Type 23 759 triangles generated, 339 internal nodes
Info    : Meshing surface 15 (Parametric surface, MeshAdapt)
[dtoo] loaded 30 design parameters from /scratch/slurm_tmpdir/job_6066539/worker_4/design.json
[dtoo] applied 30 parameter overrides
[dtoo] plugin ru_adjustDomain applied
[dtoo] makeGrid on ruWithRounding_mechMesh ...
Traceback (most recent call last):
  File "/pfs/work9/workspace/scratch/st_ac136362-eigenfreq/eigenfrequencies/turbine_runner/dtoo_export.py", line 113, in <module>
    main()
    ~~~~^^
  File "/pfs/work9/workspace/scratch/st_ac136362-eigenfreq/eigenfrequencies/turbine_runner/dtoo_export.py", line 104, in main
    bV.get(MECH_VOLUME).makeGrid()
    ~~~~~~~~~~~~~~~~~~~~~~~~~~~~^^
  File "/home/st/st_us-042020/st_ac136362/dtOO/install/tools/dtOOPythonSWIG.py", line 6017, in makeGrid
    return _dtOOPythonSWIG.boundedVolume_makeGrid(self)
           ~~~~~~~~~~~~~~~~~~~~~~~~~~~~~~~~~~~~~~^^^^^^
Exception: [ map2dTo3d::reparamOnFace() ]
*-> file '/home/st/st_us-042020/st_ac136362/dtOO/src/geometryKernel/analyticGeometryHeaven/map2dTo3d.cpp'
*-> line '250'

condition: !md.converged() is true.

Backtrace
[ 1   ]     0x152a265ee654 /home/st/st_us-042020/st_ac136362/dtOO/install/lib/libdtOO.so.2(+0x2b9654) [0x152a265ee654]
[ 2   ]     0x152a269a332a dtOO::dtGmshFace::reparamOnFace(CGAL::Point_3<CGAL::Epick>) const + 26
[ 3   ]     0x152a269a338b dtOO::dtGmshFace::parFromPoint(SPoint3 const&, bool, bool) const + 59
[ 4   ]     0x152a2589b2dd GEdge::reparamOnFace(GFace const*, double, int) const + 125
[ 5   ]     0x152a25a656fe reparamMeshVertexOnFace(MVertex const*, GFace const*, SPoint2&, bool, bool, int) + 590
[ 6   ]     0x152a25ae8d51 /home/st/st_us-042020/st_ac136362/dtOO/install/lib64/libgmsh.so.4.14(+0x729d51) [0x152a25ae8d51]
[ 7   ]     0x152a25af7817 meshGFace::operator()(GFace*, bool) + 775
[ 8   ]     0x152a269cd718 dtOO::dtMeshGFace::operator()(dtOO::dtGmshFace*) + 24
[ 9   ]     0x152a26a5c042 dtOO::bVOMeshRule::preUpdate() + 5650
[ 10  ]     0x152a26a422d5 dtOO::bVOSubject::preNotify() + 53
[ 11  ]     0x152a26aa957e dtOO::gmshBoundedVolume::makePreGrid() + 6110
[ 12  ]     0x152a26aa4d47 dtOO::gmshBoundedVolume::makeGrid() + 23
[ 13  ]     0x152a2702d14d /home/st/st_us-042020/st_ac136362/dtOO/install/tools/_dtOOPythonSWIG.so(+0x33d14d) [0x152a2702d14d]
[ 14  ]     0x152a35e5dbda /opt/bwhpc/common/devel/python/3.13.3_gnu_14.2/lib64/libpython3.13.so.1.0(+0x1a9bda) [0x152a35e5dbda]
[ 15  ]     0x152a35e36723 PyObject_Vectorcall + 83
[ 16  ]     0x152a35e47ddd _PyEval_EvalFrameDefault + 15949
[ 17  ]     0x152a35ed1d5c PyEval_EvalCode + 172
[ 18  ]     0x152a35f0b67c /opt/bwhpc/common/devel/python/3.13.3_gnu_14.2/lib64/libpython3.13.so.1.0(+0x25767c) [0x152a35f0b67c]
[ 19  ]     0x152a35f08f16 /opt/bwhpc/common/devel/python/3.13.3_gnu_14.2/lib64/libpython3.13.so.1.0(+0x254f16) [0x152a35f08f16]
[ 20  ]     0x152a35f069e5 /opt/bwhpc/common/devel/python/3.13.3_gnu_14.2/lib64/libpython3.13.so.1.0(+0x2529e5) [0x152a35f069e5]
[ 21  ]     0x152a35f05d53 /opt/bwhpc/common/devel/python/3.13.3_gnu_14.2/lib64/libpython3.13.so.1.0(+0x251d53) [0x152a35f05d53]
[ 22  ]     0x152a35f05b6a /opt/bwhpc/common/devel/python/3.13.3_gnu_14.2/lib64/libpython3.13.so.1.0(+0x251b6a) [0x152a35f05b6a]
[ 23  ]     0x152a35f03f99 Py_RunMain + 985
[ 24  ]     0x152a35ec066b Py_BytesMain + 59
[ 25  ]     0x152a35a295d0 /lib64/libc.so.6(+0x295d0) [0x152a35a295d0]
[ 26  ]     0x152a35a29680 __libc_start_main + 128
[ 27  ]     0x55d910b4e095 _start + 37


Honor thy error as a hidden intention. (Brian Eno)

srun: Job step aborted: Waiting up to 32 seconds for job step to finish.
[2026-07-27T23:55:21.046] error: *** STEP 6066539.4 ON uc2n604 CANCELLED AT 2026-07-27T23:55:21 DUE TO TIME LIMIT ***
