Worker 0 ready on uc2n603.localdomain: PYRO:obj_af581b22901c4dd7b698ad82fb195253@uc2n603.localdomain:45467
[optimize] dtOO build FAILED (worker 0):
maxL    1.563/   1.400 -- Small/Large/Total (    74/     3/  3335):      4 splits,      1 swaps,      4 collapses,     74 moves
Debug   :  iter   8 minL    0.549/   0.700 maxL    1.896/   1.400 -- Small/Large/Total (    75/     7/  3335):      3 splits,      3 swaps,      3 collapses,     86 moves
Debug   :  iter   9 minL    0.549/   0.700 maxL    1.441/   1.400 -- Small/Large/Total (    73/     1/  3341):      7 splits,      2 swaps,      5 collapses,     99 moves
Debug   :  iter  10 minL    0.549/   0.700 maxL    1.389/   1.400 -- Small/Large/Total (    72/     0/  3341):      1 splits,      0 swaps,      1 collapses,     60 moves
Debug   :  iter  11 minL    0.549/   0.700 maxL    1.389/   1.400 -- Small/Large/Total (    72/     0/  3341):      0 splits,      0 swaps,      0 collapses,     40 moves
Debug   :  ---------------------------------------
Debug   :  CPU Report 
Debug   :  ---------------------------------------
Debug   :  CPU SWAP     1.66490E-02 sec (  0 %)
Debug   :  CPU SPLIT    1.27045E+00 sec (  6 %) 
Debug   :  CPU COLLAPS  2.10733E+00 sec (  9 %) 
Debug   :  CPU SMOOTH   1.88828E+01 sec ( 85 %) 
Debug   :  ---------------------------------------
Debug   :  CPU TOTAL    2.22772E+01 sec 
Debug   :  ---------------------------------------
Debug   :  iter   1 minL    0.549/   0.700 maxL    1.389/   1.400 -- Small/Large/Total (    72/     0/  3341):      0 splits,      0 swaps,      0 collapses,     27 moves
Debug   :  ---------------------------------------
Debug   :  CPU Report 
Debug   :  ---------------------------------------
Debug   :  CPU SWAP     1.40700E-03 sec (  0 %)
Debug   :  CPU SPLIT    2.45807E-01 sec ( 15 %) 
Debug   :  CPU COLLAPS  1.23590E-01 sec (  8 %) 
Debug   :  CPU SMOOTH   1.25219E+00 sec ( 77 %) 
Debug   :  ---------------------------------------
Debug   :  CPU TOTAL    1.62300E+00 sec 
Debug   :  ---------------------------------------
Debug   : Type 23 2157 triangles generated, 974 internal nodes
Info    : Meshing surface 16 (Parametric surface, MeshAdapt)
Debug   : Recovering 4 model edges
Debug   : Recovering 68 mesh edges (0 not recovered)
Debug   : Boundary edges recovered for surface 16
Debug   : Computing mesh size field at mesh nodes 68
Debug   : Delaunizing the initial mesh
Debug   : Starting to add internal nodes
Debug   :  iter   1 minL    0.273/   0.700 maxL    3.998/   1.400 -- Small/Large/Total (    54/    94/   646):    226 splits,    249 swaps,     55 collapses,    615 moves
Debug   :  iter   2 minL    0.295/   0.700 maxL    2.555/   1.400 -- Small/Large/Total (    60/     4/   781):    109 splits,     58 swaps,     64 collapses,    572 moves
Debug   :  iter   3 minL    0.511/   0.700 maxL    1.399/   1.400 -- Small/Large/Total (    40/     0/   775):      7 splits,      5 swaps,      9 collapses,    169 moves
Debug   :  iter   4 minL    0.511/   0.700 maxL    1.358/   1.400 -- Small/Large/Total (    35/     0/   769):      1 splits,      0 swaps,      3 collapses,     89 moves
Debug   :  iter   5 minL    0.511/   0.700 maxL    1.358/   1.400 -- Small/Large/Total (    32/     0/   766):      0 splits,      0 swaps,      1 collapses,     60 moves
Debug   :  iter   6 minL    0.511/   0.700 maxL    1.358/   1.400 -- Small/Large/Total (    32/     0/   766):      0 splits,      0 swaps,      0 collapses,     31 moves
Debug   :  ---------------------------------------
Debug   :  CPU Report 
Debug   :  ---------------------------------------
Debug   :  CPU SWAP     2.24800E-03 sec (  0 %)
Debug   :  CPU SPLIT    1.52106E-01 sec (  1 %) 
Debug   :  CPU COLLAPS  2.99922E-01 sec (  1 %) 
Debug   :  CPU SMOOTH   2.09519E+01 sec ( 98 %) 
Debug   :  ---------------------------------------
Debug   :  CPU TOTAL    2.14062E+01 sec 
Debug   :  ---------------------------------------
Debug   :  iter   1 minL    0.511/   0.700 maxL    1.358/   1.400 -- Small/Large/Total (    32/     0/   766):      0 splits,      0 swaps,      0 collapses,     24 moves
Debug   :  ---------------------------------------
Debug   :  CPU Report 
Debug   :  ---------------------------------------
Debug   :  CPU SWAP     3.02000E-04 sec (  0 %)
Debug   :  CPU SPLIT    5.41580E-02 sec (  2 %) 
Debug   :  CPU COLLAPS  2.69480E-02 sec (  1 %) 
Debug   :  CPU SMOOTH   2.73827E+00 sec ( 97 %) 
Debug   :  ---------------------------------------
Debug   :  CPU TOTAL    2.81967E+00 sec 
Debug   :  ---------------------------------------
Debug   : Type 23 488 triangles generated, 211 internal nodes
Info    : Meshing surface 17 (Parametric surface, MeshAdapt)
[dtoo] loaded 30 design parameters from /scratch/slurm_tmpdir/job_6066539/worker_0/design.json
[dtoo] applied 30 parameter overrides
[dtoo] plugin ru_adjustDomain applied
[dtoo] makeGrid on ruWithRounding_mechMesh ...
Traceback (most recent call last):
  File "/pfs/work9/workspace/scratch/st_ac136362-eigenfreq/eigenfrequencies/turbine_runner/dtoo_export.py", line 113, in <module>
    main()
    ~~~~^^
  File "/pfs/work9/workspace/scratch/st_ac136362-eigenfreq/eigenfrequencies/turbine_runner/dtoo_export.py", line 104, in main
    bV.get(MECH_VOLUME).makeGrid()
    ~~~~~~~~~~~~~~~~~~~~~~~~~~~~^^
  File "/home/st/st_us-042020/st_ac136362/dtOO/install/tools/dtOOPythonSWIG.py", line 6017, in makeGrid
    return _dtOOPythonSWIG.boundedVolume_makeGrid(self)
           ~~~~~~~~~~~~~~~~~~~~~~~~~~~~~~~~~~~~~~^^^^^^
Exception: [ map2dTo3d::reparamOnFace() ]
*-> file '/home/st/st_us-042020/st_ac136362/dtOO/src/geometryKernel/analyticGeometryHeaven/map2dTo3d.cpp'
*-> line '250'

condition: !md.converged() is true.

Backtrace
[ 1   ]     0x153a239ee654 /home/st/st_us-042020/st_ac136362/dtOO/install/lib/libdtOO.so.2(+0x2b9654) [0x153a239ee654]
[ 2   ]     0x153a23da332a dtOO::dtGmshFace::reparamOnFace(CGAL::Point_3<CGAL::Epick>) const + 26
[ 3   ]     0x153a23da338b dtOO::dtGmshFace::parFromPoint(SPoint3 const&, bool, bool) const + 59
[ 4   ]     0x153a22c9b2dd GEdge::reparamOnFace(GFace const*, double, int) const + 125
[ 5   ]     0x153a22e656fe reparamMeshVertexOnFace(MVertex const*, GFace const*, SPoint2&, bool, bool, int) + 590
[ 6   ]     0x153a22ee8d51 /home/st/st_us-042020/st_ac136362/dtOO/install/lib64/libgmsh.so.4.14(+0x729d51) [0x153a22ee8d51]
[ 7   ]     0x153a22ef7817 meshGFace::operator()(GFace*, bool) + 775
[ 8   ]     0x153a23dcd718 dtOO::dtMeshGFace::operator()(dtOO::dtGmshFace*) + 24
[ 9   ]     0x153a23e5c042 dtOO::bVOMeshRule::preUpdate() + 5650
[ 10  ]     0x153a23e422d5 dtOO::bVOSubject::preNotify() + 53
[ 11  ]     0x153a23ea957e dtOO::gmshBoundedVolume::makePreGrid() + 6110
[ 12  ]     0x153a23ea4d47 dtOO::gmshBoundedVolume::makeGrid() + 23
[ 13  ]     0x153a2442d14d /home/st/st_us-042020/st_ac136362/dtOO/install/tools/_dtOOPythonSWIG.so(+0x33d14d) [0x153a2442d14d]
[ 14  ]     0x153a33258bda /opt/bwhpc/common/devel/python/3.13.3_gnu_14.2/lib64/libpython3.13.so.1.0(+0x1a9bda) [0x153a33258bda]
[ 15  ]     0x153a33231723 PyObject_Vectorcall + 83
[ 16  ]     0x153a33242ddd _PyEval_EvalFrameDefault + 15949
[ 17  ]     0x153a332ccd5c PyEval_EvalCode + 172
[ 18  ]     0x153a3330667c /opt/bwhpc/common/devel/python/3.13.3_gnu_14.2/lib64/libpython3.13.so.1.0(+0x25767c) [0x153a3330667c]
[ 19  ]     0x153a33303f16 /opt/bwhpc/common/devel/python/3.13.3_gnu_14.2/lib64/libpython3.13.so.1.0(+0x254f16) [0x153a33303f16]
[ 20  ]     0x153a333019e5 /opt/bwhpc/common/devel/python/3.13.3_gnu_14.2/lib64/libpython3.13.so.1.0(+0x2529e5) [0x153a333019e5]
[ 21  ]     0x153a33300d53 /opt/bwhpc/common/devel/python/3.13.3_gnu_14.2/lib64/libpython3.13.so.1.0(+0x251d53) [0x153a33300d53]
[ 22  ]     0x153a33300b6a /opt/bwhpc/common/devel/python/3.13.3_gnu_14.2/lib64/libpython3.13.so.1.0(+0x251b6a) [0x153a33300b6a]
[ 23  ]     0x153a332fef99 Py_RunMain + 985
[ 24  ]     0x153a332bb66b Py_BytesMain + 59
[ 25  ]     0x153a32e295d0 /lib64/libc.so.6(+0x295d0) [0x153a32e295d0]
[ 26  ]     0x153a32e29680 __libc_start_main + 128
[ 27  ]     0x563e59ddd095 _start + 37


Honor thy error as a hidden intention. (Brian Eno)

[optimize] dtOO build FAILED (worker 0):
axL    1.540/   1.400 -- Small/Large/Total (   102/     4/  3432):      3 splits,      2 swaps,      5 collapses,    116 moves
Debug   :  iter   8 minL    0.548/   0.700 maxL    1.554/   1.400 -- Small/Large/Total (   101/     3/  3432):      4 splits,      5 swaps,      4 collapses,    112 moves
Debug   :  iter   9 minL    0.548/   0.700 maxL    1.427/   1.400 -- Small/Large/Total (    98/     2/  3429):      3 splits,      3 swaps,      4 collapses,     75 moves
Debug   :  iter  10 minL    0.548/   0.700 maxL    1.597/   1.400 -- Small/Large/Total (   100/     2/  3435):      3 splits,      3 swaps,      1 collapses,     73 moves
Debug   :  iter  11 minL    0.548/   0.700 maxL    1.400/   1.400 -- Small/Large/Total (   101/     0/  3441):      2 splits,      1 swaps,      0 collapses,     59 moves
Debug   :  ---------------------------------------
Debug   :  CPU Report 
Debug   :  ---------------------------------------
Debug   :  CPU SWAP     1.87140E-02 sec (  0 %)
Debug   :  CPU SPLIT    1.46453E+00 sec (  5 %) 
Debug   :  CPU COLLAPS  2.53084E+00 sec (  9 %) 
Debug   :  CPU SMOOTH   2.31910E+01 sec ( 85 %) 
Debug   :  ---------------------------------------
Debug   :  CPU TOTAL    2.72051E+01 sec 
Debug   :  ---------------------------------------
Debug   :  iter   1 minL    0.548/   0.700 maxL    1.400/   1.400 -- Small/Large/Total (   101/     0/  3441):      0 splits,      0 swaps,      0 collapses,     24 moves
Debug   :  ---------------------------------------
Debug   :  CPU Report 
Debug   :  ---------------------------------------
Debug   :  CPU SWAP     1.44500E-03 sec (  0 %)
Debug   :  CPU SPLIT    2.58941E-01 sec ( 14 %) 
Debug   :  CPU COLLAPS  1.28383E-01 sec (  7 %) 
Debug   :  CPU SMOOTH   1.47817E+00 sec ( 79 %) 
Debug   :  ---------------------------------------
Debug   :  CPU TOTAL    1.86694E+00 sec 
Debug   :  ---------------------------------------
Debug   : Type 23 2225 triangles generated, 1010 internal nodes
Info    : Meshing surface 16 (Parametric surface, MeshAdapt)
Debug   : Recovering 4 model edges
Debug   : Recovering 68 mesh edges (0 not recovered)
Debug   : Boundary edges recovered for surface 16
Debug   : Computing mesh size field at mesh nodes 68
Debug   : Delaunizing the initial mesh
Debug   : Starting to add internal nodes
Debug   :  iter   1 minL    0.363/   0.700 maxL    3.768/   1.400 -- Small/Large/Total (    62/    86/   661):    227 splits,    254 swaps,     51 collapses,    628 moves
Debug   :  iter   2 minL    0.502/   0.700 maxL    2.130/   1.400 -- Small/Large/Total (    59/     4/   805):    105 splits,     76 swaps,     57 collapses,    614 moves
Debug   :  iter   3 minL    0.550/   0.700 maxL    1.421/   1.400 -- Small/Large/Total (    43/     1/   808):      8 splits,      6 swaps,      7 collapses,    269 moves
Debug   :  iter   4 minL    0.550/   0.700 maxL    1.403/   1.400 -- Small/Large/Total (    43/     1/   811):      2 splits,      1 swaps,      1 collapses,    133 moves
Debug   :  iter   5 minL    0.550/   0.700 maxL    1.386/   1.400 -- Small/Large/Total (    43/     0/   811):      1 splits,      0 swaps,      1 collapses,     98 moves
Debug   :  iter   6 minL    0.550/   0.700 maxL    1.386/   1.400 -- Small/Large/Total (    43/     0/   811):      0 splits,      0 swaps,      0 collapses,     69 moves
Debug   :  ---------------------------------------
Debug   :  CPU Report 
Debug   :  ---------------------------------------
Debug   :  CPU SWAP     2.35800E-03 sec (  0 %)
Debug   :  CPU SPLIT    1.66114E-01 sec (  1 %) 
Debug   :  CPU COLLAPS  3.42289E-01 sec (  1 %) 
Debug   :  CPU SMOOTH   3.14621E+01 sec ( 98 %) 
Debug   :  ---------------------------------------
Debug   :  CPU TOTAL    3.19729E+01 sec 
Debug   :  ---------------------------------------
Debug   :  iter   1 minL    0.550/   0.700 maxL    1.386/   1.400 -- Small/Large/Total (    43/     0/   811):      0 splits,      0 swaps,      0 collapses,     53 moves
Debug   :  ---------------------------------------
Debug   :  CPU Report 
Debug   :  ---------------------------------------
Debug   :  CPU SWAP     3.27000E-04 sec (  0 %)
Debug   :  CPU SPLIT    6.10120E-02 sec (  1 %) 
Debug   :  CPU COLLAPS  3.03600E-02 sec (  1 %) 
Debug   :  CPU SMOOTH   4.46742E+00 sec ( 98 %) 
Debug   :  ---------------------------------------
Debug   :  CPU TOTAL    4.55912E+00 sec 
Debug   :  ---------------------------------------
Debug   : Type 23 518 triangles generated, 226 internal nodes
Info    : Meshing surface 17 (Parametric surface, MeshAdapt)
[dtoo] loaded 30 design parameters from /scratch/slurm_tmpdir/job_6066539/worker_0/design.json
[dtoo] applied 30 parameter overrides
[dtoo] plugin ru_adjustDomain applied
[dtoo] makeGrid on ruWithRounding_mechMesh ...
Traceback (most recent call last):
  File "/pfs/work9/workspace/scratch/st_ac136362-eigenfreq/eigenfrequencies/turbine_runner/dtoo_export.py", line 113, in <module>
    main()
    ~~~~^^
  File "/pfs/work9/workspace/scratch/st_ac136362-eigenfreq/eigenfrequencies/turbine_runner/dtoo_export.py", line 104, in main
    bV.get(MECH_VOLUME).makeGrid()
    ~~~~~~~~~~~~~~~~~~~~~~~~~~~~^^
  File "/home/st/st_us-042020/st_ac136362/dtOO/install/tools/dtOOPythonSWIG.py", line 6017, in makeGrid
    return _dtOOPythonSWIG.boundedVolume_makeGrid(self)
           ~~~~~~~~~~~~~~~~~~~~~~~~~~~~~~~~~~~~~~^^^^^^
Exception: [ map2dTo3d::reparamOnFace() ]
*-> file '/home/st/st_us-042020/st_ac136362/dtOO/src/geometryKernel/analyticGeometryHeaven/map2dTo3d.cpp'
*-> line '250'

condition: !md.converged() is true.

Backtrace
[ 1   ]     0x14d8fe3ee654 /home/st/st_us-042020/st_ac136362/dtOO/install/lib/libdtOO.so.2(+0x2b9654) [0x14d8fe3ee654]
[ 2   ]     0x14d8fe7a332a dtOO::dtGmshFace::reparamOnFace(CGAL::Point_3<CGAL::Epick>) const + 26
[ 3   ]     0x14d8fe7a338b dtOO::dtGmshFace::parFromPoint(SPoint3 const&, bool, bool) const + 59
[ 4   ]     0x14d8fd69b2dd GEdge::reparamOnFace(GFace const*, double, int) const + 125
[ 5   ]     0x14d8fd8656fe reparamMeshVertexOnFace(MVertex const*, GFace const*, SPoint2&, bool, bool, int) + 590
[ 6   ]     0x14d8fd8e8d51 /home/st/st_us-042020/st_ac136362/dtOO/install/lib64/libgmsh.so.4.14(+0x729d51) [0x14d8fd8e8d51]
[ 7   ]     0x14d8fd8f7817 meshGFace::operator()(GFace*, bool) + 775
[ 8   ]     0x14d8fe7cd718 dtOO::dtMeshGFace::operator()(dtOO::dtGmshFace*) + 24
[ 9   ]     0x14d8fe85c042 dtOO::bVOMeshRule::preUpdate() + 5650
[ 10  ]     0x14d8fe8422d5 dtOO::bVOSubject::preNotify() + 53
[ 11  ]     0x14d8fe8a957e dtOO::gmshBoundedVolume::makePreGrid() + 6110
[ 12  ]     0x14d8fe8a4d47 dtOO::gmshBoundedVolume::makeGrid() + 23
[ 13  ]     0x14d8fee2d14d /home/st/st_us-042020/st_ac136362/dtOO/install/tools/_dtOOPythonSWIG.so(+0x33d14d) [0x14d8fee2d14d]
[ 14  ]     0x14d90dbbabda /opt/bwhpc/common/devel/python/3.13.3_gnu_14.2/lib64/libpython3.13.so.1.0(+0x1a9bda) [0x14d90dbbabda]
[ 15  ]     0x14d90db93723 PyObject_Vectorcall + 83
[ 16  ]     0x14d90dba4ddd _PyEval_EvalFrameDefault + 15949
[ 17  ]     0x14d90dc2ed5c PyEval_EvalCode + 172
[ 18  ]     0x14d90dc6867c /opt/bwhpc/common/devel/python/3.13.3_gnu_14.2/lib64/libpython3.13.so.1.0(+0x25767c) [0x14d90dc6867c]
[ 19  ]     0x14d90dc65f16 /opt/bwhpc/common/devel/python/3.13.3_gnu_14.2/lib64/libpython3.13.so.1.0(+0x254f16) [0x14d90dc65f16]
[ 20  ]     0x14d90dc639e5 /opt/bwhpc/common/devel/python/3.13.3_gnu_14.2/lib64/libpython3.13.so.1.0(+0x2529e5) [0x14d90dc639e5]
[ 21  ]     0x14d90dc62d53 /opt/bwhpc/common/devel/python/3.13.3_gnu_14.2/lib64/libpython3.13.so.1.0(+0x251d53) [0x14d90dc62d53]
[ 22  ]     0x14d90dc62b6a /opt/bwhpc/common/devel/python/3.13.3_gnu_14.2/lib64/libpython3.13.so.1.0(+0x251b6a) [0x14d90dc62b6a]
[ 23  ]     0x14d90dc60f99 Py_RunMain + 985
[ 24  ]     0x14d90dc1d66b Py_BytesMain + 59
[ 25  ]     0x14d90d6295d0 /lib64/libc.so.6(+0x295d0) [0x14d90d6295d0]
[ 26  ]     0x14d90d629680 __libc_start_main + 128
[ 27  ]     0x5574a6809095 _start + 37


Honor thy error as a hidden intention. (Brian Eno)

srun: Job step aborted: Waiting up to 32 seconds for job step to finish.
[2026-07-27T23:55:21.047] error: *** STEP 6066539.3 ON uc2n603 CANCELLED AT 2026-07-27T23:55:21 DUE TO TIME LIMIT ***
