Worker 22 ready on uc2n607.localdomain: PYRO:obj_b118a82cc2314ec89957e74c17c175f3@uc2n607.localdomain:45727
[optimize] dtOO build FAILED (worker 22):
bash: Agent: command not found
bash: Agent: command not found
bash: Agent: command not found
OpenFoam-v2412 is unloaded 

Don't forget to initialize OpenFOAM with:

	source $FOAM_INIT

or simply:

	foamInit

Warning : Gmsh has aleady been initialized
Warning : Gmsh has aleady been initialized
Warning : Gmsh has aleady been initialized
Warning : Gmsh has aleady been initialized
Warning : Gmsh has aleady been initialized
Warning : Gmsh has aleady been initialized
Warning : Gmsh has aleady been initialized
Warning : Gmsh has aleady been initialized
Warning : Gmsh has aleady been initialized
Warning : Gmsh has aleady been initialized
Warning : Gmsh has aleady been initialized
Warning : Gmsh has aleady been initialized
Warning : Gmsh has aleady been initialized
Warning : Gmsh has aleady been initialized
Warning : Gmsh has aleady been initialized
Warning : Gmsh has aleady been initialized
[dtoo] loaded 30 design parameters from /scratch/slurm_tmpdir/job_6066539/worker_22/design.json
[dtoo] applied 30 parameter overrides
Traceback (most recent call last):
  File "/pfs/work9/workspace/scratch/st_ac136362-eigenfreq/eigenfrequencies/turbine_runner/dtoo_export.py", line 113, in <module>
    main()
    ~~~~^^
  File "/pfs/work9/workspace/scratch/st_ac136362-eigenfreq/eigenfrequencies/turbine_runner/dtoo_export.py", line 93, in main
    parser.destroyAndCreate(bC, cV, aF, aG, bV, dC, dP)
    ~~~~~~~~~~~~~~~~~~~~~~~^^^^^^^^^^^^^^^^^^^^^^^^^^^^
  File "/home/st/st_us-042020/st_ac136362/dtOO/install/tools/dtOOPythonSWIG.py", line 22262, in destroyAndCreate
    return _dtOOPythonSWIG.dtXmlParser_destroyAndCreate(self, bC, cV, aF, aG, bV, dC, pL)
           ~~~~~~~~~~~~~~~~~~~~~~~~~~~~~~~~~~~~~~~~~~~~^^^^^^^^^^^^^^^^^^^^^^^^^^^^^^^^^^
Exception: [ map2dTo3d::reparamOnFace() ]
*-> file '/home/st/st_us-042020/st_ac136362/dtOO/src/geometryKernel/analyticGeometryHeaven/map2dTo3d.cpp'
*-> line '250'

condition: !md.converged() is true.

Backtrace
[ 1   ]     0x1506773ee654 /home/st/st_us-042020/st_ac136362/dtOO/install/lib/libdtOO.so.2(+0x2b9654) [0x1506773ee654]
[ 2   ]     0x1506777a4f2d dtOO::dtGmshFace::setMap2dTo3d(dtOO::map2dTo3d const*) + 285
[ 3   ]     0x1506777bdffb dtOO::dtGmshModel::addIfFaceToGmshModel(dtOO::map2dTo3d const*, int*, std::__cxx11::list<GEdge*, std::allocator<GEdge*> > const&, std::vector<int, std::allocator<int> > const&) + 907
[ 4   ]     0x1506777be696 dtOO::dtGmshModel::addIfFaceToGmshModel(dtOO::map2dTo3d const*, int*) + 934
[ 5   ]     0x1506777beb34 dtOO::dtGmshModel::addIfRegionToGmshModel(dtOO::map3dTo3d const*, int*) + 612
[ 6   ]     0x150677898d4f dtOO::map3dTo3dGmsh::jInit(dtOO::jsonPrimitive const&, dtOO::baseContainer*, dtOO::labeledVectorHandling<dtOO::constValue*> const*, dtOO::labeledVectorHandling<dtOO::analyticFunction*> const*, dtOO::labeledVectorHandling<dtOO::analyticGeometry*> const*, dtOO::labeledVectorHandling<dtOO::boundedVolume*> const*) + 191
[ 7   ]     0x15067789914a dtOO::map3dTo3dGmsh::init(QDomElement const&, dtOO::baseContainer*, dtOO::labeledVectorHandling<dtOO::constValue*> const*, dtOO::labeledVectorHandling<dtOO::analyticFunction*> const*, dtOO::labeledVectorHandling<dtOO::analyticGeometry*> const*, dtOO::labeledVectorHandling<dtOO::boundedVolume*> const*) + 906
[ 8   ]     0x1506775e881e dtOO::dtXmlParser::createBoundedVolume(std::__cxx11::basic_string<char, std::char_traits<char>, std::allocator<char> >, dtOO::baseContainer*, dtOO::labeledVectorHandling<dtOO::constValue*> const*, dtOO::labeledVectorHandling<dtOO::analyticFunction*> const*, dtOO::labeledVectorHandling<dtOO::analyticGeometry*> const*, dtOO::labeledVectorHandling<dtOO::boundedVolume*>*) const + 430
[ 9   ]     0x1506775e896a dtOO::dtXmlParser::createBoundedVolume(dtOO::baseContainer*, dtOO::labeledVectorHandling<dtOO::constValue*> const*, dtOO::labeledVectorHandling<dtOO::analyticFunction*> const*, dtOO::labeledVectorHandling<dtOO::analyticGeometry*> const*, dtOO::labeledVectorHandling<dtOO::boundedVolume*>*) const + 234
[ 10  ]     0x1506775f263d dtOO::dtXmlParser::destroyAndCreate(dtOO::baseContainer&, dtOO::labeledVectorHandling<dtOO::constValue*>&, dtOO::labeledVectorHandling<dtOO::analyticFunction*>&, dtOO::labeledVectorHandling<dtOO::analyticGeometry*>&, dtOO::labeledVectorHandling<dtOO::boundedVolume*>&, dtOO::labeledVectorHandling<dtOO::dtCase*>&, dtOO::labeledVectorHandling<dtOO::dtPlugin*>&) const + 541
[ 11  ]     0x150677e1cea8 /home/st/st_us-042020/st_ac136362/dtOO/install/tools/_dtOOPythonSWIG.so(+0x32cea8) [0x150677e1cea8]
[ 12  ]     0x150686bb458a /opt/bwhpc/common/devel/python/3.13.3_gnu_14.2/lib64/libpython3.13.so.1.0(+0x1aa58a) [0x150686bb458a]
[ 13  ]     0x150686b8a8a0 _PyObject_MakeTpCall + 320
[ 14  ]     0x150686b9dddd _PyEval_EvalFrameDefault + 15949
[ 15  ]     0x150686c27d5c PyEval_EvalCode + 172
[ 16  ]     0x150686c6167c /opt/bwhpc/common/devel/python/3.13.3_gnu_14.2/lib64/libpython3.13.so.1.0(+0x25767c) [0x150686c6167c]
[ 17  ]     0x150686c5ef16 /opt/bwhpc/common/devel/python/3.13.3_gnu_14.2/lib64/libpython3.13.so.1.0(+0x254f16) [0x150686c5ef16]
[ 18  ]     0x150686c5c9e5 /opt/bwhpc/common/devel/python/3.13.3_gnu_14.2/lib64/libpython3.13.so.1.0(+0x2529e5) [0x150686c5c9e5]
[ 19  ]     0x150686c5bd53 /opt/bwhpc/common/devel/python/3.13.3_gnu_14.2/lib64/libpython3.13.so.1.0(+0x251d53) [0x150686c5bd53]
[ 20  ]     0x150686c5bb6a /opt/bwhpc/common/devel/python/3.13.3_gnu_14.2/lib64/libpython3.13.so.1.0(+0x251b6a) [0x150686c5bb6a]
[ 21  ]     0x150686c59f99 Py_RunMain + 985
[ 22  ]     0x150686c1666b Py_BytesMain + 59
[ 23  ]     0x1506866295d0 /lib64/libc.so.6(+0x295d0) [0x1506866295d0]
[ 24  ]     0x150686629680 __libc_start_main + 128
[ 25  ]     0x562811f78095 _start + 37


Honor thy error as a hidden intention. (Brian Eno)

srun: Job step aborted: Waiting up to 32 seconds for job step to finish.
[2026-07-27T23:55:21.048] error: *** STEP 6066539.23 ON uc2n607 CANCELLED AT 2026-07-27T23:55:21 DUE TO TIME LIMIT ***
