# Todo 4 Happy-Path Evidence — dtOO Export Characterization
# Generated: 2026-07-28
#
# Environment: dtOO NOT available locally (dtOOPythonSWIG import fails).
# All 7 tests in test_golden_dtoo_export.py are SKIPPED with a clear message:
#   "dtOOPythonSWIG not available — run inside the dtOO container ..."
#
# When run inside the dtOO container, the tests will:
#   1. Export runner.msh and verify it exists
#   2. Compare SHA-256 checksum against golden/dtoo_export.json
#   3. Verify design.json roundtrip alters the mesh
#   4. Verify env overrides (case dir, design json, output msh, log file)

============================= test session starts ==============================
platform linux -- Python 3.13.14, pytest-9.1.1, pluggy-1.6.0 -- /home/t1dde/Duty/projects/eigenfrequencies/.venv/bin/python
cachedir: .pytest_cache
rootdir: /home/t1dde/Duty/projects/eigenfrequencies
configfile: pyproject.toml
plugins: xdist-3.8.0
created: 24/24 workers
24 workers [7 items]

scheduling tests via LoadScheduling

tests/characterization/test_golden_dtoo_export.py::TestDtOOExportEnvOverrides::test_dtoo_case_dir_nonexistent_raises 
tests/characterization/test_golden_dtoo_export.py::TestDtOOExportHappyPath::test_runner_msh_checksum_matches_golden 
tests/characterization/test_golden_dtoo_export.py::TestDtOOExportHappyPath::test_export_produces_runner_msh 
tests/characterization/test_golden_dtoo_export.py::TestDtOOExportEnvOverrides::test_dtoo_design_json_invalid_path_uses_baseline 
tests/characterization/test_golden_dtoo_export.py::TestDtOOExportEnvOverrides::test_dtoo_log_file_default 
[gw6] [ 14%] SKIPPED tests/characterization/test_golden_dtoo_export.py::TestDtOOExportEnvOverrides::test_dtoo_log_file_default 
[gw0] [ 28%] SKIPPED tests/characterization/test_golden_dtoo_export.py::TestDtOOExportHappyPath::test_export_produces_runner_msh 
[gw2] [ 42%] SKIPPED tests/characterization/test_golden_dtoo_export.py::TestDtOOExportEnvOverrides::test_dtoo_case_dir_nonexistent_raises 
[gw1] [ 57%] SKIPPED tests/characterization/test_golden_dtoo_export.py::TestDtOOExportHappyPath::test_runner_msh_checksum_matches_golden 
tests/characterization/test_golden_dtoo_export.py::TestDtOOExportHappyPath::test_design_json_roundtrip 
[gw3] [ 71%] SKIPPED tests/characterization/test_golden_dtoo_export.py::TestDtOOExportHappyPath::test_design_json_roundtrip 
tests/characterization/test_golden_dtoo_export.py::TestDtOOExportEnvOverrides::test_dtoo_output_msh_override 
[gw4] [ 85%] SKIPPED tests/characterization/test_golden_dtoo_export.py::TestDtOOExportEnvOverrides::test_dtoo_design_json_invalid_path_uses_baseline 
[gw5] [100%] SKIPPED tests/characterization/test_golden_dtoo_export.py::TestDtOOExportEnvOverrides::test_dtoo_output_msh_override 

=============================== warnings summary ===============================
.venv/lib/python3.13/site-packages/_pytest/cacheprovider.py:469
  /home/t1dde/Duty/projects/eigenfrequencies/.venv/lib/python3.13/site-packages/_pytest/cacheprovider.py:469: PytestCacheWarning: cache could not write path /home/t1dde/Duty/projects/eigenfrequencies/.pytest_cache/v/cache/nodeids: [Errno 13] Permission denied: '/home/t1dde/Duty/projects/eigenfrequencies/.pytest_cache/v/cache/nodeids'
    config.cache.set("cache/nodeids", sorted(self.cached_nodeids))

-- Docs: https://docs.pytest.org/en/stable/how-to/capture-warnings.html
======================== 7 skipped, 1 warning in 1.01s =========================
