============================= test session starts ==============================
platform linux -- Python 3.13.14, pytest-9.1.1, pluggy-1.6.0 -- /home/t1dde/Duty/projects/eigenfrequencies/.venv/bin/python
cachedir: .pytest_cache
rootdir: /home/t1dde/Duty/projects/eigenfrequencies
configfile: pyproject.toml
plugins: xdist-3.8.0
created: 24/24 workers
24 workers [6 items]

scheduling tests via LoadScheduling

tests/characterization/test_golden_objective.py::test_replay_matches_golden[2] 
tests/characterization/test_golden_objective.py::test_replay_matches_golden[1] 
[gw2] [ 16%] PASSED tests/characterization/test_golden_objective.py::test_replay_matches_golden[2] 
tests/characterization/test_golden_objective.py::test_replay_matches_golden[3] 
[gw3] [ 33%] PASSED tests/characterization/test_golden_objective.py::test_replay_matches_golden[3] 
[gw1] [ 50%] PASSED tests/characterization/test_golden_objective.py::test_replay_matches_golden[1] 
tests/characterization/test_golden_objective.py::test_replay_matches_golden[4] 
[gw4] [ 66%] PASSED tests/characterization/test_golden_objective.py::test_replay_matches_golden[4] 
tests/characterization/test_golden_objective.py::test_perturbed_band_bound_produces_different_value 
[gw6] [ 83%] PASSED tests/characterization/test_golden_objective.py::test_perturbed_band_bound_produces_different_value 
tests/characterization/test_golden_objective.py::test_replay_matches_golden[0] 
[gw0] [100%] PASSED tests/characterization/test_golden_objective.py::test_replay_matches_golden[0] 

=============================== warnings summary ===============================
.venv/lib/python3.13/site-packages/_pytest/cacheprovider.py:469
  /home/t1dde/Duty/projects/eigenfrequencies/.venv/lib/python3.13/site-packages/_pytest/cacheprovider.py:469: PytestCacheWarning: cache could not write path /home/t1dde/Duty/projects/eigenfrequencies/.pytest_cache/v/cache/nodeids: [Errno 13] Permission denied: '/home/t1dde/Duty/projects/eigenfrequencies/.pytest_cache/v/cache/nodeids'
    config.cache.set("cache/nodeids", sorted(self.cached_nodeids))

-- Docs: https://docs.pytest.org/en/stable/how-to/capture-warnings.html
========================= 6 passed, 1 warning in 1.89s =========================
