Todo 5 – Happy Path Evidence
Date: 2026-07-28

Command:
  .venv/bin/python -m pytest tests/characterization/test_golden_config.py -v -o addopts=""

Result:
  12 passed, 1 warning in 0.02s

Tests:
  - test_roundtrip_equality[MaterialConfig-MaterialConfig] PASSED
  - test_roundtrip_equality[BCConfig-BCConfig] PASSED
  - test_roundtrip_equality[MeshConfig-MeshConfig] PASSED
  - test_roundtrip_equality[SolverConfig-SolverConfig] PASSED
  - test_roundtrip_equality[DesignConfig-DesignConfig] PASSED
  - test_roundtrip_equality[OptimizationConfig-OptimizationConfig] PASSED
  - test_roundtrip_equality[DEConfig-DEConfig] PASSED
  - test_roundtrip_equality[CFDConfig-CFDConfig] PASSED
  - test_roundtrip_equality[ObjectiveConfig-ObjectiveConfig] PASSED
  - test_roundtrip_equality[WetModeConfig-WetModeConfig] PASSED
  - test_roundtrip_equality[OutputConfig-OutputConfig] PASSED
  - test_missing_field_raises PASSED

All 11 config dataclasses roundtrip through JSON successfully.
Golden JSON: tests/characterization/golden/config_roundtrip.json
