============================= test session starts ==============================
platform linux -- Python 3.13.14, pytest-9.1.1, pluggy-1.6.0 -- /home/t1dde/Duty/projects/eigenfrequencies/.venv/bin/python3
cachedir: .pytest_cache
rootdir: /home/t1dde/Duty/projects/eigenfrequencies
configfile: pyproject.toml
plugins: xdist-3.8.0
created: 24/24 workers
24 workers [11 items]

scheduling tests via LoadScheduling

tests/optimize/test_cmaes.py::TestCMAESUnavailable::test_registry_reports_unavailable 
tests/optimize/test_cmaes.py::TestCMAESBounds::test_solutions_stay_inside_bounds 
[gw11] [  9%] PASSED tests/optimize/test_cmaes.py::TestCMAESUnavailable::test_registry_reports_unavailable 
tests/optimize/test_cmaes.py::TestCMAESProtocolErrors::test_tell_mismatched_raises 
tests/optimize/test_cmaes.py::TestCMAESStateRoundtrip::test_roundtrip_preserves_best 
tests/optimize/test_cmaes.py::TestCMAESUnavailable::test_import_without_cma_reports_unavailable 
[gw8] [ 18%] PASSED tests/optimize/test_cmaes.py::TestCMAESUnavailable::test_import_without_cma_reports_unavailable 
tests/optimize/test_cmaes.py::TestCMAESSphere::test_reaches_within_budget_100 
tests/optimize/test_cmaes.py::TestCMAESBounds::test_bounds_property 
tests/optimize/test_cmaes.py::TestCMAESDeterminism::test_different_seed_different_ask 
[gw5] [ 27%] PASSED tests/optimize/test_cmaes.py::TestCMAESStateRoundtrip::test_roundtrip_preserves_best 
tests/optimize/test_cmaes.py::TestCMAESStateRoundtrip::test_roundtrip_after_multiple_generations 
tests/optimize/test_cmaes.py::TestCMAESStateRoundtrip::test_roundtrip_after_initial_tell 
tests/optimize/test_cmaes.py::TestCMAESDeterminism::test_same_seed_same_ask_sequence 
[gw7] [ 36%] PASSED tests/optimize/test_cmaes.py::TestCMAESBounds::test_bounds_property 
[gw2] [ 45%] PASSED tests/optimize/test_cmaes.py::TestCMAESDeterminism::test_different_seed_different_ask 
[gw6] [ 54%] PASSED tests/optimize/test_cmaes.py::TestCMAESProtocolErrors::test_tell_mismatched_raises 
[gw9] [ 63%] PASSED tests/optimize/test_cmaes.py::TestCMAESBounds::test_solutions_stay_inside_bounds 
[gw1] [ 72%] PASSED tests/optimize/test_cmaes.py::TestCMAESDeterminism::test_same_seed_same_ask_sequence 
[gw4] [ 81%] PASSED tests/optimize/test_cmaes.py::TestCMAESStateRoundtrip::test_roundtrip_after_multiple_generations 
[gw3] [ 90%] PASSED tests/optimize/test_cmaes.py::TestCMAESStateRoundtrip::test_roundtrip_after_initial_tell 
[gw0] [100%] PASSED tests/optimize/test_cmaes.py::TestCMAESSphere::test_reaches_within_budget_100 

=============================== warnings summary ===============================
.venv/lib/python3.13/site-packages/cma/s.py:16: 24 warnings
  /home/t1dde/Duty/projects/eigenfrequencies/.venv/lib/python3.13/site-packages/cma/s.py:16: UserWarning: Could not import matplotlib.pyplot, therefore ``cma.plot()`` etc. is not available
    _warnings.warn('Could not import matplotlib.pyplot, therefore'

tests/optimize/test_cmaes.py::TestCMAESStateRoundtrip::test_roundtrip_preserves_best
tests/optimize/test_cmaes.py::TestCMAESStateRoundtrip::test_roundtrip_after_initial_tell
tests/optimize/test_cmaes.py::TestCMAESStateRoundtrip::test_roundtrip_after_multiple_generations
  /home/t1dde/Duty/projects/eigenfrequencies/.venv/lib/python3.13/site-packages/cma/utilities/utils.py:369: UserWarning: Initial solution argument x0=[0.5] is 1-dimensional.
  Optimization in 1-D is not supported and may bail or work poorly. 
  See issues https://github.com/CMA-ES/pycma/issues/86 and https://github.com/CMA-ES/pycma/issues/302. (time=Jul 29 11:54:41 2026)
    warnings.warn(msg + ' (time={}'.format(time.asctime()[4:]) +

.venv/lib/python3.13/site-packages/_pytest/cacheprovider.py:469
  /home/t1dde/Duty/projects/eigenfrequencies/.venv/lib/python3.13/site-packages/_pytest/cacheprovider.py:469: PytestCacheWarning: cache could not write path /home/t1dde/Duty/projects/eigenfrequencies/.pytest_cache/v/cache/nodeids: [Errno 13] Permission denied: '/home/t1dde/Duty/projects/eigenfrequencies/.pytest_cache/v/cache/nodeids'
    config.cache.set("cache/nodeids", sorted(self.cached_nodeids))

-- Docs: https://docs.pytest.org/en/stable/how-to/capture-warnings.html
======================= 11 passed, 28 warnings in 3.06s ========================
