============================= test session starts ==============================
platform linux -- Python 3.13.14, pytest-9.1.1, pluggy-1.6.0 -- /home/t1dde/Duty/projects/eigenfrequencies/.venv/bin/python
cachedir: .pytest_cache
rootdir: /home/t1dde/Duty/projects/eigenfrequencies
configfile: pyproject.toml
plugins: xdist-3.8.0
collecting ... collected 14 items

tests/cli/test_cli_optimize.py::TestOptimizeHappyPath::test_optimize_runs_and_produces_result_json PASSED [  7%]
tests/cli/test_cli_optimize.py::TestOptimizeHappyPath::test_optimize_with_budget_default PASSED [ 14%]
tests/cli/test_cli_optimize.py::TestOptimizeHappyPath::test_optimize_resume PASSED [ 21%]
tests/cli/test_cli_optimize.py::TestOptimizeFailurePaths::test_optimize_missing_config_exits_2 PASSED [ 28%]
tests/cli/test_cli_optimize.py::TestOptimizeFailurePaths::test_optimize_unknown_optimizer_exits_2 PASSED [ 35%]
tests/cli/test_cli_optimize.py::TestOptimizeFailurePaths::test_optimize_unimplemented_backends_exits_2 PASSED [ 42%]
tests/cli/test_cli_optimize.py::TestOptimizeFailurePaths::test_optimize_islands_exits_2 PASSED [ 50%]
tests/cli/test_cli_optimize.py::TestOptimizeFailurePaths::test_optimize_empty_design_params_exits_2 PASSED [ 57%]
tests/cli/test_cli_optimize.py::TestOptimizeFailurePaths::test_optimize_resume_missing_file_exits_2 PASSED [ 64%]
tests/cli/test_cli_report.py::TestReportHappyPath::test_report_renders_summary PASSED [ 71%]
tests/cli/test_cli_report.py::TestReportHappyPath::test_report_with_validation_reference PASSED [ 78%]
tests/cli/test_cli_report.py::TestReportFailurePaths::test_report_missing_run_dir_exits_2 PASSED [ 85%]
tests/cli/test_cli_report.py::TestReportFailurePaths::test_report_missing_result_file_exits_2 PASSED [ 92%]
tests/cli/test_cli_report.py::TestReportFailurePaths::test_report_invalid_json_exits_2 PASSED [100%]

=============================== warnings summary ===============================
.venv/lib/python3.13/site-packages/_pytest/cacheprovider.py:469
  /home/t1dde/Duty/projects/eigenfrequencies/.venv/lib/python3.13/site-packages/_pytest/cacheprovider.py:469: PytestCacheWarning: cache could not write path /home/t1dde/Duty/projects/eigenfrequencies/.pytest_cache/v/cache/nodeids: [Errno 13] Permission denied: '/home/t1dde/Duty/projects/eigenfrequencies/.pytest_cache/v/cache/nodeids'
    config.cache.set("cache/nodeids", sorted(self.cached_nodeids))

-- Docs: https://docs.pytest.org/en/stable/how-to/capture-warnings.html
======================== 14 passed, 1 warning in 0.13s =========================
