=== todo-7-failure.log ===
Date: 2026-07-28T20:49:49-04:00

--- Old skeleton packages no longer exist ---
Trying import geometry with src on PYTHONPATH:
Traceback (most recent call last):
  File "<string>", line 1, in <module>
    import geometry
ModuleNotFoundError: No module named 'geometry'

Trying import optimization with src on PYTHONPATH:
Traceback (most recent call last):
  File "<string>", line 1, in <module>
    import optimization
ModuleNotFoundError: No module named 'optimization'

Trying import solver with src on PYTHONPATH:
Traceback (most recent call last):
  File "<string>", line 1, in <module>
    import solver
ModuleNotFoundError: No module named 'solver'

--- src.io replaced by stdlib io (old XDMF utilities gone) ---
io module resolved to: /usr/lib/python3.14/io.py
OK: old src.io XDMF utilities no longer available (AttributeError)

--- Directories removed ---
total 4
drwxr-xr-x 1 t1dde t1dde   54 Jul 28 20:48 .
drwxr-xr-x 1 t1dde t1dde 1104 Jul 28 20:49 ..
drwxr-xr-x 1 t1dde t1dde  238 Jul 28 20:49 eigenfrequencies
-rw-r--r-- 1 t1dde t1dde   54 Jun 11 13:33 __init__.py
