============================= test session starts ==============================
platform linux -- Python 3.13.14, pytest-9.1.1, pluggy-1.6.0 -- /home/t1dde/Duty/projects/eigenfrequencies/.venv/bin/python3
cachedir: .pytest_cache
rootdir: /home/t1dde/Duty/projects/eigenfrequencies
configfile: pyproject.toml
plugins: xdist-3.8.0
collecting ... collected 10 items

tests/adapters/test_canada_light.py::TestCanadaLightYaml::test_yaml_loads PASSED [ 10%]
tests/adapters/test_canada_light.py::TestCanadaLightYaml::test_design_has_21_parameters PASSED [ 20%]
tests/adapters/test_canada_light.py::TestCanadaLightYaml::test_design_bounds_valid PASSED [ 30%]
tests/adapters/test_canada_light.py::TestCanadaLightYaml::test_spanwise_sections_present PASSED [ 40%]
tests/adapters/test_canada_light.py::TestCanadaLightAdapter::test_adapter_creates PASSED [ 50%]
tests/adapters/test_canada_light.py::TestCanadaLightAdapter::test_bc_returns_free_free PASSED [ 60%]
tests/adapters/test_canada_light.py::TestCanadaLightAdapter::test_design_bounds PASSED [ 70%]
tests/adapters/test_canada_light.py::TestCanadaLightAdapter::test_axis_auto PASSED [ 80%]
tests/adapters/test_canada_light.py::TestCanadaLightExportMocked::test_export_mesh_calls_run_dtoo_export PASSED [ 90%]
tests/adapters/test_canada_light.py::TestCanadaLightFreeFreeSolve::test_free_free_solve_rigid_modes_and_elastic SKIPPED [100%]

=============================== warnings summary ===============================
.venv/lib/python3.13/site-packages/_pytest/cacheprovider.py:469
  /home/t1dde/Duty/projects/eigenfrequencies/.venv/lib/python3.13/site-packages/_pytest/cacheprovider.py:469: PytestCacheWarning: cache could not write path /home/t1dde/Duty/projects/eigenfrequencies/.pytest_cache/v/cache/nodeids: [Errno 13] Permission denied: '/home/t1dde/Duty/projects/eigenfrequencies/.pytest_cache/v/cache/nodeids'
    config.cache.set("cache/nodeids", sorted(self.cached_nodeids))

-- Docs: https://docs.pytest.org/en/stable/how-to/capture-warnings.html
=================== 9 passed, 1 skipped, 1 warning in 0.10s ====================
