# Todo 30 — Optimizer Conformance Suite + Beam-Spline Integration

## Penalty Trajectory Table
Budget: 50 evaluations per backend
Forbidden band: 1× blade-passing frequency (f_bp=50.0 Hz), margin=3.0 Hz
Start design: L=1.0m, W=0.1m, H=0.01m

| Backend | Start Penalty | End Penalty | Improvement % | Evaluations |
|---------|---------------|-------------|---------------|-------------|
| de      |      641.1019 |      0.0000 |        100.00 |          50 |
| pso     |      641.1019 |      0.0000 |        100.00 |          50 |
| cmaes   |      641.1019 |      0.0000 |        100.00 |          50 |
| bo      |      641.1019 |      0.0000 |        100.00 |          50 |

## Per-Backend Penalty History (best-so-far)

### de
```
641.1019, 0.0000, 0.0000, 0.0000, 0.0000, 0.0000
```

### pso
```
641.1019, 0.0000, 0.0000, 0.0000, 0.0000, 0.0000
```

### cmaes
```
641.1019, 0.0000, 0.0000, 0.0000, 0.0000, 0.0000
```

### bo
```
641.1019, 0.0000, 0.0000, 0.0000, 0.0000, 0.0000
```

## Verification

All 4 backends (de, pso, cmaes, bo) pass:
- Protocol surface (ask/tell/state roundtrip)
- Seeded determinism (3 generations)
- Bounds respect (200 asks)
- Unavailable-dep degradation
- Beam-spline integration (penalty reduction)
