Successfully installed annotated-doc-0.0.5 pyyaml-6.0.3 shellingham-1.5.4 typer-0.27.0
=== FAILURE PATH EVIDENCE ===

--- solve --config /nonexistent.yaml (exit 2) ---
Failed to load config: [Errno 2] No such file or directory: '/nonexistent.yaml'
Exit code: 2

--- validate --suite beam (exit 4 - pre-existing Mode 3 drift at coarse resolution) ---
Info    : Meshing 1D...
Info    : [  0%] Meshing curve 1 (Line)
Info    : [ 10%] Meshing curve 2 (Line)
Info    : [ 20%] Meshing curve 3 (Line)
Info    : [ 30%] Meshing curve 4 (Line)
Info    : [ 40%] Meshing curve 5 (Line)
Info    : [ 50%] Meshing curve 6 (Line)
Info    : [ 60%] Meshing curve 7 (Line)
Info    : [ 60%] Meshing curve 8 (Line)
Info    : [ 70%] Meshing curve 9 (Line)
Info    : [ 80%] Meshing curve 10 (Line)
Info    : [ 90%] Meshing curve 11 (Line)
Info    : [100%] Meshing curve 12 (Line)
Info    : Done meshing 1D (Wall 0.000433297s, CPU 0.000431s)
Info    : Meshing 2D...
Info    : [  0%] Meshing surface 1 (BSpline surface, Frontal-Delaunay)
Info    : [ 20%] Meshing surface 2 (BSpline surface, Frontal-Delaunay)
Info    : [ 40%] Meshing surface 3 (BSpline surface, Frontal-Delaunay)
Info    : [ 60%] Meshing surface 4 (BSpline surface, Frontal-Delaunay)
Info    : [ 70%] Meshing surface 5 (BSpline surface, Frontal-Delaunay)
Info    : [ 90%] Meshing surface 6 (BSpline surface, Frontal-Delaunay)
Info    : Done meshing 2D (Wall 0.00140551s, CPU 0.001401s)
Info    : Meshing 3D...
Info    : 3D Meshing 1 volume with 1 connected component
Info    : Tetrahedrizing 64 nodes...
Info    : Done tetrahedrizing 72 nodes (Wall 0.00032896s, CPU 0.000321s)
Info    : Reconstructing mesh...
Info    :  - Creating surface mesh
Info    :  - Identifying boundary edges
Info    :  - Recovering boundary
Info    :  - Added 2 Steiner points
Info    : Done reconstructing mesh (Wall 0.00156847s, CPU 0.001552s)
Info    : Found volume 1
Info    : It. 0 - 0 nodes created - worst tet radius 5.96806 (nodes removed 0 0)
Info    : 3D refinement terminated (66 nodes total):
Info    :  - 0 Delaunay cavities modified for star shapeness
Info    :  - 8 nodes could not be inserted
Info    :  - 131 tetrahedra created in 9.898e-06 sec. (13234997 tets/s)
Info    : 5 node relocations
Info    : Done meshing 3D (Wall 0.00199055s, CPU 0.001974s)
Info    : Optimizing mesh...
Info    : Optimizing volume 1
Info    : Optimization starts (volume = 0.001) with worst = 0.00358105 / average = 0.24104:
Info    : 0.00 < quality < 0.10 :         7 elements
Info    : 0.10 < quality < 0.20 :         7 elements
Info    : 0.20 < quality < 0.30 :       112 elements
Info    : 0.30 < quality < 0.40 :         5 elements
Info    : 0.40 < quality < 0.50 :         0 elements
Info    : 0.50 < quality < 0.60 :         0 elements
Info    : 0.60 < quality < 0.70 :         0 elements
Info    : 0.70 < quality < 0.80 :         0 elements
Info    : 0.80 < quality < 0.90 :         0 elements
Info    : 0.90 < quality < 1.00 :         0 elements
Info    : 18 edge swaps, 5 node relocations (volume = 0.001): worst = 0.0232036 / average = 0.248046 (Wall 0.000356241s, CPU 0.000356s)
Info    : No ill-shaped tets in the mesh :-)
Info    : 0.00 < quality < 0.10 :         6 elements
Info    : 0.10 < quality < 0.20 :         2 elements
Info    : 0.20 < quality < 0.30 :       115 elements
Info    : 0.30 < quality < 0.40 :         6 elements
Info    : 0.40 < quality < 0.50 :         0 elements
Info    : 0.50 < quality < 0.60 :         0 elements
Info    : 0.60 < quality < 0.70 :         0 elements
Info    : 0.70 < quality < 0.80 :         0 elements
Info    : 0.80 < quality < 0.90 :         0 elements
Info    : 0.90 < quality < 1.00 :         0 elements
Info    : Done optimizing mesh (Wall 0.000743582s, CPU 0.00074s)
Info    : 66 nodes 309 elements
Info    : Writing '/tmp/beam_validate_fdt6taya/beam.msh'...
Info    : Done writing '/tmp/beam_validate_fdt6taya/beam.msh'
Info    : Reading '/tmp/beam_validate_fdt6taya/beam.msh'...
Info    : 27 entities
Info    : 66 nodes
Info    : 129 elements
Info    : Done reading '/tmp/beam_validate_fdt6taya/beam.msh'
[solver] clamped facets=2, fixed DOFs=27
[solver] clamped-node bbox: min=[-5.91478243e-18 -5.00000000e-02 -5.00000000e-03], max=[6.9388939e-18 5.0000000e-02 5.0000000e-03]
[solver] system DOFs=966, free DOFs=939
Beam validation FAILED (deviation exceeds 5% tolerance)
  Mode 1: FEM=8.3946 Hz, Analytical=8.3552 Hz, Error=0.47%
  Mode 2: FEM=53.0769 Hz, Analytical=52.3609 Hz, Error=1.37%
  Mode 3: FEM=157.8959 Hz, Analytical=146.6121 Hz, Error=7.70%
  Mode 4: FEM=188.8463 Hz, Analytical=287.3012 Hz, Error=34.27%
  Mode 5: FEM=313.0243 Hz, Analytical=474.9295 Hz, Error=34.09%
  Mode 6: FEM=546.7577 Hz, Analytical=709.4625 Hz, Error=22.93%
  Mode 7: FEM=573.0785 Hz, Analytical=990.9022 Hz, Error=42.17%
  Mode 8: FEM=879.8762 Hz, Analytical=1319.2485 Hz, Error=33.30%
Exit code: 4

--- validate --suite unknown (exit 2) ---
Unknown suite: 'unknown'. Choose 'beam' or 'testcase'.
Exit code: 2
