
Don't forget to initialize OpenFOAM with:

	source $FOAM_INIT

or simply:

	foamInit

========================================
[DE] variant=cfd_only eval_mode=cfd_only on uc2n601.localdomain
[DE] POP_SIZE=24  MAX_GEN=1  SEED=42
[DE] W_RESONANCE=0.0  CFD_ENABLED=1
[DE] SLURM: 6 nodes x 4 tasks/node, job 6038847
[DE] state=/pfs/work9/workspace/scratch/st_ac136362-eigenfreq/eigenfrequencies/turbine_runner/de_state_cfd_only.json
[DE] history=/pfs/work9/workspace/scratch/st_ac136362-eigenfreq/eigenfrequencies/turbine_runner/de_history_cfd_only.jsonl
[DE] CFD_CASE_DIR=/scratch/slurm_tmpdir/job_6038847
========================================
[DE] Starting 24 workers via srun (distributed across 6 nodes)...
[DE] Running DE client...
[DE] main() entered pid=3338506 cwd=/pfs/work9/workspace/scratch/st_ac136362-eigenfreq/eigenfrequencies
[DE] configs loaded pop_size=24 max_gen=1 eval_mode=cfd_only w_resonance=0.0 labels=['cV_ru_alpha_1_ex_0.0', 'cV_ru_alpha_1_ex_0.5', 'cV_ru_alpha_1_ex_1.0', 'cV_ru_alpha_2_ex_0.0', 'cV_ru_alpha_2_ex_0.5', 'cV_ru_alpha_2_ex_1.0', 'cV_ru_offsetM_ex_0.0', 'cV_ru_offsetM_ex_0.5', 'cV_ru_offsetM_ex_1.0', 'cV_ru_ratio_0.0', 'cV_ru_ratio_0.5', 'cV_ru_ratio_1.0', 'cV_ru_offsetPhiR_ex_0.0', 'cV_ru_offsetPhiR_ex_0.5', 'cV_ru_offsetPhiR_ex_1.0', 'cV_ru_bladeLength_0.0', 'cV_ru_bladeLength_0.5', 'cV_ru_bladeLength_1.0', 'cV_ru_t_le_a_0', 'cV_ru_t_le_a_0.5', 'cV_ru_t_le_a_1', 'cV_ru_t_mid_a_0', 'cV_ru_t_mid_a_0.5', 'cV_ru_t_mid_a_1', 'cV_ru_t_te_a_0', 'cV_ru_t_te_a_0.5', 'cV_ru_t_te_a_1', 'cV_ru_u_mid_a_0', 'cV_ru_u_mid_a_0.5', 'cV_ru_u_mid_a_1']
[DE] discovery: uri_dir=/pfs/work9/workspace/scratch/st_ac136362-eigenfreq/eigenfrequencies/server_logs/cfd_only/uris expected=24 timeout=600s
[DE] discovery: 0/24 URIs after 0s
[DE] Discovered 24 workers from /pfs/work9/workspace/scratch/st_ac136362-eigenfreq/eigenfrequencies/server_logs/cfd_only/uris
[DE] discovery done n_workers=24 elapsed=2.2s
[DE] population=24 dim=30 mutation=0.8 crossover=0.9 max_gen=1 tol=0.01 seed=42 workers=24
[DE] state_file=/pfs/work9/workspace/scratch/st_ac136362-eigenfreq/eigenfrequencies/turbine_runner/de_state_cfd_only.json history_file=/pfs/work9/workspace/scratch/st_ac136362-eigenfreq/eigenfrequencies/turbine_runner/de_history_cfd_only.jsonl
[DE] no checkpoint found at /pfs/work9/workspace/scratch/st_ac136362-eigenfreq/eigenfrequencies/turbine_runner/de_state_cfd_only.json — starting fresh gen 0
[DE] gen 0: dispatching 24 evals to 24 workers
gen 0:   0%|                                             | 0/24 [00:00<?, ?it/s]gen 0:   4%|▌             | 1/24 [03:02<1:09:47, 182.08s/it, ok=1/24 best=2.494]gen 0: 100%|███████████████| 24/24 [03:06<00:00,  7.79s/it, ok=24/24 best=2.336]
[DE] Generation 0 best=2.336004 mean=2.624642 ok=24/24
[DE]   best fitness: f_cfd=2.336 eta=0.8211 vcav=0.001387 dH=-1.992
[DE] gen 1: dispatching 24 trial evals to 24 workers
gen 1:   0%|                                             | 0/24 [00:00<?, ?it/s]gen 1:   4%|▋                | 1/24 [00:20<08:00, 20.88s/it, ok=1/24 best=2.471]gen 1: 100%|███████████████| 24/24 [00:22<00:00,  1.08it/s, ok=24/24 best=2.336]
[DE] Generation 1 best=2.336004 mean=2.624642 ok=24/24
[DE]   best fitness: f_cfd=2.336 eta=0.8211 vcav=0.001387 dH=-1.992

============================================================
[DE] BEST  objective = 2.336004
[DE] BEST  design    = {'cV_ru_alpha_1_ex_0.0': 0.01311610530507214, 'cV_ru_alpha_1_ex_0.5': -0.12700266992789785, 'cV_ru_alpha_1_ex_1.0': -0.014804032759058214, 'cV_ru_alpha_2_ex_0.0': 0.029665205405316426, 'cV_ru_alpha_2_ex_0.5': 0.0358089528747303, 'cV_ru_alpha_2_ex_1.0': -0.060667425868614636, 'cV_ru_offsetM_ex_0.0': 1.447224427521962, 'cV_ru_offsetM_ex_0.5': 1.3420871810611343, 'cV_ru_offsetM_ex_1.0': 1.3247971405297856, 'cV_ru_ratio_0.0': 0.5085500994208647, 'cV_ru_ratio_0.5': 0.4, 'cV_ru_ratio_1.0': 0.5378765367326771, 'cV_ru_offsetPhiR_ex_0.0': 0.04836701288736774, 'cV_ru_offsetPhiR_ex_0.5': -0.01891690817001146, 'cV_ru_offsetPhiR_ex_1.0': 0.04737778195788477, 'cV_ru_bladeLength_0.0': 0.4085667105082563, 'cV_ru_bladeLength_0.5': 0.7337177444303213, 'cV_ru_bladeLength_1.0': 1.1452094891679037, 'cV_ru_t_le_a_0': 0.0409932122187193, 'cV_ru_t_le_a_0.5': 0.058914556114727894, 'cV_ru_t_le_a_1': 0.023219037347285344, 'cV_ru_t_mid_a_0': 0.013073651696822241, 'cV_ru_t_mid_a_0.5': 0.029830871590807863, 'cV_ru_t_mid_a_1': 0.05128114648550356, 'cV_ru_t_te_a_0': 0.013772100288180818, 'cV_ru_t_te_a_0.5': 0.01765131669469689, 'cV_ru_t_te_a_1': 0.005, 'cV_ru_u_mid_a_0': 0.42669740269461726, 'cV_ru_u_mid_a_0.5': 0.4016483175484906, 'cV_ru_u_mid_a_1': 0.46184507321883467}
[DE] BREAKDOWN      = {
  "total": 2.336003703335881,
  "f_cfd": 2.336003703335881,
  "f_resonance": null,
  "eta": 0.8211345247951611,
  "vcav": 0.001386547,
  "dH": -1.9916717635066257,
  "note": "resonance skipped (EVAL_MODE=cfd_only)",
  "worker_id": 15,
  "eval_mode": "cfd_only"
}
============================================================
[DE] Done. Logs: /pfs/work9/workspace/scratch/st_ac136362-eigenfreq/eigenfrequencies/server_logs/cfd_only

============================= JOB FEEDBACK =============================

NodeName=uc2n[601-606]
Job ID: 6038847
Cluster: uc3
User/Group: st_ac136362/st_us-042020
State: COMPLETED (exit code 0)
Nodes: 6
Cores per node: 128
CPU Utilized: 00:00:02
CPU Efficiency: 0.00% of 2-00:38:24 core-walltime
Job Wall-clock time: 00:03:48
Memory Utilized: 2.18 GB
Memory Efficiency: 0.29% of 750.00 GB (1000.00 MB/core)
