============================= test session starts ==============================
platform linux -- Python 3.13.14, pytest-9.1.1, pluggy-1.6.0 -- /home/t1dde/Duty/projects/eigenfrequencies/.venv/bin/python3
cachedir: .pytest_cache
rootdir: /home/t1dde/Duty/projects/eigenfrequencies
configfile: pyproject.toml
plugins: xdist-3.8.0
created: 24/24 workers
24 workers [33 items]

scheduling tests via LoadScheduling

tests/physics/test_bc.py::test_clamp_defaults 
tests/physics/test_materials.py::test_laval_bronze_values 
tests/physics/test_materials.py::test_structural_steel_values 
tests/physics/test_materials.py::test_laval_bronze_is_distinct_from_steel 
tests/physics/test_penalty.py::test_replay_matches_golden[1] 
tests/physics/test_bc.py::test_hub_clamp_alias 
[gw10] [  3%] PASSED tests/physics/test_bc.py::test_clamp_defaults 
[gw7] [  6%] PASSED tests/physics/test_bc.py::test_hub_clamp_alias 
tests/physics/test_bc.py::test_build_predicate_invalid_axis 
[gw15] [  9%] PASSED tests/physics/test_materials.py::test_structural_steel_values 
tests/characterization/test_golden_objective.py::test_replay_matches_golden[4] 
tests/physics/test_added_mass.py::test_rayleigh_ratios_raises 
[gw10] [ 12%] PASSED tests/characterization/test_golden_objective.py::test_replay_matches_golden[4] 
tests/physics/test_bc.py::test_build_predicate_invalid_mode 
[gw14] [ 15%] PASSED tests/physics/test_bc.py::test_build_predicate_invalid_mode 
[gw4] [ 18%] PASSED tests/physics/test_added_mass.py::test_rayleigh_ratios_raises 
[gw16] [ 21%] PASSED tests/physics/test_materials.py::test_laval_bronze_values 
tests/characterization/test_golden_objective.py::test_replay_matches_golden[1] 
tests/physics/test_bc.py::test_build_predicate_radius_band_with_axial_limits 
[gw9] [ 24%] PASSED tests/physics/test_bc.py::test_build_predicate_radius_band_with_axial_limits 
tests/physics/test_penalty.py::test_replay_matches_golden[0] 
[gw18] [ 27%] PASSED tests/physics/test_penalty.py::test_replay_matches_golden[0] 
tests/physics/test_penalty.py::test_replay_matches_golden[4] 
[gw4] [ 30%] PASSED tests/characterization/test_golden_objective.py::test_replay_matches_golden[1] 
[gw13] [ 33%] PASSED tests/physics/test_bc.py::test_build_predicate_invalid_axis 
[gw19] [ 36%] PASSED tests/physics/test_penalty.py::test_replay_matches_golden[1] 
[gw22] [ 39%] PASSED tests/physics/test_penalty.py::test_replay_matches_golden[4] 
tests/physics/test_penalty.py::test_replay_matches_golden[2] 
[gw20] [ 42%] PASSED tests/physics/test_penalty.py::test_replay_matches_golden[2] 
tests/physics/test_bc.py::test_build_predicate_axial_plane 
[gw8] [ 45%] PASSED tests/physics/test_bc.py::test_build_predicate_axial_plane 
tests/physics/test_bc.py::test_foil_clamp 
[gw11] [ 48%] PASSED tests/physics/test_bc.py::test_foil_clamp 
tests/characterization/test_golden_objective.py::test_perturbed_band_bound_produces_different_value 
[gw11] [ 51%] PASSED tests/characterization/test_golden_objective.py::test_perturbed_band_bound_produces_different_value 
tests/physics/test_added_mass.py::test_wet_from_ratios_negative_ratio 
[gw2] [ 54%] PASSED tests/physics/test_added_mass.py::test_wet_from_ratios_negative_ratio 
tests/physics/test_penalty.py::test_compute_penalty_nonzero_inside_band 
[gw2] [ 57%] PASSED tests/physics/test_penalty.py::test_compute_penalty_nonzero_inside_band 
tests/physics/test_bc.py::test_free_free 
[gw6] [ 60%] PASSED tests/physics/test_bc.py::test_free_free 
tests/characterization/test_golden_objective.py::test_replay_matches_golden[3] 
[gw6] [ 63%] PASSED tests/characterization/test_golden_objective.py::test_replay_matches_golden[3] 
[gw17] [ 66%] PASSED tests/physics/test_materials.py::test_laval_bronze_is_distinct_from_steel 
tests/physics/test_added_mass.py::test_compare_uses_placeholder_when_rayleigh_not_implemented 
[gw5] [ 69%] PASSED tests/physics/test_added_mass.py::test_compare_uses_placeholder_when_rayleigh_not_implemented 
tests/characterization/test_golden_objective.py::test_replay_matches_golden[2] 
[gw5] [ 72%] PASSED tests/characterization/test_golden_objective.py::test_replay_matches_golden[2] 
tests/physics/test_penalty.py::test_replay_matches_golden[3] 
[gw21] [ 75%] PASSED tests/physics/test_penalty.py::test_replay_matches_golden[3] 
tests/physics/test_added_mass.py::test_placeholder_ratios 
[gw3] [ 78%] PASSED tests/physics/test_added_mass.py::test_placeholder_ratios 
tests/characterization/test_golden_objective.py::test_replay_matches_golden[0] 
[gw3] [ 81%] PASSED tests/characterization/test_golden_objective.py::test_replay_matches_golden[0] 
tests/physics/test_added_mass.py::test_wet_from_ratios_basic 
[gw0] [ 84%] PASSED tests/physics/test_added_mass.py::test_wet_from_ratios_basic 
tests/physics/test_penalty.py::test_band_report_violation 
[gw0] [ 87%] PASSED tests/physics/test_penalty.py::test_band_report_violation 
tests/physics/test_penalty.py::test_band_report_no_violation 
[gw23] [ 90%] PASSED tests/physics/test_penalty.py::test_band_report_no_violation 
tests/physics/test_bc.py::test_build_predicate_radius_band 
[gw12] [ 93%] PASSED tests/physics/test_bc.py::test_build_predicate_radius_band 
tests/physics/test_added_mass.py::test_wet_from_ratios_shape_mismatch 
[gw1] [ 96%] PASSED tests/physics/test_added_mass.py::test_wet_from_ratios_shape_mismatch 
tests/physics/test_penalty.py::test_compute_penalty_zero_outside_band 
[gw1] [100%] PASSED tests/physics/test_penalty.py::test_compute_penalty_zero_outside_band 

=============================== warnings summary ===============================
.venv/lib/python3.13/site-packages/_pytest/cacheprovider.py:469
  /home/t1dde/Duty/projects/eigenfrequencies/.venv/lib/python3.13/site-packages/_pytest/cacheprovider.py:469: PytestCacheWarning: cache could not write path /home/t1dde/Duty/projects/eigenfrequencies/.pytest_cache/v/cache/nodeids: [Errno 13] Permission denied: '/home/t1dde/Duty/projects/eigenfrequencies/.pytest_cache/v/cache/nodeids'
    config.cache.set("cache/nodeids", sorted(self.cached_nodeids))

-- Docs: https://docs.pytest.org/en/stable/how-to/capture-warnings.html
======================== 33 passed, 1 warning in 2.30s =========================
